Archive member included to satisfy reference by file (symbol)

G:\My Drive\MisArchivos\UTN\Informatica II\C\Librerias\infotroniclibrary_lpc845\Debug_Stick_LPC845\libInfotronicLibrary_LPC845.a(TimerSysTick.o)
                              ./source/main.o (TIMER_Systick_Init)
G:\My Drive\MisArchivos\UTN\Informatica II\C\Librerias\infotroniclibrary_lpc845\Debug_Stick_LPC845\libInfotronicLibrary_LPC845.a(SerialPort.o)
                              ./source/main.o (SerialPort_Init)
G:\My Drive\MisArchivos\UTN\Informatica II\C\Librerias\infotroniclibrary_lpc845\Debug_Stick_LPC845\libInfotronicLibrary_LPC845.a(Rgb.o)
                              ./source/main.o (Rgb_Init)
G:\My Drive\MisArchivos\UTN\Informatica II\C\Librerias\infotroniclibrary_lpc845\Debug_Stick_LPC845\libInfotronicLibrary_LPC845.a(Gpio.o)
                              G:\My Drive\MisArchivos\UTN\Informatica II\C\Librerias\infotroniclibrary_lpc845\Debug_Stick_LPC845\libInfotronicLibrary_LPC845.a(Rgb.o) (Gpio_Init)
G:\My Drive\MisArchivos\UTN\Informatica II\C\Librerias\infotroniclibrary_lpc845\Debug_Stick_LPC845\libInfotronicLibrary_LPC845.a(Pin.o)
                              G:\My Drive\MisArchivos\UTN\Informatica II\C\Librerias\infotroniclibrary_lpc845\Debug_Stick_LPC845\libInfotronicLibrary_LPC845.a(Gpio.o) (Pin_Config)
G:\My Drive\MisArchivos\UTN\Informatica II\C\Librerias\infotroniclibrary_lpc845\Debug_Stick_LPC845\libInfotronicLibrary_LPC845.a(Keyboard.o)
                              ./source/main.o (Keyboard_Init)
G:\My Drive\MisArchivos\UTN\Informatica II\C\Librerias\infotroniclibrary_lpc845\Debug_Stick_LPC845\libInfotronicLibrary_LPC845.a(Debug.o)
                              G:\My Drive\MisArchivos\UTN\Informatica II\C\Librerias\infotroniclibrary_lpc845\Debug_Stick_LPC845\libInfotronicLibrary_LPC845.a(Gpio.o) (Debug_CheckFailed)
G:\My Drive\MisArchivos\UTN\Informatica II\C\Librerias\infotroniclibrary_lpc845\Debug_Stick_LPC845\libInfotronicLibrary_LPC845.a(StandardKeyboardDriver.o)
                              G:\My Drive\MisArchivos\UTN\Informatica II\C\Librerias\infotroniclibrary_lpc845\Debug_Stick_LPC845\libInfotronicLibrary_LPC845.a(Keyboard.o) (StandardKeyboardDriver_Init)
G:\My Drive\MisArchivos\UTN\Informatica II\C\Librerias\infotroniclibrary_lpc845\Debug_Stick_LPC845\libInfotronicLibrary_LPC845.a(MatrixKeyboardDriver.o)
                              G:\My Drive\MisArchivos\UTN\Informatica II\C\Librerias\infotroniclibrary_lpc845\Debug_Stick_LPC845\libInfotronicLibrary_LPC845.a(Keyboard.o) (MatrixKeyboardDriver_Init)
c:/nxp/mcuxpressoide_11.4.1_6260/ide/plugins/com.nxp.mcuxpresso.tools.win32_11.4.0.202103011116/tools/bin/../lib/gcc/arm-none-eabi/10.2.1/../../../../arm-none-eabi/lib/thumb/v6-m/nofp\libcr_semihost_nf.a(__ciob.o)
                              ./funciones/Rsa.o (__Ciob)
c:/nxp/mcuxpressoide_11.4.1_6260/ide/plugins/com.nxp.mcuxpresso.tools.win32_11.4.0.202103011116/tools/bin/../lib/gcc/arm-none-eabi/10.2.1/../../../../arm-none-eabi/lib/thumb/v6-m/nofp\libcr_semihost_nf.a(_cr__main.o)
                              ./startup/startup_lpc845.o (__main)
c:/nxp/mcuxpressoide_11.4.1_6260/ide/plugins/com.nxp.mcuxpresso.tools.win32_11.4.0.202103011116/tools/bin/../lib/gcc/arm-none-eabi/10.2.1/../../../../arm-none-eabi/lib/thumb/v6-m/nofp\libcr_semihost_nf.a(_cr_assert.o)
                              ./drivers/fsl_clock.o (__assertion_failed)
c:/nxp/mcuxpressoide_11.4.1_6260/ide/plugins/com.nxp.mcuxpresso.tools.win32_11.4.0.202103011116/tools/bin/../lib/gcc/arm-none-eabi/10.2.1/../../../../arm-none-eabi/lib/thumb/v6-m/nofp\libcr_semihost_nf.a(__sys_appexit.o)
                              c:/nxp/mcuxpressoide_11.4.1_6260/ide/plugins/com.nxp.mcuxpresso.tools.win32_11.4.0.202103011116/tools/bin/../lib/gcc/arm-none-eabi/10.2.1/../../../../arm-none-eabi/lib/thumb/v6-m/nofp\libcr_semihost_nf.a(_cr_assert.o) (__sys_appexit)
c:/nxp/mcuxpressoide_11.4.1_6260/ide/plugins/com.nxp.mcuxpresso.tools.win32_11.4.0.202103011116/tools/bin/../lib/gcc/arm-none-eabi/10.2.1/../../../../arm-none-eabi/lib/thumb/v6-m/nofp\libcr_c.a(memcpy.o)
                              G:\My Drive\MisArchivos\UTN\Informatica II\C\Librerias\infotroniclibrary_lpc845\Debug_Stick_LPC845\libInfotronicLibrary_LPC845.a(Pin.o) (memcpy)
c:/nxp/mcuxpressoide_11.4.1_6260/ide/plugins/com.nxp.mcuxpresso.tools.win32_11.4.0.202103011116/tools/bin/../lib/gcc/arm-none-eabi/10.2.1/../../../../arm-none-eabi/lib/thumb/v6-m/nofp\libcr_c.a(memset.o)
                              ./funciones/TramaMe.o (memset)
c:/nxp/mcuxpressoide_11.4.1_6260/ide/plugins/com.nxp.mcuxpresso.tools.win32_11.4.0.202103011116/tools/bin/../lib/gcc/arm-none-eabi/10.2.1/../../../../arm-none-eabi/lib/thumb/v6-m/nofp\libcr_c.a(_deferredlazyseek.o)
                              c:/nxp/mcuxpressoide_11.4.1_6260/ide/plugins/com.nxp.mcuxpresso.tools.win32_11.4.0.202103011116/tools/bin/../lib/gcc/arm-none-eabi/10.2.1/../../../../arm-none-eabi/lib/thumb/v6-m/nofp\libcr_semihost_nf.a(_cr_assert.o) (__flsbuf)
[...]
Memory Configuration

Name             Origin             Length             Attributes
PROGRAM_FLASH    0x00000000         0x00010000         xr
SRAM             0x10000000         0x00003fe0         xrw
IAP_SRAM         0x10003fe0         0x00000020         xrw
*default*        0x00000000         0xffffffff

Linker script and memory map

LOAD ./startup/startup_lpc845.o
LOAD ./source/main.o
LOAD ./source/mtb.o
LOAD ./source/semihost_hardfault.o
LOAD ./funciones/Aes.o
LOAD ./funciones/CryptoUtilities.o
LOAD ./funciones/Flash.o
LOAD ./funciones/MainMe.o
LOAD ./funciones/Rsa.o
LOAD ./funciones/TramaMe.o
LOAD ./funciones/Utilities.o
LOAD ./drivers/fsl_clock.o
LOAD ./drivers/fsl_common.o
LOAD ./drivers/fsl_common_arm.o
LOAD ./drivers/fsl_gpio.o
LOAD ./drivers/fsl_iap.o
LOAD ./drivers/fsl_inputmux.o
LOAD ./drivers/fsl_power.o
LOAD ./drivers/fsl_reset.o
LOAD ./drivers/fsl_swm.o
LOAD ./drivers/fsl_syscon.o
LOAD ./drivers/fsl_usart.o
LOAD ./device/system_LPC845.o
LOAD ./component/uart/fsl_adapter_miniusart.o
LOAD ./board/board.o
LOAD ./board/clock_config.o
LOAD ./board/pin_mux.o
LOAD G:\My Drive\MisArchivos\UTN\Informatica II\C\Librerias\infotroniclibrary_lpc845\Debug_Stick_LPC845\libInfotronicLibrary_LPC845.a
START GROUP
LOAD c:/nxp/mcuxpressoide_11.4.1_6260/ide/plugins/com.nxp.mcuxpresso.tools.win32_11.4.0.202103011116/tools/bin/../lib/gcc/arm-none-eabi/10.2.1/../../../../arm-none-eabi/lib/thumb/v6-m/nofp\libcr_semihost_nf.a
LOAD c:/nxp/mcuxpressoide_11.4.1_6260/ide/plugins/com.nxp.mcuxpresso.tools.win32_11.4.0.202103011116/tools/bin/../lib/gcc/arm-none-eabi/10.2.1/../../../../arm-none-eabi/lib/thumb/v6-m/nofp\libcr_c.a
LOAD c:/nxp/mcuxpressoide_11.4.1_6260/ide/plugins/com.nxp.mcuxpresso.tools.win32_11.4.0.202103011116/tools/bin/../lib/gcc/arm-none-eabi/10.2.1/thumb/v6-m/nofp\libcr_eabihelpers.a
LOAD c:/nxp/mcuxpressoide_11.4.1_6260/ide/plugins/com.nxp.mcuxpresso.tools.win32_11.4.0.202103011116/tools/bin/../lib/gcc/arm-none-eabi/10.2.1/thumb/v6-m/nofp\libgcc.a
END GROUP
                0x00000000                __base_PROGRAM_FLASH = 0x0
                0x00000000                __base_Flash = 0x0
                0x00010000                __top_PROGRAM_FLASH = 0x10000
                0x00010000                __top_Flash = 0x10000
                0x10000000                __base_SRAM = 0x10000000
                0x10000000                __base_RAM = 0x10000000
                0x10003fe0                __top_SRAM = 0x10003fe0
                0x10003fe0                __top_RAM = 0x10003fe0
                0x10003fe0                __base_IAP_SRAM = 0x10003fe0
                0x10003fe0                __base_RAM2 = 0x10003fe0
                0x10004000                __top_IAP_SRAM = 0x10004000
                0x10004000                __top_RAM2 = 0x10004000

.text           0x00000000     0x604c
 FILL mask 0xff
                0x00000000                __vectors_start__ = ABSOLUTE (.)
 *(SORT_BY_ALIGNMENT(.isr_vector))
 .isr_vector    0x00000000       0xc0 ./startup/startup_lpc845.o
                0x00000000                g_pfnVectors
                0x00000000                __Vectors
                0x000000c0                . = ALIGN (0x4)
                0x000000c0                __section_table_start = .
                0x000000c0                __data_section_table = .
                0x000000c0        0x4 LONG 0x604c LOADADDR (.data)
                0x000000c4        0x4 LONG 0x10000080 ADDR (.data)
                0x000000c8        0x4 LONG 0x30 SIZEOF (.data)
                0x000000cc        0x4 LONG 0x604c LOADADDR (.data_RAM2)
                0x000000d0        0x4 LONG 0x10003fe0 ADDR (.data_RAM2)
                0x000000d4        0x4 LONG 0x0 SIZEOF (.data_RAM2)
                0x000000d8                __data_section_table_end = .
                0x000000d8                __bss_section_table = .
                0x000000d8        0x4 LONG 0x100000b0 ADDR (.bss)
                0x000000dc        0x4 LONG 0x580 SIZEOF (.bss)
                0x000000e0        0x4 LONG 0x10003fe0 ADDR (.bss_RAM2)
                0x000000e4        0x4 LONG 0x0 SIZEOF (.bss_RAM2)
                0x000000e8                __bss_section_table_end = .
                0x000000e8                __section_table_end = .
 *(SORT_BY_ALIGNMENT(.after_vectors*))
 .after_vectors.reset
                0x000000e8       0x54 ./startup/startup_lpc845.o
                0x000000e8                ResetISR
 .after_vectors.init_data
                0x0000013c       0x12 ./startup/startup_lpc845.o
                0x0000013c                data_init
 .after_vectors.init_bss
                0x0000014e       0x10 ./startup/startup_lpc845.o
                0x0000014e                bss_init
 .after_vectors
                0x0000015e      0x10c ./startup/startup_lpc845.o
                0x0000015e                NMI_Handler
                0x00000162                SVC_Handler
                0x00000164                PendSV_Handler
                0x00000168                BOD_DriverIRQHandler
                0x00000168                SPI1_DriverIRQHandler
                0x00000168                I2C0_DriverIRQHandler
                0x00000168                SCT0_DriverIRQHandler
                0x00000168                DMA0_DriverIRQHandler
                0x00000168                ADC0_OVR_DriverIRQHandler
                0x00000168                I2C1_DriverIRQHandler
                0x00000168                I2C3_DriverIRQHandler
                0x00000168                PIN_INT1_DriverIRQHandler
                0x00000168                PIN_INT3_DriverIRQHandler
                0x00000168                PIN_INT5_DAC1_DriverIRQHandler
                0x00000168                PIN_INT2_DriverIRQHandler
                0x00000168                WDT_DriverIRQHandler
                0x00000168                I2C2_DriverIRQHandler
                0x00000168                PIN_INT0_DriverIRQHandler
                0x00000168                CTIMER0_DriverIRQHandler
                0x00000168                ADC0_SEQB_DriverIRQHandler
                0x00000168                IntDefaultHandler
                0x00000168                FLASH_DriverIRQHandler
                0x00000168                WKT_DriverIRQHandler
                0x00000168                DAC0_DriverIRQHandler
                0x00000168                MRT0_DriverIRQHandler
                0x00000168                PIN_INT4_DriverIRQHandler
                0x00000168                SPI0_DriverIRQHandler
                0x00000168                CMP_CAPT_DriverIRQHandler
                0x00000168                ADC0_THCMP_DriverIRQHandler
                0x00000168                ADC0_SEQA_DriverIRQHandler
                0x00000168                Reserved22_DriverIRQHandler
                0x0000016a                SPI0_IRQHandler
                0x00000172                SPI1_IRQHandler
                0x0000017a                DAC0_IRQHandler
                0x00000182                USART0_IRQHandler
                0x0000018a                USART1_IRQHandler
                0x00000192                USART2_IRQHandler
                0x0000019a                Reserved22_IRQHandler
                0x000001a2                I2C1_IRQHandler
                0x000001aa                I2C0_IRQHandler
                0x000001b2                SCT0_IRQHandler
                0x000001ba                MRT0_IRQHandler
                0x000001c2                CMP_CAPT_IRQHandler
                0x000001ca                WDT_IRQHandler
                0x000001d2                BOD_IRQHandler
                0x000001da                FLASH_IRQHandler
                0x000001e2                WKT_IRQHandler
                0x000001ea                ADC0_SEQA_IRQHandler
                0x000001f2                ADC0_SEQB_IRQHandler
                0x000001fa                ADC0_THCMP_IRQHandler
                0x00000202                ADC0_OVR_IRQHandler
                0x0000020a                DMA0_IRQHandler
                0x00000212                I2C2_IRQHandler
                0x0000021a                I2C3_IRQHandler
                0x00000222                CTIMER0_IRQHandler
                0x0000022a                PIN_INT0_IRQHandler
                0x00000232                PIN_INT1_IRQHandler
                0x0000023a                PIN_INT2_IRQHandler
                0x00000242                PIN_INT3_IRQHandler
                0x0000024a                PIN_INT4_IRQHandler
                0x00000252                PIN_INT5_DAC1_IRQHandler
                0x0000025a                PIN_INT6_USART3_IRQHandler
                0x00000262                PIN_INT7_USART4_IRQHandler
                0x000002fc                . = 0x2fc
 *fill*         0x0000026a       0x92 ff
                0x000002fc                PROVIDE (__CRP_WORD_START__ = .)
 *(SORT_BY_ALIGNMENT(.crp))
 .crp           0x000002fc        0x4 ./startup/startup_lpc845.o
                0x000002fc                CRP_WORD
                0x00000300                PROVIDE (__CRP_WORD_END__ = .)
                0x00000001                ASSERT (! ((__CRP_WORD_START__ == __CRP_WORD_END__)), Linker CRP Enabled, but no CRP_WORD provided within application)
 *(SORT_BY_ALIGNMENT(.text*))
 .text.HardFault_Handler
                0x00000300       0x30 ./source/semihost_hardfault.o
                0x00000300                HardFault_Handler
 .text.Crypto_GetPublicKey
                0x00000330       0x14 ./funciones/CryptoUtilities.o
                0x00000330                Crypto_GetPublicKey
 .text.MainMe_Update
                0x00000344      0x130 ./funciones/MainMe.o
                0x00000344                MainMe_Update
 .text.ResetState
                0x00000474       0x14 ./funciones/MainMe.o
 .text.TramaMe_Update
                0x00000488       0xe0 ./funciones/TramaMe.o
                0x00000488                TramaMe_Update
 .text.TramaMe_GetCommandAvailable
                0x00000568       0x50 ./funciones/TramaMe.o
                0x00000568                TramaMe_GetCommandAvailable
 .text.TramaMe_IsDataAvailable
                0x000005b8       0x30 ./funciones/TramaMe.o
                0x000005b8                TramaMe_IsDataAvailable
 .text.EndReception
                0x000005e8       0x78 ./funciones/TramaMe.o
 .text.ResetTimer
                0x00000660       0x24 ./funciones/TramaMe.o
 .text.AlertConfirmationOK
                0x00000684       0x38 ./funciones/Utilities.o
                0x00000684                AlertConfirmationOK
 .text.CLOCK_GetCoreSysClkFreq
                0x000006bc       0x24 ./drivers/fsl_clock.o
 .text.CLOCK_GetSystemPLLFreq
                0x000006e0       0x20 ./drivers/fsl_clock.o
 .text.CLOCK_GetWdtOscFreq
                0x00000700       0x14 ./drivers/fsl_clock.o
 .text.CLOCK_GetExtClkFreq
                0x00000714       0x14 ./drivers/fsl_clock.o
 .text.CLOCK_UpdateClkSrc
                0x00000728       0x4c ./drivers/fsl_clock.o
 .text.CLOCK_GetFRG0ClkFreq
                0x00000774       0x64 ./drivers/fsl_clock.o
                0x00000774                CLOCK_GetFRG0ClkFreq
 .text.CLOCK_GetFRG1ClkFreq
                0x000007d8       0x64 ./drivers/fsl_clock.o
                0x000007d8                CLOCK_GetFRG1ClkFreq
 .text.CLOCK_GetMainClkFreq
                0x0000083c       0x78 ./drivers/fsl_clock.o
                0x0000083c                CLOCK_GetMainClkFreq
 .text.CLOCK_GetFroFreq
                0x000008b4       0x78 ./drivers/fsl_clock.o
                0x000008b4                CLOCK_GetFroFreq
 .text.CLOCK_GetFreq
                0x0000092c       0x90 ./drivers/fsl_clock.o
                0x0000092c                CLOCK_GetFreq
 .text.CLOCK_GetSystemPLLInClockRate
                0x000009bc       0x64 ./drivers/fsl_clock.o
                0x000009bc                CLOCK_GetSystemPLLInClockRate
 .text.CLOCK_SetMainClkSrc
                0x00000a20       0x9c ./drivers/fsl_clock.o
                0x00000a20                CLOCK_SetMainClkSrc
 .text.CLOCK_SetFroOutClkSrc
                0x00000abc       0x48 ./drivers/fsl_clock.o
                0x00000abc                CLOCK_SetFroOutClkSrc
 .text.CLOCK_EnableClock
                0x00000b04       0x54 ./drivers/fsl_gpio.o
 .text.GPIO_EnablePortClock
                0x00000b58       0x38 ./drivers/fsl_gpio.o
 .text.RESET_SetPeripheralReset
                0x00000b90       0x70 ./drivers/fsl_reset.o
 .text.RESET_ClearPeripheralReset
                0x00000c00       0x6c ./drivers/fsl_reset.o
 .text.SWM_SetMovablePinSelect
                0x00000c6c       0x98 ./drivers/fsl_swm.o
                0x00000c6c                SWM_SetMovablePinSelect
 .text.__NVIC_EnableIRQ
                0x00000d04       0x34 ./drivers/fsl_usart.o
 .text.CLOCK_EnableClock
                0x00000d38       0x54 ./drivers/fsl_usart.o
 .text.USART_EnableContinuousSCLK
                0x00000d8c       0x40 ./drivers/fsl_usart.o
 .text.USART_GetInstance
                0x00000dcc       0x4c ./drivers/fsl_usart.o
                0x00000dcc                USART_GetInstance
 .text.USART_TransferGetRxRingBufferLength
                0x00000e18       0x6c ./drivers/fsl_usart.o
                0x00000e18                USART_TransferGetRxRingBufferLength
 .text.USART_TransferIsRxRingBufferFull
                0x00000e84       0x58 ./drivers/fsl_usart.o
 .text.USART_TransferStartRingBuffer
                0x00000edc       0x74 ./drivers/fsl_usart.o
                0x00000edc                USART_TransferStartRingBuffer
 .text.USART_Init
                0x00000f50      0x12c ./drivers/fsl_usart.o
                0x00000f50                USART_Init
 .text.USART_GetDefaultConfig
                0x0000107c       0x74 ./drivers/fsl_usart.o
                0x0000107c                USART_GetDefaultConfig
 .text.USART_SetBaudRate
                0x000010f0      0x148 ./drivers/fsl_usart.o
                0x000010f0                USART_SetBaudRate
 .text.USART_TransferCreateHandle
                0x00001238       0x98 ./drivers/fsl_usart.o
                0x00001238                USART_TransferCreateHandle
 .text.USART_TransferSendNonBlocking
                0x000012d0       0x9c ./drivers/fsl_usart.o
                0x000012d0                USART_TransferSendNonBlocking
 .text.USART_TransferReceiveNonBlocking
                0x0000136c      0x19c ./drivers/fsl_usart.o
                0x0000136c                USART_TransferReceiveNonBlocking
 .text.USART_TransferHandleIRQ
                0x00001508      0x230 ./drivers/fsl_usart.o
                0x00001508                USART_TransferHandleIRQ
 .text.USART0_DriverIRQHandler
                0x00001738       0x24 ./drivers/fsl_usart.o
                0x00001738                USART0_DriverIRQHandler
 .text.USART1_DriverIRQHandler
                0x0000175c       0x24 ./drivers/fsl_usart.o
                0x0000175c                USART1_DriverIRQHandler
 .text.USART2_DriverIRQHandler
                0x00001780       0x24 ./drivers/fsl_usart.o
                0x00001780                USART2_DriverIRQHandler
 .text.PIN_INT6_USART3_DriverIRQHandler
                0x000017a4       0x24 ./drivers/fsl_usart.o
                0x000017a4                PIN_INT6_USART3_DriverIRQHandler
 .text.PIN_INT7_USART4_DriverIRQHandler
                0x000017c8       0x24 ./drivers/fsl_usart.o
                0x000017c8                PIN_INT7_USART4_DriverIRQHandler
 .text.SystemInit
                0x000017ec       0x2c ./device/system_LPC845.o
                0x000017ec                SystemInit
 .text.CLOCK_Select
                0x00001818       0x38 ./board/clock_config.o
 .text.CLOCK_SetCoreSysClkDiv
                0x00001850       0x3c ./board/clock_config.o
 .text.CLOCK_SetFroOscFreq
                0x0000188c       0x24 ./board/clock_config.o
 .text.POWER_DisablePD
                0x000018b0       0x2c ./board/clock_config.o
 .text.BOARD_BootClockFRO18M
                0x000018dc       0x58 ./board/clock_config.o
                0x000018dc                BOARD_BootClockFRO18M
 .text.CLOCK_EnableClock
                0x00001934       0x54 ./board/pin_mux.o
 .text.CLOCK_DisableClock
                0x00001988       0x58 ./board/pin_mux.o
 .text.BOARD_InitPins
                0x000019e0       0x60 ./board/pin_mux.o
                0x000019e0                BOARD_InitPins
 .text.__NVIC_SetPriority
                0x00001a40       0xdc G:\My Drive\MisArchivos\UTN\Informatica II\C\Librerias\infotroniclibrary_lpc845\Debug_Stick_LPC845\libInfotronicLibrary_LPC845.a(TimerSysTick.o)
 .text.SysTick_Config
                0x00001b1c       0x48 G:\My Drive\MisArchivos\UTN\Informatica II\C\Librerias\infotroniclibrary_lpc845\Debug_Stick_LPC845\libInfotronicLibrary_LPC845.a(TimerSysTick.o)
 .text.TIMER_Systick_Init
                0x00001b64       0x24 G:\My Drive\MisArchivos\UTN\Informatica II\C\Librerias\infotroniclibrary_lpc845\Debug_Stick_LPC845\libInfotronicLibrary_LPC845.a(TimerSysTick.o)
                0x00001b64                TIMER_Systick_Init
 .text.TIMER_Start
                0x00001b88       0xd8 G:\My Drive\MisArchivos\UTN\Informatica II\C\Librerias\infotroniclibrary_lpc845\Debug_Stick_LPC845\libInfotronicLibrary_LPC845.a(TimerSysTick.o)
                0x00001b88                TIMER_Start
 .text.TIMER_Stop
                0x00001c60       0x7c G:\My Drive\MisArchivos\UTN\Informatica II\C\Librerias\infotroniclibrary_lpc845\Debug_Stick_LPC845\libInfotronicLibrary_LPC845.a(TimerSysTick.o)
                0x00001c60                TIMER_Stop
 .text.TIMER_ProcessEvent
                0x00001cdc       0xdc G:\My Drive\MisArchivos\UTN\Informatica II\C\Librerias\infotroniclibrary_lpc845\Debug_Stick_LPC845\libInfotronicLibrary_LPC845.a(TimerSysTick.o)
                0x00001cdc                TIMER_ProcessEvent
 .text.timer_Check_Validity_Start
                0x00001db8       0x60 G:\My Drive\MisArchivos\UTN\Informatica II\C\Librerias\infotroniclibrary_lpc845\Debug_Stick_LPC845\libInfotronicLibrary_LPC845.a(TimerSysTick.o)
 .text.SysTick_Handler
                0x00001e18       0x18 G:\My Drive\MisArchivos\UTN\Informatica II\C\Librerias\infotroniclibrary_lpc845\Debug_Stick_LPC845\libInfotronicLibrary_LPC845.a(TimerSysTick.o)
                0x00001e18                SysTick_Handler
 .text.CLOCK_Select
                0x00001e30       0x38 G:\My Drive\MisArchivos\UTN\Informatica II\C\Librerias\infotroniclibrary_lpc845\Debug_Stick_LPC845\libInfotronicLibrary_LPC845.a(SerialPort.o)
 .text.SerialPort_Init
                0x00001e68      0x1a0 G:\My Drive\MisArchivos\UTN\Informatica II\C\Librerias\infotroniclibrary_lpc845\Debug_Stick_LPC845\libInfotronicLibrary_LPC845.a(SerialPort.o)
                0x00001e68                SerialPort_Init
 .text.SerialPort_GetByte
                0x00002008       0x7c G:\My Drive\MisArchivos\UTN\Informatica II\C\Librerias\infotroniclibrary_lpc845\Debug_Stick_LPC845\libInfotronicLibrary_LPC845.a(SerialPort.o)
                0x00002008                SerialPort_GetByte
 .text.SerialPort_Send
                0x00002084       0x9c G:\My Drive\MisArchivos\UTN\Informatica II\C\Librerias\infotroniclibrary_lpc845\Debug_Stick_LPC845\libInfotronicLibrary_LPC845.a(SerialPort.o)
                0x00002084                SerialPort_Send
 .text.SerialPort_IsByteAvailable
                0x00002120       0x48 G:\My Drive\MisArchivos\UTN\Informatica II\C\Librerias\infotroniclibrary_lpc845\Debug_Stick_LPC845\libInfotronicLibrary_LPC845.a(SerialPort.o)
                0x00002120                SerialPort_IsByteAvailable
 .text.Rgb_Init
                0x00002168       0x48 G:\My Drive\MisArchivos\UTN\Informatica II\C\Librerias\infotroniclibrary_lpc845\Debug_Stick_LPC845\libInfotronicLibrary_LPC845.a(Rgb.o)
                0x00002168                Rgb_Init
 .text.Rgb_SetState
                0x000021b0       0x64 G:\My Drive\MisArchivos\UTN\Informatica II\C\Librerias\infotroniclibrary_lpc845\Debug_Stick_LPC845\libInfotronicLibrary_LPC845.a(Rgb.o)
                0x000021b0                Rgb_SetState
 .text.Gpio_SetPin
                0x00002214       0x4c G:\My Drive\MisArchivos\UTN\Informatica II\C\Librerias\infotroniclibrary_lpc845\Debug_Stick_LPC845\libInfotronicLibrary_LPC845.a(Gpio.o)
                0x00002214                Gpio_SetPin
 .text.Gpio_ClrPin
                0x00002260       0x4c G:\My Drive\MisArchivos\UTN\Informatica II\C\Librerias\infotroniclibrary_lpc845\Debug_Stick_LPC845\libInfotronicLibrary_LPC845.a(Gpio.o)
                0x00002260                Gpio_ClrPin
 .text.Gpio_GetPinValue
                0x000022ac       0x58 G:\My Drive\MisArchivos\UTN\Informatica II\C\Librerias\infotroniclibrary_lpc845\Debug_Stick_LPC845\libInfotronicLibrary_LPC845.a(Gpio.o)
                0x000022ac                Gpio_GetPinValue
 .text.CLOCK_EnableClock
                0x00002304       0x54 G:\My Drive\MisArchivos\UTN\Informatica II\C\Librerias\infotroniclibrary_lpc845\Debug_Stick_LPC845\libInfotronicLibrary_LPC845.a(Pin.o)
 .text.CLOCK_DisableClock
                0x00002358       0x58 G:\My Drive\MisArchivos\UTN\Informatica II\C\Librerias\infotroniclibrary_lpc845\Debug_Stick_LPC845\libInfotronicLibrary_LPC845.a(Pin.o)
 .text.Pin_Config
                0x000023b0       0x4c G:\My Drive\MisArchivos\UTN\Informatica II\C\Librerias\infotroniclibrary_lpc845\Debug_Stick_LPC845\libInfotronicLibrary_LPC845.a(Pin.o)
                0x000023b0                Pin_Config
 .text.GetIoNum
                0x000023fc       0x40 G:\My Drive\MisArchivos\UTN\Informatica II\C\Librerias\infotroniclibrary_lpc845\Debug_Stick_LPC845\libInfotronicLibrary_LPC845.a(Pin.o)
 .text.Keyboard_Init
                0x0000243c       0xb0 G:\My Drive\MisArchivos\UTN\Informatica II\C\Librerias\infotroniclibrary_lpc845\Debug_Stick_LPC845\libInfotronicLibrary_LPC845.a(Keyboard.o)
                0x0000243c                Keyboard_Init
 .text.Keyboard_GetKey
                0x000024ec       0x38 G:\My Drive\MisArchivos\UTN\Informatica II\C\Librerias\infotroniclibrary_lpc845\Debug_Stick_LPC845\libInfotronicLibrary_LPC845.a(Keyboard.o)
                0x000024ec                Keyboard_GetKey
 .text.Keyboard_Update
                0x00002524       0x9c G:\My Drive\MisArchivos\UTN\Informatica II\C\Librerias\infotroniclibrary_lpc845\Debug_Stick_LPC845\libInfotronicLibrary_LPC845.a(Keyboard.o)
                0x00002524                Keyboard_Update
 .text.KeyboardDriver_Update
                0x000025c0       0x30 G:\My Drive\MisArchivos\UTN\Informatica II\C\Librerias\infotroniclibrary_lpc845\Debug_Stick_LPC845\libInfotronicLibrary_LPC845.a(Keyboard.o)
 .text.KeyboardDriver_GetKeyboardState
                0x000025f0       0x74 G:\My Drive\MisArchivos\UTN\Informatica II\C\Librerias\infotroniclibrary_lpc845\Debug_Stick_LPC845\libInfotronicLibrary_LPC845.a(Keyboard.o)
 .text.StandardKeyboardDriver_Init
                0x00002664       0x3c G:\My Drive\MisArchivos\UTN\Informatica II\C\Librerias\infotroniclibrary_lpc845\Debug_Stick_LPC845\libInfotronicLibrary_LPC845.a(StandardKeyboardDriver.o)
                0x00002664                StandardKeyboardDriver_Init
 .text.StandardKeyboardDriver_GetKeyboardState
                0x000026a0       0x14 G:\My Drive\MisArchivos\UTN\Informatica II\C\Librerias\infotroniclibrary_lpc845\Debug_Stick_LPC845\libInfotronicLibrary_LPC845.a(StandardKeyboardDriver.o)
                0x000026a0                StandardKeyboardDriver_GetKeyboardState
 .text.StandardKeyboardDriver_Update
                0x000026b4       0xb4 G:\My Drive\MisArchivos\UTN\Informatica II\C\Librerias\infotroniclibrary_lpc845\Debug_Stick_LPC845\libInfotronicLibrary_LPC845.a(StandardKeyboardDriver.o)
                0x000026b4                StandardKeyboardDriver_Update
 .text.MatrixKeyboardDriver_GetKeyboardState
                0x00002768       0x14 G:\My Drive\MisArchivos\UTN\Informatica II\C\Librerias\infotroniclibrary_lpc845\Debug_Stick_LPC845\libInfotronicLibrary_LPC845.a(MatrixKeyboardDriver.o)
                0x00002768                MatrixKeyboardDriver_GetKeyboardState
 .text.MatrixKeyboardDriver_Update
                0x0000277c       0x60 G:\My Drive\MisArchivos\UTN\Informatica II\C\Librerias\infotroniclibrary_lpc845\Debug_Stick_LPC845\libInfotronicLibrary_LPC845.a(MatrixKeyboardDriver.o)
                0x0000277c                MatrixKeyboardDriver_Update
 .text.__assertion_failed
                0x000027dc       0x4c c:/nxp/mcuxpressoide_11.4.1_6260/ide/plugins/com.nxp.mcuxpresso.tools.win32_11.4.0.202103011116/tools/bin/../lib/gcc/arm-none-eabi/10.2.1/../../../../arm-none-eabi/lib/thumb/v6-m/nofp\libcr_semihost_nf.a(_cr_assert.o)
                0x000027dc                __assertion_failed
 .text.__sys_appexit
                0x00002828        0xc c:/nxp/mcuxpressoide_11.4.1_6260/ide/plugins/com.nxp.mcuxpresso.tools.win32_11.4.0.202103011116/tools/bin/../lib/gcc/arm-none-eabi/10.2.1/../../../../arm-none-eabi/lib/thumb/v6-m/nofp\libcr_semihost_nf.a(__sys_appexit.o)
                0x00002828                __sys_appexit
                0x00002828                __exit
 .text._deferredlazyseek
                0x00002834       0x40 c:/nxp/mcuxpressoide_11.4.1_6260/ide/plugins/com.nxp.mcuxpresso.tools.win32_11.4.0.202103011116/tools/bin/../lib/gcc/arm-none-eabi/10.2.1/../../../../arm-none-eabi/lib/thumb/v6-m/nofp\libcr_c.a(_deferredlazyseek.o)
                0x00002834                _deferredlazyseek
 .text.__flsbuf
                0x00002874      0x150 c:/nxp/mcuxpressoide_11.4.1_6260/ide/plugins/com.nxp.mcuxpresso.tools.win32_11.4.0.202103011116/tools/bin/../lib/gcc/arm-none-eabi/10.2.1/../../../../arm-none-eabi/lib/thumb/v6-m/nofp\libcr_c.a(_deferredlazyseek.o)
                0x00002874                __flsbuf
 .text._fflush  0x000029c4       0x60 c:/nxp/mcuxpressoide_11.4.1_6260/ide/plugins/com.nxp.mcuxpresso.tools.win32_11.4.0.202103011116/tools/bin/../lib/gcc/arm-none-eabi/10.2.1/../../../../arm-none-eabi/lib/thumb/v6-m/nofp\libcr_c.a(_fflush.o)
                0x000029c4                _fflush
 .text._Cwritebuf
                0x00002a24       0x68 c:/nxp/mcuxpressoide_11.4.1_6260/ide/plugins/com.nxp.mcuxpresso.tools.win32_11.4.0.202103011116/tools/bin/../lib/gcc/arm-none-eabi/10.2.1/../../../../arm-none-eabi/lib/thumb/v6-m/nofp\libcr_c.a(_writebuf.o)
                0x00002a24                _Cwritebuf
 .text.malloc   0x00002a8c       0xd0 c:/nxp/mcuxpressoide_11.4.1_6260/ide/plugins/com.nxp.mcuxpresso.tools.win32_11.4.0.202103011116/tools/bin/../lib/gcc/arm-none-eabi/10.2.1/../../../../arm-none-eabi/lib/thumb/v6-m/nofp\libcr_c.a(alloc.o)
                0x00002a8c                malloc
 .text._Csys_alloc
                0x00002b5c       0x20 c:/nxp/mcuxpressoide_11.4.1_6260/ide/plugins/com.nxp.mcuxpresso.tools.win32_11.4.0.202103011116/tools/bin/../lib/gcc/arm-none-eabi/10.2.1/../../../../arm-none-eabi/lib/thumb/v6-m/nofp\libcr_c.a(alloc.o)
                0x00002b5c                _Csys_alloc
 .text.sprintf  0x00002b7c       0x6c c:/nxp/mcuxpressoide_11.4.1_6260/ide/plugins/com.nxp.mcuxpresso.tools.win32_11.4.0.202103011116/tools/bin/../lib/gcc/arm-none-eabi/10.2.1/../../../../arm-none-eabi/lib/thumb/v6-m/nofp\libcr_c.a(fpprintf.o)
                0x00002b7c                sprintf
 .text.fp_display
                0x00002be8      0x97c c:/nxp/mcuxpressoide_11.4.1_6260/ide/plugins/com.nxp.mcuxpresso.tools.win32_11.4.0.202103011116/tools/bin/../lib/gcc/arm-none-eabi/10.2.1/../../../../arm-none-eabi/lib/thumb/v6-m/nofp\libcr_c.a(fpprintf.o)
 .text.vsnprintf
                0x00003564       0x70 c:/nxp/mcuxpressoide_11.4.1_6260/ide/plugins/com.nxp.mcuxpresso.tools.win32_11.4.0.202103011116/tools/bin/../lib/gcc/arm-none-eabi/10.2.1/../../../../arm-none-eabi/lib/thumb/v6-m/nofp\libcr_c.a(fpprintf.o)
                0x00003564                vsnprintf
 .text.printf   0x000035d4       0x50 c:/nxp/mcuxpressoide_11.4.1_6260/ide/plugins/com.nxp.mcuxpresso.tools.win32_11.4.0.202103011116/tools/bin/../lib/gcc/arm-none-eabi/10.2.1/../../../../arm-none-eabi/lib/thumb/v6-m/nofp\libcr_c.a(fpprintf.o)
                0x000035d4                printf
 .text.fseek    0x00003624       0xf0 c:/nxp/mcuxpressoide_11.4.1_6260/ide/plugins/com.nxp.mcuxpresso.tools.win32_11.4.0.202103011116/tools/bin/../lib/gcc/arm-none-eabi/10.2.1/../../../../arm-none-eabi/lib/thumb/v6-m/nofp\libcr_c.a(fseek.o)
                0x00003624                fseek
 .text.ftell    0x00003714       0x48 c:/nxp/mcuxpressoide_11.4.1_6260/ide/plugins/com.nxp.mcuxpresso.tools.win32_11.4.0.202103011116/tools/bin/../lib/gcc/arm-none-eabi/10.2.1/../../../../arm-none-eabi/lib/thumb/v6-m/nofp\libcr_c.a(ftell.o)
                0x00003714                ftell
 .text._initio  0x0000375c       0x7c c:/nxp/mcuxpressoide_11.4.1_6260/ide/plugins/com.nxp.mcuxpresso.tools.win32_11.4.0.202103011116/tools/bin/../lib/gcc/arm-none-eabi/10.2.1/../../../../arm-none-eabi/lib/thumb/v6-m/nofp\libcr_c.a(initio.o)
                0x0000375c                _initio
 .text.__vfprintf
                0x000037d8      0xd40 c:/nxp/mcuxpressoide_11.4.1_6260/ide/plugins/com.nxp.mcuxpresso.tools.win32_11.4.0.202103011116/tools/bin/../lib/gcc/arm-none-eabi/10.2.1/../../../../arm-none-eabi/lib/thumb/v6-m/nofp\libcr_c.a(printf.o)
                0x000037d8                __vfprintf
 .text._vsnprintf
                0x00004518       0x70 c:/nxp/mcuxpressoide_11.4.1_6260/ide/plugins/com.nxp.mcuxpresso.tools.win32_11.4.0.202103011116/tools/bin/../lib/gcc/arm-none-eabi/10.2.1/../../../../arm-none-eabi/lib/thumb/v6-m/nofp\libcr_c.a(printf.o)
                0x00004518                _vsnprintf
 .text._printf  0x00004588       0x50 c:/nxp/mcuxpressoide_11.4.1_6260/ide/plugins/com.nxp.mcuxpresso.tools.win32_11.4.0.202103011116/tools/bin/../lib/gcc/arm-none-eabi/10.2.1/../../../../arm-none-eabi/lib/thumb/v6-m/nofp\libcr_c.a(printf.o)
                0x00004588                _printf
 .text.setvbuf  0x000045d8       0x4c c:/nxp/mcuxpressoide_11.4.1_6260/ide/plugins/com.nxp.mcuxpresso.tools.win32_11.4.0.202103011116/tools/bin/../lib/gcc/arm-none-eabi/10.2.1/../../../../arm-none-eabi/lib/thumb/v6-m/nofp\libcr_c.a(setvbuf.o)
                0x000045d8                setvbuf
 .text.strcpy   0x00004624       0x44 c:/nxp/mcuxpressoide_11.4.1_6260/ide/plugins/com.nxp.mcuxpresso.tools.win32_11.4.0.202103011116/tools/bin/../lib/gcc/arm-none-eabi/10.2.1/../../../../arm-none-eabi/lib/thumb/v6-m/nofp\libcr_c.a(strcpy.o)
                0x00004624                strcpy
 .text.strlen   0x00004668       0x58 c:/nxp/mcuxpressoide_11.4.1_6260/ide/plugins/com.nxp.mcuxpresso.tools.win32_11.4.0.202103011116/tools/bin/../lib/gcc/arm-none-eabi/10.2.1/../../../../arm-none-eabi/lib/thumb/v6-m/nofp\libcr_c.a(strlen.o)
                0x00004668                strlen
 .text._sbrk    0x000046c0       0x44 c:/nxp/mcuxpressoide_11.4.1_6260/ide/plugins/com.nxp.mcuxpresso.tools.win32_11.4.0.202103011116/tools/bin/../lib/gcc/arm-none-eabi/10.2.1/../../../../arm-none-eabi/lib/thumb/v6-m/nofp\libcr_c.a(_cr_sbrk.o)
                0x000046c0                _sbrk
 .text._fdopen  0x00004704       0x74 c:/nxp/mcuxpressoide_11.4.1_6260/ide/plugins/com.nxp.mcuxpresso.tools.win32_11.4.0.202103011116/tools/bin/../lib/gcc/arm-none-eabi/10.2.1/../../../../arm-none-eabi/lib/thumb/v6-m/nofp\libcr_c.a(_fdopen.o)
                0x00004704                _fdopen
 .text._frexpl  0x00004778       0x80 c:/nxp/mcuxpressoide_11.4.1_6260/ide/plugins/com.nxp.mcuxpresso.tools.win32_11.4.0.202103011116/tools/bin/../lib/gcc/arm-none-eabi/10.2.1/../../../../arm-none-eabi/lib/thumb/v6-m/nofp\libcr_c.a(_frexpl.o)
                0x00004778                _frexpl
 .text._ldexpl  0x000047f8       0x58 c:/nxp/mcuxpressoide_11.4.1_6260/ide/plugins/com.nxp.mcuxpresso.tools.win32_11.4.0.202103011116/tools/bin/../lib/gcc/arm-none-eabi/10.2.1/../../../../arm-none-eabi/lib/thumb/v6-m/nofp\libcr_c.a(_ldexpl.o)
                0x000047f8                _ldexpl
 .text.fclose   0x00004850       0x5c c:/nxp/mcuxpressoide_11.4.1_6260/ide/plugins/com.nxp.mcuxpresso.tools.win32_11.4.0.202103011116/tools/bin/../lib/gcc/arm-none-eabi/10.2.1/../../../../arm-none-eabi/lib/thumb/v6-m/nofp\libcr_c.a(fclose.o)
                0x00004850                fclose
 .text.fflush   0x000048ac       0x44 c:/nxp/mcuxpressoide_11.4.1_6260/ide/plugins/com.nxp.mcuxpresso.tools.win32_11.4.0.202103011116/tools/bin/../lib/gcc/arm-none-eabi/10.2.1/../../../../arm-none-eabi/lib/thumb/v6-m/nofp\libcr_c.a(fflush.o)
                0x000048ac                fflush
 .text.__check_heap_overflow
                0x000048f0       0x18 c:/nxp/mcuxpressoide_11.4.1_6260/ide/plugins/com.nxp.mcuxpresso.tools.win32_11.4.0.202103011116/tools/bin/../lib/gcc/arm-none-eabi/10.2.1/../../../../arm-none-eabi/lib/thumb/v6-m/nofp\libcr_c.a(_cr_check_heap.o)
                0x000048f0                __check_heap_overflow
 .text._do_fflush
                0x00004908       0x48 c:/nxp/mcuxpressoide_11.4.1_6260/ide/plugins/com.nxp.mcuxpresso.tools.win32_11.4.0.202103011116/tools/bin/../lib/gcc/arm-none-eabi/10.2.1/../../../../arm-none-eabi/lib/thumb/v6-m/nofp\libcr_c.a(_do_fflush.o)
                0x00004908                _do_fflush
 .text.__aeabi_dmul
                0x00004950      0x184 c:/nxp/mcuxpressoide_11.4.1_6260/ide/plugins/com.nxp.mcuxpresso.tools.win32_11.4.0.202103011116/tools/bin/../lib/gcc/arm-none-eabi/10.2.1/thumb/v6-m/nofp\libcr_eabihelpers.a(double.o)
                0x00004950                __aeabi_dmul
 .text.__aeabi_ddiv
                0x00004ad4      0x14c c:/nxp/mcuxpressoide_11.4.1_6260/ide/plugins/com.nxp.mcuxpresso.tools.win32_11.4.0.202103011116/tools/bin/../lib/gcc/arm-none-eabi/10.2.1/thumb/v6-m/nofp\libcr_eabihelpers.a(double.o)
                0x00004ad4                __aeabi_ddiv
 .text.__aeabi_dsub
                0x00004c20      0x1c0 c:/nxp/mcuxpressoide_11.4.1_6260/ide/plugins/com.nxp.mcuxpresso.tools.win32_11.4.0.202103011116/tools/bin/../lib/gcc/arm-none-eabi/10.2.1/thumb/v6-m/nofp\libcr_eabihelpers.a(double.o)
                0x00004c20                __aeabi_dsub
 .text.__aeabi_dadd
                0x00004de0      0x134 c:/nxp/mcuxpressoide_11.4.1_6260/ide/plugins/com.nxp.mcuxpresso.tools.win32_11.4.0.202103011116/tools/bin/../lib/gcc/arm-none-eabi/10.2.1/thumb/v6-m/nofp\libcr_eabihelpers.a(double.o)
                0x00004de0                __aeabi_dadd
 .text.__aeabi_d2iz
                0x00004f14       0x50 c:/nxp/mcuxpressoide_11.4.1_6260/ide/plugins/com.nxp.mcuxpresso.tools.win32_11.4.0.202103011116/tools/bin/../lib/gcc/arm-none-eabi/10.2.1/thumb/v6-m/nofp\libcr_eabihelpers.a(double.o)
                0x00004f14                __aeabi_d2iz
 .text.__aeabi_dcmpeq
                0x00004f64       0x30 c:/nxp/mcuxpressoide_11.4.1_6260/ide/plugins/com.nxp.mcuxpresso.tools.win32_11.4.0.202103011116/tools/bin/../lib/gcc/arm-none-eabi/10.2.1/thumb/v6-m/nofp\libcr_eabihelpers.a(double.o)
                0x00004f64                __aeabi_dcmpeq
 .text.__aeabi_dcmplt
                0x00004f94       0x60 c:/nxp/mcuxpressoide_11.4.1_6260/ide/plugins/com.nxp.mcuxpresso.tools.win32_11.4.0.202103011116/tools/bin/../lib/gcc/arm-none-eabi/10.2.1/thumb/v6-m/nofp\libcr_eabihelpers.a(double.o)
                0x00004f94                __aeabi_dcmplt
 .text.__aeabi_dcmple
                0x00004ff4       0x5c c:/nxp/mcuxpressoide_11.4.1_6260/ide/plugins/com.nxp.mcuxpresso.tools.win32_11.4.0.202103011116/tools/bin/../lib/gcc/arm-none-eabi/10.2.1/thumb/v6-m/nofp\libcr_eabihelpers.a(double.o)
                0x00004ff4                __aeabi_dcmple
 .text.__aeabi_dcmpge
                0x00005050       0x5c c:/nxp/mcuxpressoide_11.4.1_6260/ide/plugins/com.nxp.mcuxpresso.tools.win32_11.4.0.202103011116/tools/bin/../lib/gcc/arm-none-eabi/10.2.1/thumb/v6-m/nofp\libcr_eabihelpers.a(double.o)
                0x00005050                __aeabi_dcmpge
 .text.main     0x000050ac       0x3c ./source/main.o
                0x000050ac                main
 .text.AlertPendingConfirmation
                0x000050e8       0x22 ./funciones/Utilities.o
                0x000050e8                AlertPendingConfirmation
 .text.AlertIdleState
                0x0000510a       0x22 ./funciones/Utilities.o
                0x0000510a                AlertIdleState
 .text.CLOCK_GetFRGInputClkFreq
                0x0000512c       0x3e ./drivers/fsl_clock.o
 .text.GPIO_PinInit
                0x0000516a       0xc0 ./drivers/fsl_gpio.o
                0x0000516a                GPIO_PinInit
 .text.RESET_PeripheralReset
                0x0000522a       0x20 ./drivers/fsl_reset.o
                0x0000522a                RESET_PeripheralReset
 .text.EnableIRQ
                0x0000524a       0x36 ./drivers/fsl_usart.o
 .text.USART_GetStatusFlags
                0x00005280       0x14 ./drivers/fsl_usart.o
 .text.USART_EnableInterrupts
                0x00005294       0x1c ./drivers/fsl_usart.o
 .text.USART_DisableInterrupts
                0x000052b0       0x1c ./drivers/fsl_usart.o
 .text.USART_EnableTx
                0x000052cc       0x46 ./drivers/fsl_usart.o
 .text.USART_EnableRx
                0x00005312       0x44 ./drivers/fsl_usart.o
 .text.SystemInitHook
                0x00005356        0xa ./device/system_LPC845.o
                0x00005356                SystemInitHook
 .text.BOARD_InitDebugConsole
                0x00005360        0xc ./board/board.o
                0x00005360                BOARD_InitDebugConsole
 .text.BOARD_InitBootClocks
                0x0000536c        0xe ./board/clock_config.o
                0x0000536c                BOARD_InitBootClocks
 .text.IOCON_PinMuxSet
                0x0000537a       0x26 ./board/pin_mux.o
 .text.BOARD_InitBootPins
                0x000053a0        0xe ./board/pin_mux.o
                0x000053a0                BOARD_InitBootPins
 .text.GPIO_PinWrite
                0x000053ae       0x2c G:\My Drive\MisArchivos\UTN\Informatica II\C\Librerias\infotroniclibrary_lpc845\Debug_Stick_LPC845\libInfotronicLibrary_LPC845.a(Gpio.o)
 .text.GPIO_PinRead
                0x000053da       0x24 G:\My Drive\MisArchivos\UTN\Informatica II\C\Librerias\infotroniclibrary_lpc845\Debug_Stick_LPC845\libInfotronicLibrary_LPC845.a(Gpio.o)
 .text.Gpio_Init
                0x000053fe       0x7a G:\My Drive\MisArchivos\UTN\Informatica II\C\Librerias\infotroniclibrary_lpc845\Debug_Stick_LPC845\libInfotronicLibrary_LPC845.a(Gpio.o)
                0x000053fe                Gpio_Init
 .text.Gpio_TurnOn
                0x00005478       0x42 G:\My Drive\MisArchivos\UTN\Informatica II\C\Librerias\infotroniclibrary_lpc845\Debug_Stick_LPC845\libInfotronicLibrary_LPC845.a(Gpio.o)
                0x00005478                Gpio_TurnOn
 .text.Gpio_TurnOff
                0x000054ba       0x42 G:\My Drive\MisArchivos\UTN\Informatica II\C\Librerias\infotroniclibrary_lpc845\Debug_Stick_LPC845\libInfotronicLibrary_LPC845.a(Gpio.o)
                0x000054ba                Gpio_TurnOff
 .text.Gpio_GetPinState
                0x000054fc       0x4c G:\My Drive\MisArchivos\UTN\Informatica II\C\Librerias\infotroniclibrary_lpc845\Debug_Stick_LPC845\libInfotronicLibrary_LPC845.a(Gpio.o)
                0x000054fc                Gpio_GetPinState
 .text.IOCON_PinMuxSet
                0x00005548       0x26 G:\My Drive\MisArchivos\UTN\Informatica II\C\Librerias\infotroniclibrary_lpc845\Debug_Stick_LPC845\libInfotronicLibrary_LPC845.a(Pin.o)
 .text.Debug_CheckFailed
                0x0000556e        0xc G:\My Drive\MisArchivos\UTN\Informatica II\C\Librerias\infotroniclibrary_lpc845\Debug_Stick_LPC845\libInfotronicLibrary_LPC845.a(Debug.o)
                0x0000556e                Debug_CheckFailed
 .text.StandardKeyboardDriver_GetMaxKeys
                0x0000557a        0xc G:\My Drive\MisArchivos\UTN\Informatica II\C\Librerias\infotroniclibrary_lpc845\Debug_Stick_LPC845\libInfotronicLibrary_LPC845.a(StandardKeyboardDriver.o)
                0x0000557a                StandardKeyboardDriver_GetMaxKeys
 .text.MatrixKeyboardDriver_Init
                0x00005586       0x1a G:\My Drive\MisArchivos\UTN\Informatica II\C\Librerias\infotroniclibrary_lpc845\Debug_Stick_LPC845\libInfotronicLibrary_LPC845.a(MatrixKeyboardDriver.o)
                0x00005586                MatrixKeyboardDriver_Init
 .text.MatrixKeyboardDriver_GetMaxKeys
                0x000055a0        0xc G:\My Drive\MisArchivos\UTN\Informatica II\C\Librerias\infotroniclibrary_lpc845\Debug_Stick_LPC845\libInfotronicLibrary_LPC845.a(MatrixKeyboardDriver.o)
                0x000055a0                MatrixKeyboardDriver_GetMaxKeys
 .text.__main   0x000055ac        0xc c:/nxp/mcuxpressoide_11.4.1_6260/ide/plugins/com.nxp.mcuxpresso.tools.win32_11.4.0.202103011116/tools/bin/../lib/gcc/arm-none-eabi/10.2.1/../../../../arm-none-eabi/lib/thumb/v6-m/nofp\libcr_semihost_nf.a(_cr__main.o)
                0x000055ac                __CR_SEMIHOST
                0x000055ac                __main
 .text.memcpy   0x000055b8        0x8 c:/nxp/mcuxpressoide_11.4.1_6260/ide/plugins/com.nxp.mcuxpresso.tools.win32_11.4.0.202103011116/tools/bin/../lib/gcc/arm-none-eabi/10.2.1/../../../../arm-none-eabi/lib/thumb/v6-m/nofp\libcr_c.a(memcpy.o)
                0x000055b8                memcpy
 .text.memset   0x000055c0        0x8 c:/nxp/mcuxpressoide_11.4.1_6260/ide/plugins/com.nxp.mcuxpresso.tools.win32_11.4.0.202103011116/tools/bin/../lib/gcc/arm-none-eabi/10.2.1/../../../../arm-none-eabi/lib/thumb/v6-m/nofp\libcr_c.a(memset.o)
                0x000055c0                memset
 .text.free     0x000055c8       0x2c c:/nxp/mcuxpressoide_11.4.1_6260/ide/plugins/com.nxp.mcuxpresso.tools.win32_11.4.0.202103011116/tools/bin/../lib/gcc/arm-none-eabi/10.2.1/../../../../arm-none-eabi/lib/thumb/v6-m/nofp\libcr_c.a(alloc.o)
                0x000055c8                free
 .text.fp_round
                0x000055f4       0x4a c:/nxp/mcuxpressoide_11.4.1_6260/ide/plugins/com.nxp.mcuxpresso.tools.win32_11.4.0.202103011116/tools/bin/../lib/gcc/arm-none-eabi/10.2.1/../../../../arm-none-eabi/lib/thumb/v6-m/nofp\libcr_c.a(fpprintf.o)
 .text.pr_dec.constprop.0
                0x0000563e       0x30 c:/nxp/mcuxpressoide_11.4.1_6260/ide/plugins/com.nxp.mcuxpresso.tools.win32_11.4.0.202103011116/tools/bin/../lib/gcc/arm-none-eabi/10.2.1/../../../../arm-none-eabi/lib/thumb/v6-m/nofp\libcr_c.a(fpprintf.o)
 .text.fputs    0x0000566e       0x2e c:/nxp/mcuxpressoide_11.4.1_6260/ide/plugins/com.nxp.mcuxpresso.tools.win32_11.4.0.202103011116/tools/bin/../lib/gcc/arm-none-eabi/10.2.1/../../../../arm-none-eabi/lib/thumb/v6-m/nofp\libcr_c.a(fputs.o)
                0x0000566e                fputs
 .text.no_fp_display
                0x0000569c        0x4 c:/nxp/mcuxpressoide_11.4.1_6260/ide/plugins/com.nxp.mcuxpresso.tools.win32_11.4.0.202103011116/tools/bin/../lib/gcc/arm-none-eabi/10.2.1/../../../../arm-none-eabi/lib/thumb/v6-m/nofp\libcr_c.a(printf.o)
 .text.remove   0x000056a0       0x12 c:/nxp/mcuxpressoide_11.4.1_6260/ide/plugins/com.nxp.mcuxpresso.tools.win32_11.4.0.202103011116/tools/bin/../lib/gcc/arm-none-eabi/10.2.1/../../../../arm-none-eabi/lib/thumb/v6-m/nofp\libcr_c.a(remove.o)
                0x000056a0                remove
 .text.__aeabi_division_idivmod
                0x000056b2       0x78 c:/nxp/mcuxpressoide_11.4.1_6260/ide/plugins/com.nxp.mcuxpresso.tools.win32_11.4.0.202103011116/tools/bin/../lib/gcc/arm-none-eabi/10.2.1/thumb/v6-m/nofp\libcr_eabihelpers.a(division_32.o)
                0x000056b2                __aeabi_idivmod
                0x000056b2                __aeabi_idiv
                0x000056b8                __aeabi_uidivmod
                0x000056b8                __aeabi_uidiv
 .text.__aeabi_division_uldivmod
                0x0000572a       0x5a c:/nxp/mcuxpressoide_11.4.1_6260/ide/plugins/com.nxp.mcuxpresso.tools.win32_11.4.0.202103011116/tools/bin/../lib/gcc/arm-none-eabi/10.2.1/thumb/v6-m/nofp\libcr_eabihelpers.a(division_64.o)
                0x0000572a                __aeabi_uldivmod
 .text.__aeabi_division_idiv0
                0x00005784        0x2 c:/nxp/mcuxpressoide_11.4.1_6260/ide/plugins/com.nxp.mcuxpresso.tools.win32_11.4.0.202103011116/tools/bin/../lib/gcc/arm-none-eabi/10.2.1/thumb/v6-m/nofp\libcr_eabihelpers.a(division_idiv0.o)
                0x00005784                __aeabi_idiv0
 .text.__bhs_ui2d
                0x00005786       0x5e c:/nxp/mcuxpressoide_11.4.1_6260/ide/plugins/com.nxp.mcuxpresso.tools.win32_11.4.0.202103011116/tools/bin/../lib/gcc/arm-none-eabi/10.2.1/thumb/v6-m/nofp\libcr_eabihelpers.a(double.o)
                0x00005786                __bhs_ui2d
 .text.__aeabi_i2d
                0x000057e4       0x18 c:/nxp/mcuxpressoide_11.4.1_6260/ide/plugins/com.nxp.mcuxpresso.tools.win32_11.4.0.202103011116/tools/bin/../lib/gcc/arm-none-eabi/10.2.1/thumb/v6-m/nofp\libcr_eabihelpers.a(double.o)
                0x000057e4                __aeabi_i2d
 .text.__aeabi_llong_lmul
                0x000057fc       0x2e c:/nxp/mcuxpressoide_11.4.1_6260/ide/plugins/com.nxp.mcuxpresso.tools.win32_11.4.0.202103011116/tools/bin/../lib/gcc/arm-none-eabi/10.2.1/thumb/v6-m/nofp\libcr_eabihelpers.a(llong.o)
                0x000057fc                __aeabi_lmul
 .text.__aeabi_memcpy
                0x0000582a       0x2c c:/nxp/mcuxpressoide_11.4.1_6260/ide/plugins/com.nxp.mcuxpresso.tools.win32_11.4.0.202103011116/tools/bin/../lib/gcc/arm-none-eabi/10.2.1/thumb/v6-m/nofp\libcr_eabihelpers.a(memcpy.o)
                0x0000582a                __aeabi_memcpy4
                0x0000582a                __aeabi_memcpy8
                0x0000582a                __aeabi_memcpy
 .text.__aeabi_memset_lowlevel
                0x00005856       0x2a c:/nxp/mcuxpressoide_11.4.1_6260/ide/plugins/com.nxp.mcuxpresso.tools.win32_11.4.0.202103011116/tools/bin/../lib/gcc/arm-none-eabi/10.2.1/thumb/v6-m/nofp\libcr_eabihelpers.a(memcpy.o)
                0x00005856                __aeabi_lowlevel_memset
 .text.__gnu_thumb1_case_shi
                0x00005880       0x10 c:/nxp/mcuxpressoide_11.4.1_6260/ide/plugins/com.nxp.mcuxpresso.tools.win32_11.4.0.202103011116/tools/bin/../lib/gcc/arm-none-eabi/10.2.1/thumb/v6-m/nofp\libcr_eabihelpers.a(thumb1_switch_helpers.o)
                0x00005880                __gnu_thumb1_case_shi
 .text.__sys_close
                0x00005890        0xc c:/nxp/mcuxpressoide_11.4.1_6260/ide/plugins/com.nxp.mcuxpresso.tools.win32_11.4.0.202103011116/tools/bin/../lib/gcc/arm-none-eabi/10.2.1/../../../../arm-none-eabi/lib/thumb/v6-m/nofp\libcr_semihost_nf.a(__sys_close.o)
                0x00005890                __sys_close
 .text.__sys_flen
                0x0000589c        0xc c:/nxp/mcuxpressoide_11.4.1_6260/ide/plugins/com.nxp.mcuxpresso.tools.win32_11.4.0.202103011116/tools/bin/../lib/gcc/arm-none-eabi/10.2.1/../../../../arm-none-eabi/lib/thumb/v6-m/nofp\libcr_semihost_nf.a(__sys_flen.o)
                0x0000589c                __sys_flen
 .text.__sys_istty
                0x000058a8        0xc c:/nxp/mcuxpressoide_11.4.1_6260/ide/plugins/com.nxp.mcuxpresso.tools.win32_11.4.0.202103011116/tools/bin/../lib/gcc/arm-none-eabi/10.2.1/../../../../arm-none-eabi/lib/thumb/v6-m/nofp\libcr_semihost_nf.a(__sys_istty.o)
                0x000058a8                __sys_istty
 .text.__sys_remove
                0x000058b4        0xc c:/nxp/mcuxpressoide_11.4.1_6260/ide/plugins/com.nxp.mcuxpresso.tools.win32_11.4.0.202103011116/tools/bin/../lib/gcc/arm-none-eabi/10.2.1/../../../../arm-none-eabi/lib/thumb/v6-m/nofp\libcr_semihost_nf.a(__sys_remove.o)
                0x000058b4                __sys_remove
 .text.__sys_seek
                0x000058c0        0xc c:/nxp/mcuxpressoide_11.4.1_6260/ide/plugins/com.nxp.mcuxpresso.tools.win32_11.4.0.202103011116/tools/bin/../lib/gcc/arm-none-eabi/10.2.1/../../../../arm-none-eabi/lib/thumb/v6-m/nofp\libcr_semihost_nf.a(__sys_seek.o)
                0x000058c0                __sys_seek
 .text.__sys_tmpnam
                0x000058cc        0xc c:/nxp/mcuxpressoide_11.4.1_6260/ide/plugins/com.nxp.mcuxpresso.tools.win32_11.4.0.202103011116/tools/bin/../lib/gcc/arm-none-eabi/10.2.1/../../../../arm-none-eabi/lib/thumb/v6-m/nofp\libcr_semihost_nf.a(__sys_tmpnam.o)
                0x000058cc                __sys_tmpnam
 .text.__sys_write
                0x000058d8        0xc c:/nxp/mcuxpressoide_11.4.1_6260/ide/plugins/com.nxp.mcuxpresso.tools.win32_11.4.0.202103011116/tools/bin/../lib/gcc/arm-none-eabi/10.2.1/../../../../arm-none-eabi/lib/thumb/v6-m/nofp\libcr_semihost_nf.a(__sys_write.o)
                0x000058d8                __sys_write
 *(SORT_BY_ALIGNMENT(.rodata) SORT_BY_ALIGNMENT(.rodata.*) SORT_BY_ALIGNMENT(.constdata) SORT_BY_ALIGNMENT(.constdata.*))
 .rodata.MainMe_Update.str1.4
                0x000058e4       0x77 ./funciones/MainMe.o
 *fill*         0x0000595b        0x1 ff
 .rodata.MainMe_Update
                0x0000595c       0x28 ./funciones/MainMe.o
 .rodata.TramaMe_GetCommandAvailable.str1.4
                0x00005984        0xd ./funciones/TramaMe.o
 *fill*         0x00005991        0x3 ff
 .rodata.EndReception.str1.4
                0x00005994       0x20 ./funciones/TramaMe.o
 .rodata.CLOCK_UpdateClkSrc.str1.4
                0x000059b4       0x18 ./drivers/fsl_clock.o
 .rodata.CLOCK_GetFreq
                0x000059cc       0x24 ./drivers/fsl_clock.o
 .rodata.s_gpioClockName
                0x000059f0        0x4 ./drivers/fsl_gpio.o
 .rodata.GPIO_EnablePortClock.str1.4
                0x000059f4       0x34 ./drivers/fsl_gpio.o
 .rodata.RESET_SetPeripheralReset.str1.4
                0x00005a28       0x20 ./drivers/fsl_reset.o
 .rodata.RESET_ClearPeripheralReset.str1.4
                0x00005a48       0x20 ./drivers/fsl_reset.o
 .rodata.SWM_SetMovablePinSelect.str1.4
                0x00005a68       0x4e ./drivers/fsl_swm.o
 *fill*         0x00005ab6        0x2 ff
 .rodata.s_usartIRQ
                0x00005ab8        0x5 ./drivers/fsl_usart.o
 *fill*         0x00005abd        0x3 ff
 .rodata.s_usartBaseAddrs
                0x00005ac0       0x14 ./drivers/fsl_usart.o
 .rodata.s_usartClock
                0x00005ad4        0xa ./drivers/fsl_usart.o
 *fill*         0x00005ade        0x2 ff
 .rodata.s_usartRest
                0x00005ae0       0x14 ./drivers/fsl_usart.o
 .rodata.USART_GetInstance.str1.4
                0x00005af4       0x3c ./drivers/fsl_usart.o
 .rodata.USART_TransferGetRxRingBufferLength.str1.4
                0x00005b30       0x21 ./drivers/fsl_usart.o
 *fill*         0x00005b51        0x3 ff
 .rodata.USART_TransferIsRxRingBufferFull.str1.4
                0x00005b54       0x22 ./drivers/fsl_usart.o
 *fill*         0x00005b76        0x2 ff
 .rodata.USART_TransferStartRingBuffer.str1.4
                0x00005b78       0x6a ./drivers/fsl_usart.o
 *fill*         0x00005be2        0x2 ff
 .rodata.USART_Init.str1.4
                0x00005be4       0x50 ./drivers/fsl_usart.o
 .rodata.USART_GetDefaultConfig.str1.4
                0x00005c34       0x22 ./drivers/fsl_usart.o
 *fill*         0x00005c56        0x2 ff
 .rodata.USART_SetBaudRate.str1.4
                0x00005c58       0x90 ./drivers/fsl_usart.o
 .rodata.USART_TransferCreateHandle.str1.4
                0x00005ce8       0x39 ./drivers/fsl_usart.o
 *fill*         0x00005d21        0x3 ff
 .rodata.USART_TransferSendNonBlocking.str1.4
                0x00005d24       0x93 ./drivers/fsl_usart.o
 *fill*         0x00005db7        0x1 ff
 .rodata.USART_TransferReceiveNonBlocking.str1.4
                0x00005db8       0x93 ./drivers/fsl_usart.o
 *fill*         0x00005e4b        0x1 ff
 .rodata.USART_TransferHandleIRQ.str1.4
                0x00005e4c       0x36 ./drivers/fsl_usart.o
 *fill*         0x00005e82        0x2 ff
 .rodata.CLOCK_SetCoreSysClkDiv.str1.4
                0x00005e84       0x67 ./board/clock_config.o
 *fill*         0x00005eeb        0x1 ff
 .rodata.SerialPort_Init
                0x00005eec       0x14 G:\My Drive\MisArchivos\UTN\Informatica II\C\Librerias\infotroniclibrary_lpc845\Debug_Stick_LPC845\libInfotronicLibrary_LPC845.a(SerialPort.o)
 .rodata.Rgb    0x00005f00       0x30 G:\My Drive\MisArchivos\UTN\Informatica II\C\Librerias\infotroniclibrary_lpc845\Debug_Stick_LPC845\libInfotronicLibrary_LPC845.a(Rgb.o)
 .rodata        0x00005f30       0x22 G:\My Drive\MisArchivos\UTN\Informatica II\C\Librerias\infotroniclibrary_lpc845\Debug_Stick_LPC845\libInfotronicLibrary_LPC845.a(Gpio.o)
 *fill*         0x00005f52        0x2 ff
 .rodata        0x00005f54       0x40 G:\My Drive\MisArchivos\UTN\Informatica II\C\Librerias\infotroniclibrary_lpc845\Debug_Stick_LPC845\libInfotronicLibrary_LPC845.a(Pin.o)
 .rodata.Keyboard
                0x00005f94       0x20 G:\My Drive\MisArchivos\UTN\Informatica II\C\Librerias\infotroniclibrary_lpc845\Debug_Stick_LPC845\libInfotronicLibrary_LPC845.a(StandardKeyboardDriver.o)
 .rodata.__num_Ciob_streams
                0x00005fb4        0x4 c:/nxp/mcuxpressoide_11.4.1_6260/ide/plugins/com.nxp.mcuxpresso.tools.win32_11.4.0.202103011116/tools/bin/../lib/gcc/arm-none-eabi/10.2.1/../../../../arm-none-eabi/lib/thumb/v6-m/nofp\libcr_semihost_nf.a(__ciob.o)
                0x00005fb4                __num_Ciob_streams
 .rodata.__assertion_failed.str1.1
                0x00005fb8       0x15 c:/nxp/mcuxpressoide_11.4.1_6260/ide/plugins/com.nxp.mcuxpresso.tools.win32_11.4.0.202103011116/tools/bin/../lib/gcc/arm-none-eabi/10.2.1/../../../../arm-none-eabi/lib/thumb/v6-m/nofp\libcr_semihost_nf.a(_cr_assert.o)
 .rodata._Csys_alloc.str1.1
                0x00005fcd       0x18 c:/nxp/mcuxpressoide_11.4.1_6260/ide/plugins/com.nxp.mcuxpresso.tools.win32_11.4.0.202103011116/tools/bin/../lib/gcc/arm-none-eabi/10.2.1/../../../../arm-none-eabi/lib/thumb/v6-m/nofp\libcr_c.a(alloc.o)
 .rodata.fp_display.str1.1
                0x00005fe5       0x32 c:/nxp/mcuxpressoide_11.4.1_6260/ide/plugins/com.nxp.mcuxpresso.tools.win32_11.4.0.202103011116/tools/bin/../lib/gcc/arm-none-eabi/10.2.1/../../../../arm-none-eabi/lib/thumb/v6-m/nofp\libcr_c.a(fpprintf.o)
                                 0x35 (size before relaxing)
 .rodata._initio.str1.1
                0x00006017        0x4 c:/nxp/mcuxpressoide_11.4.1_6260/ide/plugins/com.nxp.mcuxpresso.tools.win32_11.4.0.202103011116/tools/bin/../lib/gcc/arm-none-eabi/10.2.1/../../../../arm-none-eabi/lib/thumb/v6-m/nofp\libcr_c.a(initio.o)
 .rodata.__vfprintf.str1.1
                0x0000601b       0x31 c:/nxp/mcuxpressoide_11.4.1_6260/ide/plugins/com.nxp.mcuxpresso.tools.win32_11.4.0.202103011116/tools/bin/../lib/gcc/arm-none-eabi/10.2.1/../../../../arm-none-eabi/lib/thumb/v6-m/nofp\libcr_c.a(printf.o)
                                 0x38 (size before relaxing)
                0x0000604c                . = ALIGN (0x4)

.glue_7         0x0000604c        0x0
 .glue_7        0x0000604c        0x0 linker stubs

.glue_7t        0x0000604c        0x0
 .glue_7t       0x0000604c        0x0 linker stubs

.vfp11_veneer   0x0000604c        0x0
 .vfp11_veneer  0x0000604c        0x0 linker stubs

.v4_bx          0x0000604c        0x0
 .v4_bx         0x0000604c        0x0 linker stubs

.iplt           0x0000604c        0x0
 .iplt          0x0000604c        0x0 ./startup/startup_lpc845.o

.rel.dyn        0x0000604c        0x0
 .rel.iplt      0x0000604c        0x0 ./startup/startup_lpc845.o

.ARM.extab
 *(SORT_BY_ALIGNMENT(.ARM.extab*) SORT_BY_ALIGNMENT(.gnu.linkonce.armextab.*))

.ARM.exidx      0x0000604c        0x0
                0x0000604c                __exidx_start = .
 *(SORT_BY_ALIGNMENT(.ARM.exidx*) SORT_BY_ALIGNMENT(.gnu.linkonce.armexidx.*))
                0x0000604c                __exidx_end = .
                0x0000604c                _etext = .

.mtb_buffer_RAM2
 *(SORT_BY_ALIGNMENT(.mtb.$RAM2*))
 *(SORT_BY_ALIGNMENT(.mtb.$IAP_SRAM*))

.data_RAM2      0x10003fe0        0x0 load address 0x0000604c
 FILL mask 0xff
                [!provide]                PROVIDE (__start_data_RAM2 = .)
                [!provide]                PROVIDE (__start_data_IAP_SRAM = .)
 *(SORT_BY_ALIGNMENT(.ramfunc.$RAM2))
 *(SORT_BY_ALIGNMENT(.ramfunc.$IAP_SRAM))
 *(SORT_BY_ALIGNMENT(.data.$RAM2))
 *(SORT_BY_ALIGNMENT(.data.$IAP_SRAM))
 *(SORT_BY_ALIGNMENT(.data.$RAM2.*))
 *(SORT_BY_ALIGNMENT(.data.$IAP_SRAM.*))
                0x10003fe0                . = ALIGN (0x4)
                [!provide]                PROVIDE (__end_data_RAM2 = .)
                [!provide]                PROVIDE (__end_data_IAP_SRAM = .)

.mtb_buffer_default
                0x10000000       0x80
 *(SORT_BY_ALIGNMENT(.mtb*))
 .mtb.$RAM1     0x10000000       0x80 ./source/mtb.o
                0x10000000                __mtb_buffer__

.uninit_RESERVED
                0x10000080        0x0
                0x10000080                _start_uninit_RESERVED = .
 *(SORT_BY_ALIGNMENT(.bss.$RESERVED*))
                0x10000080                . = ALIGN (0x4)
                0x10000080                _end_uninit_RESERVED = .

.data           0x10000080       0x30 load address 0x0000604c
 FILL mask 0xff
                0x10000080                _data = .
                [!provide]                PROVIDE (__start_data_RAM = .)
                [!provide]                PROVIDE (__start_data_SRAM = .)
 *(SORT_BY_ALIGNMENT(vtable))
 *(SORT_BY_ALIGNMENT(.ramfunc*))
 *(SORT_BY_ALIGNMENT(CodeQuickAccess))
 *(SORT_BY_ALIGNMENT(DataQuickAccess))
 *(SORT_BY_ALIGNMENT(RamFunction))
 *(SORT_BY_ALIGNMENT(.data*))
 .data.pub_key  0x10000080       0x10 ./funciones/CryptoUtilities.o
 .data.pub      0x10000090        0x4 ./funciones/CryptoUtilities.o
 .data.SystemCoreClock
                0x10000094        0x4 ./device/system_LPC845.o
                0x10000094                SystemCoreClock
 .data.g_usartBasePtrs
                0x10000098       0x14 G:\My Drive\MisArchivos\UTN\Informatica II\C\Librerias\infotroniclibrary_lpc845\Debug_Stick_LPC845\libInfotronicLibrary_LPC845.a(SerialPort.o)
 .data.State    0x100000ac        0x1 ./funciones/MainMe.o
 .data.KeyboardBuffer
                0x100000ad        0x1 G:\My Drive\MisArchivos\UTN\Informatica II\C\Librerias\infotroniclibrary_lpc845\Debug_Stick_LPC845\libInfotronicLibrary_LPC845.a(Keyboard.o)
 .data.debounce.5264
                0x100000ae        0x1 G:\My Drive\MisArchivos\UTN\Informatica II\C\Librerias\infotroniclibrary_lpc845\Debug_Stick_LPC845\libInfotronicLibrary_LPC845.a(StandardKeyboardDriver.o)
 .data.debounce.5266
                0x100000af        0x1 G:\My Drive\MisArchivos\UTN\Informatica II\C\Librerias\infotroniclibrary_lpc845\Debug_Stick_LPC845\libInfotronicLibrary_LPC845.a(MatrixKeyboardDriver.o)
                0x100000b0                . = ALIGN (0x4)
                0x100000b0                _edata = .
                [!provide]                PROVIDE (__end_data_RAM = .)
                [!provide]                PROVIDE (__end_data_SRAM = .)

.igot.plt       0x100000b0        0x0 load address 0x0000607c
 .igot.plt      0x100000b0        0x0 ./startup/startup_lpc845.o

.bss_RAM2       0x10003fe0        0x0
                [!provide]                PROVIDE (__start_bss_RAM2 = .)
                [!provide]                PROVIDE (__start_bss_IAP_SRAM = .)
 *(SORT_BY_ALIGNMENT(.bss.$RAM2))
 *(SORT_BY_ALIGNMENT(.bss.$IAP_SRAM))
 *(SORT_BY_ALIGNMENT(.bss.$RAM2.*))
 *(SORT_BY_ALIGNMENT(.bss.$IAP_SRAM.*))
                0x10003fe0                . = ALIGN ((. != 0x0)?0x4:0x1)
                [!provide]                PROVIDE (__end_bss_RAM2 = .)
                [!provide]                PROVIDE (__end_bss_IAP_SRAM = .)

.bss            0x100000b0      0x580
                0x100000b0                _bss = .
                [!provide]                PROVIDE (__start_bss_RAM = .)
                [!provide]                PROVIDE (__start_bss_SRAM = .)
 *(SORT_BY_ALIGNMENT(.bss*))
 .bss.Buffer    0x100000b0       0xfa ./funciones/TramaMe.o
 *fill*         0x100001aa        0x2 
 .bss.DataAvailable
                0x100001ac       0xfa ./funciones/TramaMe.o
 *fill*         0x100002a6        0x2 
 .bss.g_Ext_Clk_Freq
                0x100002a8        0x4 ./drivers/fsl_clock.o
                0x100002a8                g_Ext_Clk_Freq
 .bss.g_Wdt_Osc_Freq
                0x100002ac        0x4 ./drivers/fsl_clock.o
                0x100002ac                g_Wdt_Osc_Freq
 .bss.s_usartHandle
                0x100002b0       0x14 ./drivers/fsl_usart.o
 .bss.s_usartIsr
                0x100002c4        0x4 ./drivers/fsl_usart.o
 .bss.timers    0x100002c8      0x1e0 G:\My Drive\MisArchivos\UTN\Informatica II\C\Librerias\infotroniclibrary_lpc845\Debug_Stick_LPC845\libInfotronicLibrary_LPC845.a(TimerSysTick.o)
 .bss.ticks     0x100004a8        0x4 G:\My Drive\MisArchivos\UTN\Informatica II\C\Librerias\infotroniclibrary_lpc845\Debug_Stick_LPC845\libInfotronicLibrary_LPC845.a(TimerSysTick.o)
 .bss.g_uartHandle
                0x100004ac       0x30 G:\My Drive\MisArchivos\UTN\Informatica II\C\Librerias\infotroniclibrary_lpc845\Debug_Stick_LPC845\libInfotronicLibrary_LPC845.a(SerialPort.o)
 .bss.g_usartTransfer
                0x100004dc       0x78 G:\My Drive\MisArchivos\UTN\Informatica II\C\Librerias\infotroniclibrary_lpc845\Debug_Stick_LPC845\libInfotronicLibrary_LPC845.a(SerialPort.o)
 .bss.kbLastState.3847
                0x10000554        0x4 G:\My Drive\MisArchivos\UTN\Informatica II\C\Librerias\infotroniclibrary_lpc845\Debug_Stick_LPC845\libInfotronicLibrary_LPC845.a(Keyboard.o)
 .bss.KeyboardState
                0x10000558        0x4 G:\My Drive\MisArchivos\UTN\Informatica II\C\Librerias\infotroniclibrary_lpc845\Debug_Stick_LPC845\libInfotronicLibrary_LPC845.a(StandardKeyboardDriver.o)
 .bss.kbLastState.5263
                0x1000055c        0x4 G:\My Drive\MisArchivos\UTN\Informatica II\C\Librerias\infotroniclibrary_lpc845\Debug_Stick_LPC845\libInfotronicLibrary_LPC845.a(StandardKeyboardDriver.o)
 .bss.KeyboardState
                0x10000560        0x4 G:\My Drive\MisArchivos\UTN\Informatica II\C\Librerias\infotroniclibrary_lpc845\Debug_Stick_LPC845\libInfotronicLibrary_LPC845.a(MatrixKeyboardDriver.o)
 .bss.kbLastState.5265
                0x10000564        0x4 G:\My Drive\MisArchivos\UTN\Informatica II\C\Librerias\infotroniclibrary_lpc845\Debug_Stick_LPC845\libInfotronicLibrary_LPC845.a(MatrixKeyboardDriver.o)
 .bss.__Ciob    0x10000568       0xb4 c:/nxp/mcuxpressoide_11.4.1_6260/ide/plugins/com.nxp.mcuxpresso.tools.win32_11.4.0.202103011116/tools/bin/../lib/gcc/arm-none-eabi/10.2.1/../../../../arm-none-eabi/lib/thumb/v6-m/nofp\libcr_semihost_nf.a(__ciob.o)
                0x10000568                __Ciob
 .bss.__end_of_heap
                0x1000061c        0x4 c:/nxp/mcuxpressoide_11.4.1_6260/ide/plugins/com.nxp.mcuxpresso.tools.win32_11.4.0.202103011116/tools/bin/../lib/gcc/arm-none-eabi/10.2.1/../../../../arm-none-eabi/lib/thumb/v6-m/nofp\libcr_c.a(__init_alloc.o)
                0x1000061c                __end_of_heap
 .bss.__heaps   0x10000620        0x4 c:/nxp/mcuxpressoide_11.4.1_6260/ide/plugins/com.nxp.mcuxpresso.tools.win32_11.4.0.202103011116/tools/bin/../lib/gcc/arm-none-eabi/10.2.1/../../../../arm-none-eabi/lib/thumb/v6-m/nofp\libcr_c.a(__init_alloc.o)
                0x10000620                __heaps
 .bss.errno     0x10000624        0x4 c:/nxp/mcuxpressoide_11.4.1_6260/ide/plugins/com.nxp.mcuxpresso.tools.win32_11.4.0.202103011116/tools/bin/../lib/gcc/arm-none-eabi/10.2.1/../../../../arm-none-eabi/lib/thumb/v6-m/nofp\libcr_c.a(errno.o)
                0x10000624                errno
 .bss.State     0x10000628        0x1 ./funciones/TramaMe.o
 .bss.BufferPos
                0x10000629        0x1 ./funciones/TramaMe.o
 .bss.NewCommandAvailable
                0x1000062a        0x1 ./funciones/TramaMe.o
 .bss.NewDataAvailable
                0x1000062b        0x1 ./funciones/TramaMe.o
 .bss.CommandAvailable
                0x1000062c        0x1 ./funciones/TramaMe.o
 .bss.KeyboardMaxKeys
                0x1000062d        0x1 G:\My Drive\MisArchivos\UTN\Informatica II\C\Librerias\infotroniclibrary_lpc845\Debug_Stick_LPC845\libInfotronicLibrary_LPC845.a(Keyboard.o)
 .bss.DriverSelected
                0x1000062e        0x1 G:\My Drive\MisArchivos\UTN\Informatica II\C\Librerias\infotroniclibrary_lpc845\Debug_Stick_LPC845\libInfotronicLibrary_LPC845.a(Keyboard.o)
 *(SORT_BY_ALIGNMENT(COMMON))
                0x10000630                . = ALIGN (0x4)
 *fill*         0x1000062f        0x1 
                0x10000630                _ebss = .
                [!provide]                PROVIDE (__end_bss_RAM = .)
                [!provide]                PROVIDE (__end_bss_SRAM = .)
                [!provide]                PROVIDE (end = .)

.noinit_RAM2    0x10003fe0        0x0
                [!provide]                PROVIDE (__start_noinit_RAM2 = .)
                [!provide]                PROVIDE (__start_noinit_IAP_SRAM = .)
 *(SORT_BY_ALIGNMENT(.noinit.$RAM2))
 *(SORT_BY_ALIGNMENT(.noinit.$IAP_SRAM))
 *(SORT_BY_ALIGNMENT(.noinit.$RAM2.*))
 *(SORT_BY_ALIGNMENT(.noinit.$IAP_SRAM.*))
                0x10003fe0                . = ALIGN (0x4)
                [!provide]                PROVIDE (__end_noinit_RAM2 = .)
                [!provide]                PROVIDE (__end_noinit_IAP_SRAM = .)

.noinit         0x10000630        0x0
                0x10000630                _noinit = .
                [!provide]                PROVIDE (__start_noinit_RAM = .)
                [!provide]                PROVIDE (__start_noinit_SRAM = .)
 *(SORT_BY_ALIGNMENT(.noinit*))
                0x10000630                . = ALIGN (0x4)
                0x10000630                _end_noinit = .
                [!provide]                PROVIDE (__end_noinit_RAM = .)
                [!provide]                PROVIDE (__end_noinit_SRAM = .)
                0x000003f8                _HeapSize = 0x3f8

.heap           0x10000630      0x3f8
                0x10000630                _pvHeapStart = .
                0x10000a28                . = (. + _HeapSize)
 *fill*         0x10000630      0x3f8 
                0x10000a28                . = ALIGN (0x4)
                0x10000a28                _pvHeapLimit = .
                0x000003f8                _StackSize = 0x3f8

.heap2stackfill
                0x10000a28      0x3f8
                0x10000e20                . = (. + _StackSize)
 *fill*         0x10000a28      0x3f8 

.stack          0x10003be8        0x0
                0x10003be8                _vStackBase = .
                0x10003be8                . = ALIGN (0x4)
                0x10003fe0                _vStackTop = (. + _StackSize)
                0xefffbad7                PROVIDE (__valid_user_code_checksum = (0x0 - (((_vStackTop + (ResetISR + 0x1)) + (DEFINED (NMI_Handler)?NMI_Handler:M0_NMI_Handler + 0x1)) + (DEFINED (HardFault_Handler)?HardFault_Handler:M0_HardFault_Handler + 0x1))))
                0x00000000                _image_start = LOADADDR (.text)
                0x0000607c                _image_end = (LOADADDR (.data) + SIZEOF (.data))
                0x0000607c                _image_size = (_image_end - _image_start)
OUTPUT(EID.axf elf32-littlearm)
LOAD linker stubs

.debug_info     0x00000000     0xcb31
 .debug_info    0x00000000      0x4a6 ./startup/startup_lpc845.o
 .debug_info    0x000004a6       0xa6 ./source/main.o
 .debug_info    0x0000054c       0x53 ./source/mtb.o
 .debug_info    0x0000059f       0x3c ./source/semihost_hardfault.o
 .debug_info    0x000005db      0x44a ./funciones/CryptoUtilities.o
 .debug_info    0x00000a25      0x1c7 ./funciones/MainMe.o
 .debug_info    0x00000bec      0x2c4 ./funciones/TramaMe.o
 .debug_info    0x00000eb0      0x166 ./funciones/Utilities.o
 .debug_info    0x00001016     0x1194 ./drivers/fsl_clock.o
 .debug_info    0x000021aa      0xd76 ./drivers/fsl_gpio.o
 .debug_info    0x00002f20      0x724 ./drivers/fsl_reset.o
 .debug_info    0x00003644      0x71c ./drivers/fsl_swm.o
 .debug_info    0x00003d60     0x1b64 ./drivers/fsl_usart.o
 .debug_info    0x000058c4      0x6b7 ./device/system_LPC845.o
 .debug_info    0x00005f7b      0x89e ./board/board.o
 .debug_info    0x00006819      0xa2f ./board/clock_config.o
 .debug_info    0x00007248      0xbbb ./board/pin_mux.o
 .debug_info    0x00007e03      0xe2c G:\My Drive\MisArchivos\UTN\Informatica II\C\Librerias\infotroniclibrary_lpc845\Debug_Stick_LPC845\libInfotronicLibrary_LPC845.a(TimerSysTick.o)
 .debug_info    0x00008c2f     0x11ef G:\My Drive\MisArchivos\UTN\Informatica II\C\Librerias\infotroniclibrary_lpc845\Debug_Stick_LPC845\libInfotronicLibrary_LPC845.a(SerialPort.o)
 .debug_info    0x00009e1e      0x8ff G:\My Drive\MisArchivos\UTN\Informatica II\C\Librerias\infotroniclibrary_lpc845\Debug_Stick_LPC845\libInfotronicLibrary_LPC845.a(Rgb.o)
 .debug_info    0x0000a71d      0x66b G:\My Drive\MisArchivos\UTN\Informatica II\C\Librerias\infotroniclibrary_lpc845\Debug_Stick_LPC845\libInfotronicLibrary_LPC845.a(Gpio.o)
 .debug_info    0x0000ad88      0x7c5 G:\My Drive\MisArchivos\UTN\Informatica II\C\Librerias\infotroniclibrary_lpc845\Debug_Stick_LPC845\libInfotronicLibrary_LPC845.a(Pin.o)
 .debug_info    0x0000b54d      0x234 G:\My Drive\MisArchivos\UTN\Informatica II\C\Librerias\infotroniclibrary_lpc845\Debug_Stick_LPC845\libInfotronicLibrary_LPC845.a(Keyboard.o)
 .debug_info    0x0000b781       0xf3 G:\My Drive\MisArchivos\UTN\Informatica II\C\Librerias\infotroniclibrary_lpc845\Debug_Stick_LPC845\libInfotronicLibrary_LPC845.a(Debug.o)
 .debug_info    0x0000b874      0x95e G:\My Drive\MisArchivos\UTN\Informatica II\C\Librerias\infotroniclibrary_lpc845\Debug_Stick_LPC845\libInfotronicLibrary_LPC845.a(StandardKeyboardDriver.o)
 .debug_info    0x0000c1d2      0x95f G:\My Drive\MisArchivos\UTN\Informatica II\C\Librerias\infotroniclibrary_lpc845\Debug_Stick_LPC845\libInfotronicLibrary_LPC845.a(MatrixKeyboardDriver.o)

.debug_abbrev   0x00000000     0x2661
 .debug_abbrev  0x00000000      0x1ba ./startup/startup_lpc845.o
 .debug_abbrev  0x000001ba       0x6a ./source/main.o
 .debug_abbrev  0x00000224       0x46 ./source/mtb.o
 .debug_abbrev  0x0000026a       0x31 ./source/semihost_hardfault.o
 .debug_abbrev  0x0000029b      0x165 ./funciones/CryptoUtilities.o
 .debug_abbrev  0x00000400       0xe0 ./funciones/MainMe.o
 .debug_abbrev  0x000004e0      0x139 ./funciones/TramaMe.o
 .debug_abbrev  0x00000619       0x63 ./funciones/Utilities.o
 .debug_abbrev  0x0000067c      0x2cd ./drivers/fsl_clock.o
 .debug_abbrev  0x00000949      0x1c3 ./drivers/fsl_gpio.o
 .debug_abbrev  0x00000b0c      0x15c ./drivers/fsl_reset.o
 .debug_abbrev  0x00000c68      0x16e ./drivers/fsl_swm.o
 .debug_abbrev  0x00000dd6      0x316 ./drivers/fsl_usart.o
 .debug_abbrev  0x000010ec      0x143 ./device/system_LPC845.o
 .debug_abbrev  0x0000122f      0x125 ./board/board.o
 .debug_abbrev  0x00001354      0x1fd ./board/clock_config.o
 .debug_abbrev  0x00001551      0x1d1 ./board/pin_mux.o
 .debug_abbrev  0x00001722      0x29e G:\My Drive\MisArchivos\UTN\Informatica II\C\Librerias\infotroniclibrary_lpc845\Debug_Stick_LPC845\libInfotronicLibrary_LPC845.a(TimerSysTick.o)
 .debug_abbrev  0x000019c0      0x1bd G:\My Drive\MisArchivos\UTN\Informatica II\C\Librerias\infotroniclibrary_lpc845\Debug_Stick_LPC845\libInfotronicLibrary_LPC845.a(SerialPort.o)
 .debug_abbrev  0x00001b7d      0x19f G:\My Drive\MisArchivos\UTN\Informatica II\C\Librerias\infotroniclibrary_lpc845\Debug_Stick_LPC845\libInfotronicLibrary_LPC845.a(Rgb.o)
 .debug_abbrev  0x00001d1c      0x215 G:\My Drive\MisArchivos\UTN\Informatica II\C\Librerias\infotroniclibrary_lpc845\Debug_Stick_LPC845\libInfotronicLibrary_LPC845.a(Gpio.o)
 .debug_abbrev  0x00001f31      0x1c9 G:\My Drive\MisArchivos\UTN\Informatica II\C\Librerias\infotroniclibrary_lpc845\Debug_Stick_LPC845\libInfotronicLibrary_LPC845.a(Pin.o)
 .debug_abbrev  0x000020fa      0x143 G:\My Drive\MisArchivos\UTN\Informatica II\C\Librerias\infotroniclibrary_lpc845\Debug_Stick_LPC845\libInfotronicLibrary_LPC845.a(Keyboard.o)
 .debug_abbrev  0x0000223d       0xa3 G:\My Drive\MisArchivos\UTN\Informatica II\C\Librerias\infotroniclibrary_lpc845\Debug_Stick_LPC845\libInfotronicLibrary_LPC845.a(Debug.o)
 .debug_abbrev  0x000022e0      0x1b0 G:\My Drive\MisArchivos\UTN\Informatica II\C\Librerias\infotroniclibrary_lpc845\Debug_Stick_LPC845\libInfotronicLibrary_LPC845.a(StandardKeyboardDriver.o)
 .debug_abbrev  0x00002490      0x1d1 G:\My Drive\MisArchivos\UTN\Informatica II\C\Librerias\infotroniclibrary_lpc845\Debug_Stick_LPC845\libInfotronicLibrary_LPC845.a(MatrixKeyboardDriver.o)

.debug_aranges  0x00000000      0x8b8
 .debug_aranges
                0x00000000      0x160 ./startup/startup_lpc845.o
 .debug_aranges
                0x00000160       0x20 ./source/main.o
 .debug_aranges
                0x00000180       0x18 ./source/mtb.o
 .debug_aranges
                0x00000198       0x20 ./source/semihost_hardfault.o
 .debug_aranges
                0x000001b8       0x68 ./funciones/CryptoUtilities.o
 .debug_aranges
                0x00000220       0x28 ./funciones/MainMe.o
 .debug_aranges
                0x00000248       0x40 ./funciones/TramaMe.o
 .debug_aranges
                0x00000288       0x38 ./funciones/Utilities.o
 .debug_aranges
                0x000002c0      0x100 ./drivers/fsl_clock.o
 .debug_aranges
                0x000003c0       0x38 ./drivers/fsl_gpio.o
 .debug_aranges
                0x000003f8       0x30 ./drivers/fsl_reset.o
 .debug_aranges
                0x00000428       0x28 ./drivers/fsl_swm.o
 .debug_aranges
                0x00000450      0x128 ./drivers/fsl_usart.o
 .debug_aranges
                0x00000578       0x30 ./device/system_LPC845.o
 .debug_aranges
                0x000005a8       0x20 ./board/board.o
 .debug_aranges
                0x000005c8       0x60 ./board/clock_config.o
 .debug_aranges
                0x00000628       0x40 ./board/pin_mux.o
 .debug_aranges
                0x00000668       0x60 G:\My Drive\MisArchivos\UTN\Informatica II\C\Librerias\infotroniclibrary_lpc845\Debug_Stick_LPC845\libInfotronicLibrary_LPC845.a(TimerSysTick.o)
 .debug_aranges
                0x000006c8       0x40 G:\My Drive\MisArchivos\UTN\Informatica II\C\Librerias\infotroniclibrary_lpc845\Debug_Stick_LPC845\libInfotronicLibrary_LPC845.a(SerialPort.o)
 .debug_aranges
                0x00000708       0x28 G:\My Drive\MisArchivos\UTN\Informatica II\C\Librerias\infotroniclibrary_lpc845\Debug_Stick_LPC845\libInfotronicLibrary_LPC845.a(Rgb.o)
 .debug_aranges
                0x00000730       0x70 G:\My Drive\MisArchivos\UTN\Informatica II\C\Librerias\infotroniclibrary_lpc845\Debug_Stick_LPC845\libInfotronicLibrary_LPC845.a(Gpio.o)
 .debug_aranges
                0x000007a0       0x40 G:\My Drive\MisArchivos\UTN\Informatica II\C\Librerias\infotroniclibrary_lpc845\Debug_Stick_LPC845\libInfotronicLibrary_LPC845.a(Pin.o)
 .debug_aranges
                0x000007e0       0x48 G:\My Drive\MisArchivos\UTN\Informatica II\C\Librerias\infotroniclibrary_lpc845\Debug_Stick_LPC845\libInfotronicLibrary_LPC845.a(Keyboard.o)
 .debug_aranges
                0x00000828       0x20 G:\My Drive\MisArchivos\UTN\Informatica II\C\Librerias\infotroniclibrary_lpc845\Debug_Stick_LPC845\libInfotronicLibrary_LPC845.a(Debug.o)
 .debug_aranges
                0x00000848       0x38 G:\My Drive\MisArchivos\UTN\Informatica II\C\Librerias\infotroniclibrary_lpc845\Debug_Stick_LPC845\libInfotronicLibrary_LPC845.a(StandardKeyboardDriver.o)
 .debug_aranges
                0x00000880       0x38 G:\My Drive\MisArchivos\UTN\Informatica II\C\Librerias\infotroniclibrary_lpc845\Debug_Stick_LPC845\libInfotronicLibrary_LPC845.a(MatrixKeyboardDriver.o)

.debug_ranges   0x00000000      0x710
 .debug_ranges  0x00000000      0x150 ./startup/startup_lpc845.o
 .debug_ranges  0x00000150       0x10 ./source/main.o
 .debug_ranges  0x00000160       0x10 ./source/semihost_hardfault.o
 .debug_ranges  0x00000170       0x58 ./funciones/CryptoUtilities.o
 .debug_ranges  0x000001c8       0x18 ./funciones/MainMe.o
 .debug_ranges  0x000001e0       0x30 ./funciones/TramaMe.o
 .debug_ranges  0x00000210       0x28 ./funciones/Utilities.o
 .debug_ranges  0x00000238       0xf0 ./drivers/fsl_clock.o
 .debug_ranges  0x00000328       0x28 ./drivers/fsl_gpio.o
 .debug_ranges  0x00000350       0x20 ./drivers/fsl_reset.o
 .debug_ranges  0x00000370       0x18 ./drivers/fsl_swm.o
 .debug_ranges  0x00000388      0x118 ./drivers/fsl_usart.o
 .debug_ranges  0x000004a0       0x20 ./device/system_LPC845.o
 .debug_ranges  0x000004c0       0x10 ./board/board.o
 .debug_ranges  0x000004d0       0x50 ./board/clock_config.o
 .debug_ranges  0x00000520       0x30 ./board/pin_mux.o
 .debug_ranges  0x00000550       0x50 G:\My Drive\MisArchivos\UTN\Informatica II\C\Librerias\infotroniclibrary_lpc845\Debug_Stick_LPC845\libInfotronicLibrary_LPC845.a(TimerSysTick.o)
 .debug_ranges  0x000005a0       0x30 G:\My Drive\MisArchivos\UTN\Informatica II\C\Librerias\infotroniclibrary_lpc845\Debug_Stick_LPC845\libInfotronicLibrary_LPC845.a(SerialPort.o)
 .debug_ranges  0x000005d0       0x18 G:\My Drive\MisArchivos\UTN\Informatica II\C\Librerias\infotroniclibrary_lpc845\Debug_Stick_LPC845\libInfotronicLibrary_LPC845.a(Rgb.o)
 .debug_ranges  0x000005e8       0x60 G:\My Drive\MisArchivos\UTN\Informatica II\C\Librerias\infotroniclibrary_lpc845\Debug_Stick_LPC845\libInfotronicLibrary_LPC845.a(Gpio.o)
 .debug_ranges  0x00000648       0x30 G:\My Drive\MisArchivos\UTN\Informatica II\C\Librerias\infotroniclibrary_lpc845\Debug_Stick_LPC845\libInfotronicLibrary_LPC845.a(Pin.o)
 .debug_ranges  0x00000678       0x38 G:\My Drive\MisArchivos\UTN\Informatica II\C\Librerias\infotroniclibrary_lpc845\Debug_Stick_LPC845\libInfotronicLibrary_LPC845.a(Keyboard.o)
 .debug_ranges  0x000006b0       0x10 G:\My Drive\MisArchivos\UTN\Informatica II\C\Librerias\infotroniclibrary_lpc845\Debug_Stick_LPC845\libInfotronicLibrary_LPC845.a(Debug.o)
 .debug_ranges  0x000006c0       0x28 G:\My Drive\MisArchivos\UTN\Informatica II\C\Librerias\infotroniclibrary_lpc845\Debug_Stick_LPC845\libInfotronicLibrary_LPC845.a(StandardKeyboardDriver.o)
 .debug_ranges  0x000006e8       0x28 G:\My Drive\MisArchivos\UTN\Informatica II\C\Librerias\infotroniclibrary_lpc845\Debug_Stick_LPC845\libInfotronicLibrary_LPC845.a(MatrixKeyboardDriver.o)

.debug_macro    0x00000000    0x10a02
 .debug_macro   0x00000000       0x32 ./startup/startup_lpc845.o
 .debug_macro   0x00000032      0xa7e ./startup/startup_lpc845.o
 .debug_macro   0x00000ab0       0x34 ./startup/startup_lpc845.o
 .debug_macro   0x00000ae4      0x1db ./source/main.o
 .debug_macro   0x00000cbf       0x10 ./source/main.o
 .debug_macro   0x00000ccf      0x12e ./source/main.o
 .debug_macro   0x00000dfd       0xd8 ./source/main.o
 .debug_macro   0x00000ed5      0x5b3 ./source/main.o
 .debug_macro   0x00001488       0x22 ./source/main.o
 .debug_macro   0x000014aa       0x22 ./source/main.o
 .debug_macro   0x000014cc       0xdc ./source/main.o
 .debug_macro   0x000015a8       0x16 ./source/main.o
 .debug_macro   0x000015be       0x1c ./source/main.o
 .debug_macro   0x000015da       0x1c ./source/main.o
 .debug_macro   0x000015f6       0x16 ./source/main.o
 .debug_macro   0x0000160c       0x10 ./source/main.o
 .debug_macro   0x0000161c       0x3f ./source/main.o
 .debug_macro   0x0000165b       0x1c ./source/main.o
 .debug_macro   0x00001677       0x22 ./source/main.o
 .debug_macro   0x00001699       0xd1 ./source/main.o
 .debug_macro   0x0000176a      0x3ad ./source/main.o
 .debug_macro   0x00001b17       0x22 ./source/main.o
 .debug_macro   0x00001b39     0x58a3 ./source/main.o
 .debug_macro   0x000073dc      0x208 ./source/main.o
 .debug_macro   0x000075e4       0x7a ./source/main.o
 .debug_macro   0x0000765e       0x8f ./source/main.o
 .debug_macro   0x000076ed      0x125 ./source/main.o
 .debug_macro   0x00007812       0x81 ./source/main.o
 .debug_macro   0x00007893       0x40 ./source/main.o
 .debug_macro   0x000078d3       0x2e ./source/main.o
 .debug_macro   0x00007901       0x10 ./source/main.o
 .debug_macro   0x00007911       0xf4 ./source/main.o
 .debug_macro   0x00007a05       0x52 ./source/main.o
 .debug_macro   0x00007a57       0x46 ./source/main.o
 .debug_macro   0x00007a9d       0x2f ./source/mtb.o
 .debug_macro   0x00007acc       0x82 ./source/mtb.o
 .debug_macro   0x00007b4e       0x10 ./source/mtb.o
 .debug_macro   0x00007b5e       0x11 ./source/semihost_hardfault.o
 .debug_macro   0x00007b6f       0xba ./funciones/CryptoUtilities.o
 .debug_macro   0x00007c29       0xd2 ./funciones/CryptoUtilities.o
 .debug_macro   0x00007cfb       0x10 ./funciones/CryptoUtilities.o
 .debug_macro   0x00007d0b      0x120 ./funciones/MainMe.o
 .debug_macro   0x00007e2b       0xd6 ./funciones/MainMe.o
 .debug_macro   0x00007f01       0x16 ./funciones/MainMe.o
 .debug_macro   0x00007f17       0x3a ./funciones/MainMe.o
 .debug_macro   0x00007f51       0x91 ./funciones/TramaMe.o
 .debug_macro   0x00007fe2       0x10 ./funciones/TramaMe.o
 .debug_macro   0x00007ff2       0x8f ./funciones/Utilities.o
 .debug_macro   0x00008081       0x16 ./funciones/Utilities.o
 .debug_macro   0x00008097      0x14e ./drivers/fsl_clock.o
 .debug_macro   0x000081e5      0x13a ./drivers/fsl_gpio.o
 .debug_macro   0x0000831f      0x12a ./drivers/fsl_reset.o
 .debug_macro   0x00008449      0x144 ./drivers/fsl_swm.o
 .debug_macro   0x0000858d      0x139 ./drivers/fsl_usart.o
 .debug_macro   0x000086c6       0x1c ./drivers/fsl_usart.o
 .debug_macro   0x000086e2       0x97 ./device/system_LPC845.o
 .debug_macro   0x00008779      0x16c ./board/board.o
 .debug_macro   0x000088e5       0x1c ./board/board.o
 .debug_macro   0x00008901       0x2e ./board/board.o
 .debug_macro   0x0000892f      0x14a ./board/clock_config.o
 .debug_macro   0x00008a79       0x28 ./board/clock_config.o
 .debug_macro   0x00008aa1      0x150 ./board/pin_mux.o
 .debug_macro   0x00008bf1       0x76 ./board/pin_mux.o
 .debug_macro   0x00008c67      0x13d G:\My Drive\MisArchivos\UTN\Informatica II\C\Librerias\infotroniclibrary_lpc845\Debug_Stick_LPC845\libInfotronicLibrary_LPC845.a(TimerSysTick.o)
 .debug_macro   0x00008da4      0xa7e G:\My Drive\MisArchivos\UTN\Informatica II\C\Librerias\infotroniclibrary_lpc845\Debug_Stick_LPC845\libInfotronicLibrary_LPC845.a(TimerSysTick.o)
 .debug_macro   0x00009822      0x12d G:\My Drive\MisArchivos\UTN\Informatica II\C\Librerias\infotroniclibrary_lpc845\Debug_Stick_LPC845\libInfotronicLibrary_LPC845.a(TimerSysTick.o)
 .debug_macro   0x0000994f      0x5b2 G:\My Drive\MisArchivos\UTN\Informatica II\C\Librerias\infotroniclibrary_lpc845\Debug_Stick_LPC845\libInfotronicLibrary_LPC845.a(TimerSysTick.o)
 .debug_macro   0x00009f01       0x10 G:\My Drive\MisArchivos\UTN\Informatica II\C\Librerias\infotroniclibrary_lpc845\Debug_Stick_LPC845\libInfotronicLibrary_LPC845.a(TimerSysTick.o)
 .debug_macro   0x00009f11       0x16 G:\My Drive\MisArchivos\UTN\Informatica II\C\Librerias\infotroniclibrary_lpc845\Debug_Stick_LPC845\libInfotronicLibrary_LPC845.a(TimerSysTick.o)
 .debug_macro   0x00009f27       0x22 G:\My Drive\MisArchivos\UTN\Informatica II\C\Librerias\infotroniclibrary_lpc845\Debug_Stick_LPC845\libInfotronicLibrary_LPC845.a(TimerSysTick.o)
 .debug_macro   0x00009f49       0x1c G:\My Drive\MisArchivos\UTN\Informatica II\C\Librerias\infotroniclibrary_lpc845\Debug_Stick_LPC845\libInfotronicLibrary_LPC845.a(TimerSysTick.o)
 .debug_macro   0x00009f65       0xb5 G:\My Drive\MisArchivos\UTN\Informatica II\C\Librerias\infotroniclibrary_lpc845\Debug_Stick_LPC845\libInfotronicLibrary_LPC845.a(TimerSysTick.o)
 .debug_macro   0x0000a01a      0x37c G:\My Drive\MisArchivos\UTN\Informatica II\C\Librerias\infotroniclibrary_lpc845\Debug_Stick_LPC845\libInfotronicLibrary_LPC845.a(TimerSysTick.o)
 .debug_macro   0x0000a396       0x22 G:\My Drive\MisArchivos\UTN\Informatica II\C\Librerias\infotroniclibrary_lpc845\Debug_Stick_LPC845\libInfotronicLibrary_LPC845.a(TimerSysTick.o)
 .debug_macro   0x0000a3b8     0x55a1 G:\My Drive\MisArchivos\UTN\Informatica II\C\Librerias\infotroniclibrary_lpc845\Debug_Stick_LPC845\libInfotronicLibrary_LPC845.a(TimerSysTick.o)
 .debug_macro   0x0000f959      0x1ec G:\My Drive\MisArchivos\UTN\Informatica II\C\Librerias\infotroniclibrary_lpc845\Debug_Stick_LPC845\libInfotronicLibrary_LPC845.a(TimerSysTick.o)
 .debug_macro   0x0000fb45       0xc9 G:\My Drive\MisArchivos\UTN\Informatica II\C\Librerias\infotroniclibrary_lpc845\Debug_Stick_LPC845\libInfotronicLibrary_LPC845.a(TimerSysTick.o)
 .debug_macro   0x0000fc0e      0x125 G:\My Drive\MisArchivos\UTN\Informatica II\C\Librerias\infotroniclibrary_lpc845\Debug_Stick_LPC845\libInfotronicLibrary_LPC845.a(TimerSysTick.o)
 .debug_macro   0x0000fd33       0x28 G:\My Drive\MisArchivos\UTN\Informatica II\C\Librerias\infotroniclibrary_lpc845\Debug_Stick_LPC845\libInfotronicLibrary_LPC845.a(TimerSysTick.o)
 .debug_macro   0x0000fd5b      0x16a G:\My Drive\MisArchivos\UTN\Informatica II\C\Librerias\infotroniclibrary_lpc845\Debug_Stick_LPC845\libInfotronicLibrary_LPC845.a(SerialPort.o)
 .debug_macro   0x0000fec5       0x10 G:\My Drive\MisArchivos\UTN\Informatica II\C\Librerias\infotroniclibrary_lpc845\Debug_Stick_LPC845\libInfotronicLibrary_LPC845.a(SerialPort.o)
 .debug_macro   0x0000fed5       0x10 G:\My Drive\MisArchivos\UTN\Informatica II\C\Librerias\infotroniclibrary_lpc845\Debug_Stick_LPC845\libInfotronicLibrary_LPC845.a(SerialPort.o)
 .debug_macro   0x0000fee5       0x16 G:\My Drive\MisArchivos\UTN\Informatica II\C\Librerias\infotroniclibrary_lpc845\Debug_Stick_LPC845\libInfotronicLibrary_LPC845.a(SerialPort.o)
 .debug_macro   0x0000fefb       0x16 G:\My Drive\MisArchivos\UTN\Informatica II\C\Librerias\infotroniclibrary_lpc845\Debug_Stick_LPC845\libInfotronicLibrary_LPC845.a(SerialPort.o)
 .debug_macro   0x0000ff11       0xd2 G:\My Drive\MisArchivos\UTN\Informatica II\C\Librerias\infotroniclibrary_lpc845\Debug_Stick_LPC845\libInfotronicLibrary_LPC845.a(SerialPort.o)
 .debug_macro   0x0000ffe3      0x170 G:\My Drive\MisArchivos\UTN\Informatica II\C\Librerias\infotroniclibrary_lpc845\Debug_Stick_LPC845\libInfotronicLibrary_LPC845.a(Rgb.o)
 .debug_macro   0x00010153       0x22 G:\My Drive\MisArchivos\UTN\Informatica II\C\Librerias\infotroniclibrary_lpc845\Debug_Stick_LPC845\libInfotronicLibrary_LPC845.a(Rgb.o)
 .debug_macro   0x00010175       0x52 G:\My Drive\MisArchivos\UTN\Informatica II\C\Librerias\infotroniclibrary_lpc845\Debug_Stick_LPC845\libInfotronicLibrary_LPC845.a(Rgb.o)
 .debug_macro   0x000101c7       0x76 G:\My Drive\MisArchivos\UTN\Informatica II\C\Librerias\infotroniclibrary_lpc845\Debug_Stick_LPC845\libInfotronicLibrary_LPC845.a(Rgb.o)
 .debug_macro   0x0001023d       0xee G:\My Drive\MisArchivos\UTN\Informatica II\C\Librerias\infotroniclibrary_lpc845\Debug_Stick_LPC845\libInfotronicLibrary_LPC845.a(Rgb.o)
 .debug_macro   0x0001032b       0x16 G:\My Drive\MisArchivos\UTN\Informatica II\C\Librerias\infotroniclibrary_lpc845\Debug_Stick_LPC845\libInfotronicLibrary_LPC845.a(Rgb.o)
 .debug_macro   0x00010341      0x14f G:\My Drive\MisArchivos\UTN\Informatica II\C\Librerias\infotroniclibrary_lpc845\Debug_Stick_LPC845\libInfotronicLibrary_LPC845.a(Gpio.o)
 .debug_macro   0x00010490       0x1c G:\My Drive\MisArchivos\UTN\Informatica II\C\Librerias\infotroniclibrary_lpc845\Debug_Stick_LPC845\libInfotronicLibrary_LPC845.a(Gpio.o)
 .debug_macro   0x000104ac       0x10 G:\My Drive\MisArchivos\UTN\Informatica II\C\Librerias\infotroniclibrary_lpc845\Debug_Stick_LPC845\libInfotronicLibrary_LPC845.a(Gpio.o)
 .debug_macro   0x000104bc      0x14a G:\My Drive\MisArchivos\UTN\Informatica II\C\Librerias\infotroniclibrary_lpc845\Debug_Stick_LPC845\libInfotronicLibrary_LPC845.a(Pin.o)
 .debug_macro   0x00010606       0x71 G:\My Drive\MisArchivos\UTN\Informatica II\C\Librerias\infotroniclibrary_lpc845\Debug_Stick_LPC845\libInfotronicLibrary_LPC845.a(Keyboard.o)
 .debug_macro   0x00010677       0x16 G:\My Drive\MisArchivos\UTN\Informatica II\C\Librerias\infotroniclibrary_lpc845\Debug_Stick_LPC845\libInfotronicLibrary_LPC845.a(Keyboard.o)
 .debug_macro   0x0001068d       0x4c G:\My Drive\MisArchivos\UTN\Informatica II\C\Librerias\infotroniclibrary_lpc845\Debug_Stick_LPC845\libInfotronicLibrary_LPC845.a(Debug.o)
 .debug_macro   0x000106d9      0x17a G:\My Drive\MisArchivos\UTN\Informatica II\C\Librerias\infotroniclibrary_lpc845\Debug_Stick_LPC845\libInfotronicLibrary_LPC845.a(StandardKeyboardDriver.o)
 .debug_macro   0x00010853       0x1c G:\My Drive\MisArchivos\UTN\Informatica II\C\Librerias\infotroniclibrary_lpc845\Debug_Stick_LPC845\libInfotronicLibrary_LPC845.a(StandardKeyboardDriver.o)
 .debug_macro   0x0001086f      0x193 G:\My Drive\MisArchivos\UTN\Informatica II\C\Librerias\infotroniclibrary_lpc845\Debug_Stick_LPC845\libInfotronicLibrary_LPC845.a(MatrixKeyboardDriver.o)

.debug_line     0x00000000     0x6dac
 .debug_line    0x00000000      0x26f ./startup/startup_lpc845.o
 .debug_line    0x0000026f      0x58e ./source/main.o
 .debug_line    0x000007fd       0xd1 ./source/mtb.o
 .debug_line    0x000008ce       0x59 ./source/semihost_hardfault.o
 .debug_line    0x00000927      0x3da ./funciones/CryptoUtilities.o
 .debug_line    0x00000d01      0x34c ./funciones/MainMe.o
 .debug_line    0x0000104d      0x365 ./funciones/TramaMe.o
 .debug_line    0x000013b2      0x2c5 ./funciones/Utilities.o
 .debug_line    0x00001677      0xa1b ./drivers/fsl_clock.o
 .debug_line    0x00002092      0x3c2 ./drivers/fsl_gpio.o
 .debug_line    0x00002454      0x38f ./drivers/fsl_reset.o
 .debug_line    0x000027e3      0x3e2 ./drivers/fsl_swm.o
 .debug_line    0x00002bc5      0xcc2 ./drivers/fsl_usart.o
 .debug_line    0x00003887      0x3e3 ./device/system_LPC845.o
 .debug_line    0x00003c6a      0x3ff ./board/board.o
 .debug_line    0x00004069      0x4b5 ./board/clock_config.o
 .debug_line    0x0000451e      0x43c ./board/pin_mux.o
 .debug_line    0x0000495a      0x509 G:\My Drive\MisArchivos\UTN\Informatica II\C\Librerias\infotroniclibrary_lpc845\Debug_Stick_LPC845\libInfotronicLibrary_LPC845.a(TimerSysTick.o)
 .debug_line    0x00004e63      0x467 G:\My Drive\MisArchivos\UTN\Informatica II\C\Librerias\infotroniclibrary_lpc845\Debug_Stick_LPC845\libInfotronicLibrary_LPC845.a(SerialPort.o)
 .debug_line    0x000052ca      0x483 G:\My Drive\MisArchivos\UTN\Informatica II\C\Librerias\infotroniclibrary_lpc845\Debug_Stick_LPC845\libInfotronicLibrary_LPC845.a(Rgb.o)
 .debug_line    0x0000574d      0x46a G:\My Drive\MisArchivos\UTN\Informatica II\C\Librerias\infotroniclibrary_lpc845\Debug_Stick_LPC845\libInfotronicLibrary_LPC845.a(Gpio.o)
 .debug_line    0x00005bb7      0x371 G:\My Drive\MisArchivos\UTN\Informatica II\C\Librerias\infotroniclibrary_lpc845\Debug_Stick_LPC845\libInfotronicLibrary_LPC845.a(Pin.o)
 .debug_line    0x00005f28      0x340 G:\My Drive\MisArchivos\UTN\Informatica II\C\Librerias\infotroniclibrary_lpc845\Debug_Stick_LPC845\libInfotronicLibrary_LPC845.a(Keyboard.o)
 .debug_line    0x00006268      0x1ac G:\My Drive\MisArchivos\UTN\Informatica II\C\Librerias\infotroniclibrary_lpc845\Debug_Stick_LPC845\libInfotronicLibrary_LPC845.a(Debug.o)
 .debug_line    0x00006414      0x51d G:\My Drive\MisArchivos\UTN\Informatica II\C\Librerias\infotroniclibrary_lpc845\Debug_Stick_LPC845\libInfotronicLibrary_LPC845.a(StandardKeyboardDriver.o)
 .debug_line    0x00006931      0x47b G:\My Drive\MisArchivos\UTN\Informatica II\C\Librerias\infotroniclibrary_lpc845\Debug_Stick_LPC845\libInfotronicLibrary_LPC845.a(MatrixKeyboardDriver.o)

.debug_str      0x00000000    0x3fba3
 .debug_str     0x00000000     0x3176 ./startup/startup_lpc845.o
                               0x31b9 (size before relaxing)
 .debug_str     0x00003176    0x34b63 ./source/main.o
                              0x378ba (size before relaxing)
 .debug_str     0x00037cd9      0x532 ./source/mtb.o
                               0x31eb (size before relaxing)
 .debug_str     0x0003820b       0x1f ./source/semihost_hardfault.o
                               0x2cd8 (size before relaxing)
 .debug_str     0x0003822a      0x28a ./funciones/CryptoUtilities.o
                               0x49bf (size before relaxing)
 .debug_str     0x000384b4      0x1eb ./funciones/MainMe.o
                               0x4c26 (size before relaxing)
 .debug_str     0x0003869f       0xe0 ./funciones/TramaMe.o
                               0x48b4 (size before relaxing)
 .debug_str     0x0003877f       0x6b ./funciones/Utilities.o
                               0x47ff (size before relaxing)
 .debug_str     0x000387ea     0x14b0 ./drivers/fsl_clock.o
                              0x37996 (size before relaxing)
 .debug_str     0x00039c9a      0x5cd ./drivers/fsl_gpio.o
                              0x37680 (size before relaxing)
 .debug_str     0x0003a267       0xae ./drivers/fsl_reset.o
                              0x36b3d (size before relaxing)
 .debug_str     0x0003a315      0xb13 ./drivers/fsl_swm.o
                              0x37119 (size before relaxing)
 .debug_str     0x0003ae28     0x1037 ./drivers/fsl_usart.o
                              0x385cb (size before relaxing)
 .debug_str     0x0003be5f       0x8f ./device/system_LPC845.o
                              0x34fdf (size before relaxing)
 .debug_str     0x0003beee       0x33 ./board/board.o
                              0x37fd2 (size before relaxing)
 .debug_str     0x0003bf21      0x9d5 ./board/clock_config.o
                              0x3741b (size before relaxing)
 .debug_str     0x0003c8f6      0x3f1 ./board/pin_mux.o
                              0x3782e (size before relaxing)
 .debug_str     0x0003cce7     0x1f03 G:\My Drive\MisArchivos\UTN\Informatica II\C\Librerias\infotroniclibrary_lpc845\Debug_Stick_LPC845\libInfotronicLibrary_LPC845.a(TimerSysTick.o)
                              0x35bd1 (size before relaxing)
 .debug_str     0x0003ebea      0x1f6 G:\My Drive\MisArchivos\UTN\Informatica II\C\Librerias\infotroniclibrary_lpc845\Debug_Stick_LPC845\libInfotronicLibrary_LPC845.a(SerialPort.o)
                              0x3694c (size before relaxing)
 .debug_str     0x0003ede0      0x6a7 G:\My Drive\MisArchivos\UTN\Informatica II\C\Librerias\infotroniclibrary_lpc845\Debug_Stick_LPC845\libInfotronicLibrary_LPC845.a(Rgb.o)
                              0x35f0e (size before relaxing)
 .debug_str     0x0003f487      0x157 G:\My Drive\MisArchivos\UTN\Informatica II\C\Librerias\infotroniclibrary_lpc845\Debug_Stick_LPC845\libInfotronicLibrary_LPC845.a(Gpio.o)
                              0x35375 (size before relaxing)
 .debug_str     0x0003f5de       0x71 G:\My Drive\MisArchivos\UTN\Informatica II\C\Librerias\infotroniclibrary_lpc845\Debug_Stick_LPC845\libInfotronicLibrary_LPC845.a(Pin.o)
                              0x3556e (size before relaxing)