Archive member included to satisfy reference by file (symbol)

G:\My Drive\MisArchivos\UTN\Informatica II\C\Librerias\infotroniclibrary_lpc845\Debug_Stick_LPC845\libInfotronicLibrary_LPC845.a(TimerSysTick.o)
                              ./source/main.o (TIMER_Systick_Init)
G:\My Drive\MisArchivos\UTN\Informatica II\C\Librerias\infotroniclibrary_lpc845\Debug_Stick_LPC845\libInfotronicLibrary_LPC845.a(SerialPort.o)
                              ./source/main.o (SerialPort_Init)
G:\My Drive\MisArchivos\UTN\Informatica II\C\Librerias\infotroniclibrary_lpc845\Debug_Stick_LPC845\libInfotronicLibrary_LPC845.a(Rgb.o)
                              ./source/main.o (Rgb_Init)
G:\My Drive\MisArchivos\UTN\Informatica II\C\Librerias\infotroniclibrary_lpc845\Debug_Stick_LPC845\libInfotronicLibrary_LPC845.a(Gpio.o)
                              G:\My Drive\MisArchivos\UTN\Informatica II\C\Librerias\infotroniclibrary_lpc845\Debug_Stick_LPC845\libInfotronicLibrary_LPC845.a(Rgb.o) (Gpio_Init)
G:\My Drive\MisArchivos\UTN\Informatica II\C\Librerias\infotroniclibrary_lpc845\Debug_Stick_LPC845\libInfotronicLibrary_LPC845.a(Pin.o)
                              G:\My Drive\MisArchivos\UTN\Informatica II\C\Librerias\infotroniclibrary_lpc845\Debug_Stick_LPC845\libInfotronicLibrary_LPC845.a(Gpio.o) (Pin_Config)
G:\My Drive\MisArchivos\UTN\Informatica II\C\Librerias\infotroniclibrary_lpc845\Debug_Stick_LPC845\libInfotronicLibrary_LPC845.a(Keyboard.o)
                              ./source/main.o (Keyboard_Init)
G:\My Drive\MisArchivos\UTN\Informatica II\C\Librerias\infotroniclibrary_lpc845\Debug_Stick_LPC845\libInfotronicLibrary_LPC845.a(Debug.o)
                              G:\My Drive\MisArchivos\UTN\Informatica II\C\Librerias\infotroniclibrary_lpc845\Debug_Stick_LPC845\libInfotronicLibrary_LPC845.a(Gpio.o) (Debug_CheckFailed)
G:\My Drive\MisArchivos\UTN\Informatica II\C\Librerias\infotroniclibrary_lpc845\Debug_Stick_LPC845\libInfotronicLibrary_LPC845.a(StandardKeyboardDriver.o)
                              G:\My Drive\MisArchivos\UTN\Informatica II\C\Librerias\infotroniclibrary_lpc845\Debug_Stick_LPC845\libInfotronicLibrary_LPC845.a(Keyboard.o) (StandardKeyboardDriver_Init)
G:\My Drive\MisArchivos\UTN\Informatica II\C\Librerias\infotroniclibrary_lpc845\Debug_Stick_LPC845\libInfotronicLibrary_LPC845.a(MatrixKeyboardDriver.o)
                              G:\My Drive\MisArchivos\UTN\Informatica II\C\Librerias\infotroniclibrary_lpc845\Debug_Stick_LPC845\libInfotronicLibrary_LPC845.a(Keyboard.o) (MatrixKeyboardDriver_Init)
c:/nxp/mcuxpressoide_11.4.1_6260/ide/plugins/com.nxp.mcuxpresso.tools.win32_11.4.0.202103011116/tools/bin/../lib/gcc/arm-none-eabi/10.2.1/../../../../arm-none-eabi/lib/thumb/v6-m/nofp\libcr_semihost_nf.a(__ciob.o)
                              ./funciones/Rsa.o (__Ciob)
c:/nxp/mcuxpressoide_11.4.1_6260/ide/plugins/com.nxp.mcuxpresso.tools.win32_11.4.0.202103011116/tools/bin/../lib/gcc/arm-none-eabi/10.2.1/../../../../arm-none-eabi/lib/thumb/v6-m/nofp\libcr_semihost_nf.a(_cr__main.o)
                              ./startup/startup_lpc845.o (__main)
c:/nxp/mcuxpressoide_11.4.1_6260/ide/plugins/com.nxp.mcuxpresso.tools.win32_11.4.0.202103011116/tools/bin/../lib/gcc/arm-none-eabi/10.2.1/../../../../arm-none-eabi/lib/thumb/v6-m/nofp\libcr_semihost_nf.a(_cr_assert.o)
                              ./drivers/fsl_clock.o (__assertion_failed)
c:/nxp/mcuxpressoide_11.4.1_6260/ide/plugins/com.nxp.mcuxpresso.tools.win32_11.4.0.202103011116/tools/bin/../lib/gcc/arm-none-eabi/10.2.1/../../../../arm-none-eabi/lib/thumb/v6-m/nofp\libcr_semihost_nf.a(__sys_appexit.o)
                              c:/nxp/mcuxpressoide_11.4.1_6260/ide/plugins/com.nxp.mcuxpresso.tools.win32_11.4.0.202103011116/tools/bin/../lib/gcc/arm-none-eabi/10.2.1/../../../../arm-none-eabi/lib/thumb/v6-m/nofp\libcr_semihost_nf.a(_cr_assert.o) (__sys_appexit)
c:/nxp/mcuxpressoide_11.4.1_6260/ide/plugins/com.nxp.mcuxpresso.tools.win32_11.4.0.202103011116/tools/bin/../lib/gcc/arm-none-eabi/10.2.1/../../../../arm-none-eabi/lib/thumb/v6-m/nofp\libcr_c.a(memcpy.o)
                              ./funciones/CryptoUtilities.o (memcpy)
c:/nxp/mcuxpressoide_11.4.1_6260/ide/plugins/com.nxp.mcuxpresso.tools.win32_11.4.0.202103011116/tools/bin/../lib/gcc/arm-none-eabi/10.2.1/../../../../arm-none-eabi/lib/thumb/v6-m/nofp\libcr_c.a(memset.o)
                              ./funciones/CryptoUtilities.o (memset)
c:/nxp/mcuxpressoide_11.4.1_6260/ide/plugins/com.nxp.mcuxpresso.tools.win32_11.4.0.202103011116/tools/bin/../lib/gcc/arm-none-eabi/10.2.1/../../../../arm-none-eabi/lib/thumb/v6-m/nofp\libcr_c.a(_deferredlazyseek.o)
                              c:/nxp/mcuxpressoide_11.4.1_6260/ide/plugins/com.nxp.mcuxpresso.tools.win32_11.4.0.202103011116/tools/bin/../lib/gcc/arm-none-eabi/10.2.1/../../../../arm-none-eabi/lib/thumb/v6-m/nofp\libcr_semihost_nf.a(_cr_assert.o) (__flsbuf)
[...]
Memory Configuration

Name             Origin             Length             Attributes
PROGRAM_FLASH    0x00000000         0x00010000         xr
SRAM             0x10000000         0x00003fe0         xrw
IAP_SRAM         0x10003fe0         0x00000020         xrw
*default*        0x00000000         0xffffffff

Linker script and memory map

LOAD ./startup/startup_lpc845.o
LOAD ./source/main.o
LOAD ./source/mtb.o
LOAD ./source/semihost_hardfault.o
LOAD ./funciones/Aes.o
LOAD ./funciones/CryptoUtilities.o
LOAD ./funciones/Flash.o
LOAD ./funciones/MainMe.o
LOAD ./funciones/Rsa.o
LOAD ./funciones/Storage.o
LOAD ./funciones/TramaMe.o
LOAD ./funciones/Utilities.o
LOAD ./drivers/fsl_clock.o
LOAD ./drivers/fsl_common.o
LOAD ./drivers/fsl_common_arm.o
LOAD ./drivers/fsl_gpio.o
LOAD ./drivers/fsl_iap.o
LOAD ./drivers/fsl_inputmux.o
LOAD ./drivers/fsl_power.o
LOAD ./drivers/fsl_reset.o
LOAD ./drivers/fsl_swm.o
LOAD ./drivers/fsl_syscon.o
LOAD ./drivers/fsl_usart.o
LOAD ./device/system_LPC845.o
LOAD ./component/uart/fsl_adapter_miniusart.o
LOAD ./board/board.o
LOAD ./board/clock_config.o
LOAD ./board/pin_mux.o
LOAD G:\My Drive\MisArchivos\UTN\Informatica II\C\Librerias\infotroniclibrary_lpc845\Debug_Stick_LPC845\libInfotronicLibrary_LPC845.a
START GROUP
LOAD c:/nxp/mcuxpressoide_11.4.1_6260/ide/plugins/com.nxp.mcuxpresso.tools.win32_11.4.0.202103011116/tools/bin/../lib/gcc/arm-none-eabi/10.2.1/../../../../arm-none-eabi/lib/thumb/v6-m/nofp\libcr_semihost_nf.a
LOAD c:/nxp/mcuxpressoide_11.4.1_6260/ide/plugins/com.nxp.mcuxpresso.tools.win32_11.4.0.202103011116/tools/bin/../lib/gcc/arm-none-eabi/10.2.1/../../../../arm-none-eabi/lib/thumb/v6-m/nofp\libcr_c.a
LOAD c:/nxp/mcuxpressoide_11.4.1_6260/ide/plugins/com.nxp.mcuxpresso.tools.win32_11.4.0.202103011116/tools/bin/../lib/gcc/arm-none-eabi/10.2.1/thumb/v6-m/nofp\libcr_eabihelpers.a
LOAD c:/nxp/mcuxpressoide_11.4.1_6260/ide/plugins/com.nxp.mcuxpresso.tools.win32_11.4.0.202103011116/tools/bin/../lib/gcc/arm-none-eabi/10.2.1/thumb/v6-m/nofp\libgcc.a
END GROUP
                0x00000000                __base_PROGRAM_FLASH = 0x0
                0x00000000                __base_Flash = 0x0
                0x00010000                __top_PROGRAM_FLASH = 0x10000
                0x00010000                __top_Flash = 0x10000
                0x10000000                __base_SRAM = 0x10000000
                0x10000000                __base_RAM = 0x10000000
                0x10003fe0                __top_SRAM = 0x10003fe0
                0x10003fe0                __top_RAM = 0x10003fe0
                0x10003fe0                __base_IAP_SRAM = 0x10003fe0
                0x10003fe0                __base_RAM2 = 0x10003fe0
                0x10004000                __top_IAP_SRAM = 0x10004000
                0x10004000                __top_RAM2 = 0x10004000

.text           0x00000000     0x937c
 FILL mask 0xff
                0x00000000                __vectors_start__ = ABSOLUTE (.)
 *(SORT_BY_ALIGNMENT(.isr_vector))
 .isr_vector    0x00000000       0xc0 ./startup/startup_lpc845.o
                0x00000000                g_pfnVectors
                0x00000000                __Vectors
                0x000000c0                . = ALIGN (0x4)
                0x000000c0                __section_table_start = .
                0x000000c0                __data_section_table = .
                0x000000c0        0x4 LONG 0x937c LOADADDR (.data)
                0x000000c4        0x4 LONG 0x10000080 ADDR (.data)
                0x000000c8        0x4 LONG 0x58 SIZEOF (.data)
                0x000000cc        0x4 LONG 0x937c LOADADDR (.data_RAM2)
                0x000000d0        0x4 LONG 0x10003fe0 ADDR (.data_RAM2)
                0x000000d4        0x4 LONG 0x0 SIZEOF (.data_RAM2)
                0x000000d8                __data_section_table_end = .
                0x000000d8                __bss_section_table = .
                0x000000d8        0x4 LONG 0x100000d8 ADDR (.bss)
                0x000000dc        0x4 LONG 0x8f0 SIZEOF (.bss)
                0x000000e0        0x4 LONG 0x10003fe0 ADDR (.bss_RAM2)
                0x000000e4        0x4 LONG 0x0 SIZEOF (.bss_RAM2)
                0x000000e8                __bss_section_table_end = .
                0x000000e8                __section_table_end = .
 *(SORT_BY_ALIGNMENT(.after_vectors*))
 .after_vectors.reset
                0x000000e8       0x54 ./startup/startup_lpc845.o
                0x000000e8                ResetISR
 .after_vectors.init_data
                0x0000013c       0x12 ./startup/startup_lpc845.o
                0x0000013c                data_init
 .after_vectors.init_bss
                0x0000014e       0x10 ./startup/startup_lpc845.o
                0x0000014e                bss_init
 .after_vectors
                0x0000015e      0x10c ./startup/startup_lpc845.o
                0x0000015e                NMI_Handler
                0x00000162                SVC_Handler
                0x00000164                PendSV_Handler
                0x00000168                BOD_DriverIRQHandler
                0x00000168                SPI1_DriverIRQHandler
                0x00000168                I2C0_DriverIRQHandler
                0x00000168                SCT0_DriverIRQHandler
                0x00000168                DMA0_DriverIRQHandler
                0x00000168                ADC0_OVR_DriverIRQHandler
                0x00000168                I2C1_DriverIRQHandler
                0x00000168                I2C3_DriverIRQHandler
                0x00000168                PIN_INT1_DriverIRQHandler
                0x00000168                PIN_INT3_DriverIRQHandler
                0x00000168                PIN_INT5_DAC1_DriverIRQHandler
                0x00000168                PIN_INT2_DriverIRQHandler
                0x00000168                WDT_DriverIRQHandler
                0x00000168                I2C2_DriverIRQHandler
                0x00000168                PIN_INT0_DriverIRQHandler
                0x00000168                CTIMER0_DriverIRQHandler
                0x00000168                ADC0_SEQB_DriverIRQHandler
                0x00000168                IntDefaultHandler
                0x00000168                FLASH_DriverIRQHandler
                0x00000168                WKT_DriverIRQHandler
                0x00000168                DAC0_DriverIRQHandler
                0x00000168                MRT0_DriverIRQHandler
                0x00000168                PIN_INT4_DriverIRQHandler
                0x00000168                SPI0_DriverIRQHandler
                0x00000168                CMP_CAPT_DriverIRQHandler
                0x00000168                ADC0_THCMP_DriverIRQHandler
                0x00000168                ADC0_SEQA_DriverIRQHandler
                0x00000168                Reserved22_DriverIRQHandler
                0x0000016a                SPI0_IRQHandler
                0x00000172                SPI1_IRQHandler
                0x0000017a                DAC0_IRQHandler
                0x00000182                USART0_IRQHandler
                0x0000018a                USART1_IRQHandler
                0x00000192                USART2_IRQHandler
                0x0000019a                Reserved22_IRQHandler
                0x000001a2                I2C1_IRQHandler
                0x000001aa                I2C0_IRQHandler
                0x000001b2                SCT0_IRQHandler
                0x000001ba                MRT0_IRQHandler
                0x000001c2                CMP_CAPT_IRQHandler
                0x000001ca                WDT_IRQHandler
                0x000001d2                BOD_IRQHandler
                0x000001da                FLASH_IRQHandler
                0x000001e2                WKT_IRQHandler
                0x000001ea                ADC0_SEQA_IRQHandler
                0x000001f2                ADC0_SEQB_IRQHandler
                0x000001fa                ADC0_THCMP_IRQHandler
                0x00000202                ADC0_OVR_IRQHandler
                0x0000020a                DMA0_IRQHandler
                0x00000212                I2C2_IRQHandler
                0x0000021a                I2C3_IRQHandler
                0x00000222                CTIMER0_IRQHandler
                0x0000022a                PIN_INT0_IRQHandler
                0x00000232                PIN_INT1_IRQHandler
                0x0000023a                PIN_INT2_IRQHandler
                0x00000242                PIN_INT3_IRQHandler
                0x0000024a                PIN_INT4_IRQHandler
                0x00000252                PIN_INT5_DAC1_IRQHandler
                0x0000025a                PIN_INT6_USART3_IRQHandler
                0x00000262                PIN_INT7_USART4_IRQHandler
                0x000002fc                . = 0x2fc
 *fill*         0x0000026a       0x92 ff
                0x000002fc                PROVIDE (__CRP_WORD_START__ = .)
 *(SORT_BY_ALIGNMENT(.crp))
 .crp           0x000002fc        0x4 ./startup/startup_lpc845.o
                0x000002fc                CRP_WORD
                0x00000300                PROVIDE (__CRP_WORD_END__ = .)
                0x00000001                ASSERT (! ((__CRP_WORD_START__ == __CRP_WORD_END__)), Linker CRP Enabled, but no CRP_WORD provided within application)
 *(SORT_BY_ALIGNMENT(.text*))
 .text.main     0x00000300       0x50 ./source/main.o
                0x00000300                main
 .text.HardFault_Handler
                0x00000350       0x30 ./source/semihost_hardfault.o
                0x00000350                HardFault_Handler
 .text.getSBoxValue
                0x00000380       0x20 ./funciones/Aes.o
 .text.getSBoxInvert
                0x000003a0       0x20 ./funciones/Aes.o
 .text.KeyExpansion
                0x000003c0      0x1c4 ./funciones/Aes.o
 .text.AddRoundKey
                0x00000584       0xa4 ./funciones/Aes.o
 .text.SubBytes
                0x00000628       0x78 ./funciones/Aes.o
 .text.ShiftRows
                0x000006a0       0xc4 ./funciones/Aes.o
 .text.MixColumns
                0x00000764      0x210 ./funciones/Aes.o
 .text.InvMixColumns
                0x00000974      0x764 ./funciones/Aes.o
 .text.InvSubBytes
                0x000010d8       0x78 ./funciones/Aes.o
 .text.InvShiftRows
                0x00001150       0xc4 ./funciones/Aes.o
 .text.AES128_ECB_encrypt
                0x00001214       0x3c ./funciones/Aes.o
                0x00001214                AES128_ECB_encrypt
 .text.AES128_ECB_decrypt
                0x00001250       0x3c ./funciones/Aes.o
                0x00001250                AES128_ECB_decrypt
 .text.Crypto_SetSessionKey
                0x0000128c       0x2c ./funciones/CryptoUtilities.o
                0x0000128c                Crypto_SetSessionKey
 .text.Crypto_GetPublicKey
                0x000012b8       0x14 ./funciones/CryptoUtilities.o
                0x000012b8                Crypto_GetPublicKey
 .text.Crypto_AesDecryptBuffer
                0x000012cc      0x190 ./funciones/CryptoUtilities.o
                0x000012cc                Crypto_AesDecryptBuffer
 .text.Crypto_AesEncryptBuffer
                0x0000145c      0x1b0 ./funciones/CryptoUtilities.o
                0x0000145c                Crypto_AesEncryptBuffer
 .text.Crypto_RsaEncryptBuffer
                0x0000160c       0x34 ./funciones/CryptoUtilities.o
                0x0000160c                Crypto_RsaEncryptBuffer
 .text.Crypto_RsaDecryptBuffer
                0x00001640       0x34 ./funciones/CryptoUtilities.o
                0x00001640                Crypto_RsaDecryptBuffer
 .text.Flash_WritePage
                0x00001674       0xb8 ./funciones/Flash.o
                0x00001674                Flash_WritePage
 .text.MainMe_Update
                0x0000172c      0x1a4 ./funciones/MainMe.o
                0x0000172c                MainMe_Update
 .text.ResetState
                0x000018d0       0x28 ./funciones/MainMe.o
 .text.C_GetPk  0x000018f8       0x38 ./funciones/MainMe.o
 .text.C_SendPk
                0x00001930       0x90 ./funciones/MainMe.o
 .text.C_PostSessionKey
                0x000019c0       0xa8 ./funciones/MainMe.o
 .text.C_PostPing
                0x00001a68       0xa8 ./funciones/MainMe.o
 .text.C_Auth   0x00001b10       0xac ./funciones/MainMe.o
 .text.C_AuthPostNewHash
                0x00001bbc       0xa4 ./funciones/MainMe.o
 .text.C_CreateSignature
                0x00001c60       0x88 ./funciones/MainMe.o
 .text.C_LoadKey
                0x00001ce8       0x70 ./funciones/MainMe.o
 .text.C_DeleteKey
                0x00001d58       0x6c ./funciones/MainMe.o
 .text.C_LoadContact
                0x00001dc4       0x70 ./funciones/MainMe.o
 .text.C_DeleteContact
                0x00001e34       0x6c ./funciones/MainMe.o
 .text.C_NewKey
                0x00001ea0       0x6c ./funciones/MainMe.o
 .text.C_NewContact
                0x00001f0c       0x60 ./funciones/MainMe.o
 .text.C_EndSession
                0x00001f6c       0x20 ./funciones/MainMe.o
 .text.rsa_encrypt
                0x00001f8c       0xd4 ./funciones/Rsa.o
                0x00001f8c                rsa_encrypt
 .text.rsa_decrypt
                0x00002060      0x154 ./funciones/Rsa.o
                0x00002060                rsa_decrypt
 .text.Storage_Init
                0x000021b4       0x8c ./funciones/Storage.o
                0x000021b4                Storage_Init
 .text.Storage_GetPswdQ
                0x00002240       0x14 ./funciones/Storage.o
                0x00002240                Storage_GetPswdQ
 .text.Storage_PopPswd
                0x00002254       0x9c ./funciones/Storage.o
                0x00002254                Storage_PopPswd
 .text.Storage_SetPswd
                0x000022f0      0x134 ./funciones/Storage.o
                0x000022f0                Storage_SetPswd
 .text.Storage_DeletePswd
                0x00002424       0x9c ./funciones/Storage.o
                0x00002424                Storage_DeletePswd
 .text.Storage_GetContQ
                0x000024c0       0x14 ./funciones/Storage.o
                0x000024c0                Storage_GetContQ
 .text.Storage_PopCont
                0x000024d4       0x9c ./funciones/Storage.o
                0x000024d4                Storage_PopCont
 .text.Storage_SetCont
                0x00002570      0x130 ./funciones/Storage.o
                0x00002570                Storage_SetCont
 .text.Storage_DeleteCont
                0x000026a0       0xa4 ./funciones/Storage.o
                0x000026a0                Storage_DeleteCont
 .text.Storage_Reset
                0x00002744       0x20 ./funciones/Storage.o
                0x00002744                Storage_Reset
 .text.TramaMe_Update
                0x00002764      0x120 ./funciones/TramaMe.o
                0x00002764                TramaMe_Update
 .text.TramaMe_GetCommandAvailable
                0x00002884       0x2c ./funciones/TramaMe.o
                0x00002884                TramaMe_GetCommandAvailable
 .text.TramaMe_GetDataAvailable
                0x000028b0       0x7c ./funciones/TramaMe.o
                0x000028b0                TramaMe_GetDataAvailable
 .text.TramaMe_GetDecryptedData
                0x0000292c       0x7c ./funciones/TramaMe.o
                0x0000292c                TramaMe_GetDecryptedData
 .text.TramaMe_SendEncryptedData
                0x000029a8       0x68 ./funciones/TramaMe.o
                0x000029a8                TramaMe_SendEncryptedData
 .text.TramaMe_SendComand
                0x00002a10       0x34 ./funciones/TramaMe.o
                0x00002a10                TramaMe_SendComand
 .text.EndReception
                0x00002a44       0x74 ./funciones/TramaMe.o
 .text.ResetTimer
                0x00002ab8       0x24 ./funciones/TramaMe.o
 .text.AlertOK  0x00002adc       0x38 ./funciones/Utilities.o
                0x00002adc                AlertOK
 .text.AlertFAIL
                0x00002b14       0x38 ./funciones/Utilities.o
                0x00002b14                AlertFAIL
 .text.CLOCK_GetCoreSysClkFreq
                0x00002b4c       0x24 ./drivers/fsl_clock.o
 .text.CLOCK_GetSystemPLLFreq
                0x00002b70       0x20 ./drivers/fsl_clock.o
 .text.CLOCK_GetWdtOscFreq
                0x00002b90       0x14 ./drivers/fsl_clock.o
 .text.CLOCK_GetExtClkFreq
                0x00002ba4       0x14 ./drivers/fsl_clock.o
 .text.CLOCK_UpdateClkSrc
                0x00002bb8       0x4c ./drivers/fsl_clock.o
 .text.CLOCK_GetFRG0ClkFreq
                0x00002c04       0x64 ./drivers/fsl_clock.o
                0x00002c04                CLOCK_GetFRG0ClkFreq
 .text.CLOCK_GetFRG1ClkFreq
                0x00002c68       0x64 ./drivers/fsl_clock.o
                0x00002c68                CLOCK_GetFRG1ClkFreq
 .text.CLOCK_GetMainClkFreq
                0x00002ccc       0x78 ./drivers/fsl_clock.o
                0x00002ccc                CLOCK_GetMainClkFreq
 .text.CLOCK_GetFroFreq
                0x00002d44       0x78 ./drivers/fsl_clock.o
                0x00002d44                CLOCK_GetFroFreq
 .text.CLOCK_GetFreq
                0x00002dbc       0x90 ./drivers/fsl_clock.o
                0x00002dbc                CLOCK_GetFreq
 .text.CLOCK_GetSystemPLLInClockRate
                0x00002e4c       0x64 ./drivers/fsl_clock.o
                0x00002e4c                CLOCK_GetSystemPLLInClockRate
 .text.CLOCK_SetMainClkSrc
                0x00002eb0       0x9c ./drivers/fsl_clock.o
                0x00002eb0                CLOCK_SetMainClkSrc
 .text.CLOCK_SetFroOutClkSrc
                0x00002f4c       0x48 ./drivers/fsl_clock.o
                0x00002f4c                CLOCK_SetFroOutClkSrc
 .text.CLOCK_EnableClock
                0x00002f94       0x54 ./drivers/fsl_gpio.o
 .text.GPIO_EnablePortClock
                0x00002fe8       0x38 ./drivers/fsl_gpio.o
 .text.translate_iap_status
                0x00003020       0x2c ./drivers/fsl_iap.o
 .text.iap_entry
                0x0000304c       0x2c ./drivers/fsl_iap.o
 .text.IAP_ConfigAccessFlashTime
                0x00003078       0x34 ./drivers/fsl_iap.o
                0x00003078                IAP_ConfigAccessFlashTime
 .text.RESET_SetPeripheralReset
                0x000030ac       0x70 ./drivers/fsl_reset.o
 .text.RESET_ClearPeripheralReset
                0x0000311c       0x6c ./drivers/fsl_reset.o
 .text.SWM_SetMovablePinSelect
                0x00003188       0x98 ./drivers/fsl_swm.o
                0x00003188                SWM_SetMovablePinSelect
 .text.__NVIC_EnableIRQ
                0x00003220       0x34 ./drivers/fsl_usart.o
 .text.CLOCK_EnableClock
                0x00003254       0x54 ./drivers/fsl_usart.o
 .text.USART_EnableContinuousSCLK
                0x000032a8       0x40 ./drivers/fsl_usart.o
 .text.USART_GetInstance
                0x000032e8       0x4c ./drivers/fsl_usart.o
                0x000032e8                USART_GetInstance
 .text.USART_TransferGetRxRingBufferLength
                0x00003334       0x6c ./drivers/fsl_usart.o
                0x00003334                USART_TransferGetRxRingBufferLength
 .text.USART_TransferIsRxRingBufferFull
                0x000033a0       0x58 ./drivers/fsl_usart.o
 .text.USART_TransferStartRingBuffer
                0x000033f8       0x74 ./drivers/fsl_usart.o
                0x000033f8                USART_TransferStartRingBuffer
 .text.USART_Init
                0x0000346c      0x12c ./drivers/fsl_usart.o
                0x0000346c                USART_Init
 .text.USART_GetDefaultConfig
                0x00003598       0x74 ./drivers/fsl_usart.o
                0x00003598                USART_GetDefaultConfig
 .text.USART_SetBaudRate
                0x0000360c      0x148 ./drivers/fsl_usart.o
                0x0000360c                USART_SetBaudRate
 .text.USART_TransferCreateHandle
                0x00003754       0x98 ./drivers/fsl_usart.o
                0x00003754                USART_TransferCreateHandle
 .text.USART_TransferSendNonBlocking
                0x000037ec       0x9c ./drivers/fsl_usart.o
                0x000037ec                USART_TransferSendNonBlocking
 .text.USART_TransferReceiveNonBlocking
                0x00003888      0x19c ./drivers/fsl_usart.o
                0x00003888                USART_TransferReceiveNonBlocking
 .text.USART_TransferHandleIRQ
                0x00003a24      0x230 ./drivers/fsl_usart.o
                0x00003a24                USART_TransferHandleIRQ
 .text.USART0_DriverIRQHandler
                0x00003c54       0x24 ./drivers/fsl_usart.o
                0x00003c54                USART0_DriverIRQHandler
 .text.USART1_DriverIRQHandler
                0x00003c78       0x24 ./drivers/fsl_usart.o
                0x00003c78                USART1_DriverIRQHandler
 .text.USART2_DriverIRQHandler
                0x00003c9c       0x24 ./drivers/fsl_usart.o
                0x00003c9c                USART2_DriverIRQHandler
 .text.PIN_INT6_USART3_DriverIRQHandler
                0x00003cc0       0x24 ./drivers/fsl_usart.o
                0x00003cc0                PIN_INT6_USART3_DriverIRQHandler
 .text.PIN_INT7_USART4_DriverIRQHandler
                0x00003ce4       0x24 ./drivers/fsl_usart.o
                0x00003ce4                PIN_INT7_USART4_DriverIRQHandler
 .text.SystemInit
                0x00003d08       0x2c ./device/system_LPC845.o
                0x00003d08                SystemInit
 .text.CLOCK_Select
                0x00003d34       0x38 ./board/clock_config.o
 .text.CLOCK_SetCoreSysClkDiv
                0x00003d6c       0x3c ./board/clock_config.o
 .text.CLOCK_SetFroOscFreq
                0x00003da8       0x24 ./board/clock_config.o
 .text.POWER_DisablePD
                0x00003dcc       0x2c ./board/clock_config.o
 .text.BOARD_BootClockFRO18M
                0x00003df8       0x58 ./board/clock_config.o
                0x00003df8                BOARD_BootClockFRO18M
 .text.CLOCK_EnableClock
                0x00003e50       0x54 ./board/pin_mux.o
 .text.CLOCK_DisableClock
                0x00003ea4       0x58 ./board/pin_mux.o
 .text.BOARD_InitPins
                0x00003efc       0x60 ./board/pin_mux.o
                0x00003efc                BOARD_InitPins
 .text.__NVIC_SetPriority
                0x00003f5c       0xdc G:\My Drive\MisArchivos\UTN\Informatica II\C\Librerias\infotroniclibrary_lpc845\Debug_Stick_LPC845\libInfotronicLibrary_LPC845.a(TimerSysTick.o)
 .text.SysTick_Config
                0x00004038       0x48 G:\My Drive\MisArchivos\UTN\Informatica II\C\Librerias\infotroniclibrary_lpc845\Debug_Stick_LPC845\libInfotronicLibrary_LPC845.a(TimerSysTick.o)
 .text.TIMER_Systick_Init
                0x00004080       0x24 G:\My Drive\MisArchivos\UTN\Informatica II\C\Librerias\infotroniclibrary_lpc845\Debug_Stick_LPC845\libInfotronicLibrary_LPC845.a(TimerSysTick.o)
                0x00004080                TIMER_Systick_Init
 .text.TIMER_Start
                0x000040a4       0xd8 G:\My Drive\MisArchivos\UTN\Informatica II\C\Librerias\infotroniclibrary_lpc845\Debug_Stick_LPC845\libInfotronicLibrary_LPC845.a(TimerSysTick.o)
                0x000040a4                TIMER_Start
 .text.TIMER_Stop
                0x0000417c       0x7c G:\My Drive\MisArchivos\UTN\Informatica II\C\Librerias\infotroniclibrary_lpc845\Debug_Stick_LPC845\libInfotronicLibrary_LPC845.a(TimerSysTick.o)
                0x0000417c                TIMER_Stop
 .text.TIMER_ProcessEvent
                0x000041f8       0xdc G:\My Drive\MisArchivos\UTN\Informatica II\C\Librerias\infotroniclibrary_lpc845\Debug_Stick_LPC845\libInfotronicLibrary_LPC845.a(TimerSysTick.o)
                0x000041f8                TIMER_ProcessEvent
 .text.timer_Check_Validity_Start
                0x000042d4       0x60 G:\My Drive\MisArchivos\UTN\Informatica II\C\Librerias\infotroniclibrary_lpc845\Debug_Stick_LPC845\libInfotronicLibrary_LPC845.a(TimerSysTick.o)
 .text.SysTick_Handler
                0x00004334       0x18 G:\My Drive\MisArchivos\UTN\Informatica II\C\Librerias\infotroniclibrary_lpc845\Debug_Stick_LPC845\libInfotronicLibrary_LPC845.a(TimerSysTick.o)
                0x00004334                SysTick_Handler
 .text.CLOCK_Select
                0x0000434c       0x38 G:\My Drive\MisArchivos\UTN\Informatica II\C\Librerias\infotroniclibrary_lpc845\Debug_Stick_LPC845\libInfotronicLibrary_LPC845.a(SerialPort.o)
 .text.SerialPort_Init
                0x00004384      0x1a0 G:\My Drive\MisArchivos\UTN\Informatica II\C\Librerias\infotroniclibrary_lpc845\Debug_Stick_LPC845\libInfotronicLibrary_LPC845.a(SerialPort.o)
                0x00004384                SerialPort_Init
 .text.SerialPort_GetByte
                0x00004524       0x7c G:\My Drive\MisArchivos\UTN\Informatica II\C\Librerias\infotroniclibrary_lpc845\Debug_Stick_LPC845\libInfotronicLibrary_LPC845.a(SerialPort.o)
                0x00004524                SerialPort_GetByte
 .text.SerialPort_Send
                0x000045a0       0x9c G:\My Drive\MisArchivos\UTN\Informatica II\C\Librerias\infotroniclibrary_lpc845\Debug_Stick_LPC845\libInfotronicLibrary_LPC845.a(SerialPort.o)
                0x000045a0                SerialPort_Send
 .text.SerialPort_IsByteAvailable
                0x0000463c       0x48 G:\My Drive\MisArchivos\UTN\Informatica II\C\Librerias\infotroniclibrary_lpc845\Debug_Stick_LPC845\libInfotronicLibrary_LPC845.a(SerialPort.o)
                0x0000463c                SerialPort_IsByteAvailable
 .text.Rgb_Init
                0x00004684       0x48 G:\My Drive\MisArchivos\UTN\Informatica II\C\Librerias\infotroniclibrary_lpc845\Debug_Stick_LPC845\libInfotronicLibrary_LPC845.a(Rgb.o)
                0x00004684                Rgb_Init
 .text.Rgb_SetState
                0x000046cc       0x64 G:\My Drive\MisArchivos\UTN\Informatica II\C\Librerias\infotroniclibrary_lpc845\Debug_Stick_LPC845\libInfotronicLibrary_LPC845.a(Rgb.o)
                0x000046cc                Rgb_SetState
 .text.Gpio_SetPin
                0x00004730       0x4c G:\My Drive\MisArchivos\UTN\Informatica II\C\Librerias\infotroniclibrary_lpc845\Debug_Stick_LPC845\libInfotronicLibrary_LPC845.a(Gpio.o)
                0x00004730                Gpio_SetPin
 .text.Gpio_ClrPin
                0x0000477c       0x4c G:\My Drive\MisArchivos\UTN\Informatica II\C\Librerias\infotroniclibrary_lpc845\Debug_Stick_LPC845\libInfotronicLibrary_LPC845.a(Gpio.o)
                0x0000477c                Gpio_ClrPin
 .text.Gpio_GetPinValue
                0x000047c8       0x58 G:\My Drive\MisArchivos\UTN\Informatica II\C\Librerias\infotroniclibrary_lpc845\Debug_Stick_LPC845\libInfotronicLibrary_LPC845.a(Gpio.o)
                0x000047c8                Gpio_GetPinValue
 .text.CLOCK_EnableClock
                0x00004820       0x54 G:\My Drive\MisArchivos\UTN\Informatica II\C\Librerias\infotroniclibrary_lpc845\Debug_Stick_LPC845\libInfotronicLibrary_LPC845.a(Pin.o)
 .text.CLOCK_DisableClock
                0x00004874       0x58 G:\My Drive\MisArchivos\UTN\Informatica II\C\Librerias\infotroniclibrary_lpc845\Debug_Stick_LPC845\libInfotronicLibrary_LPC845.a(Pin.o)
 .text.Pin_Config
                0x000048cc       0x4c G:\My Drive\MisArchivos\UTN\Informatica II\C\Librerias\infotroniclibrary_lpc845\Debug_Stick_LPC845\libInfotronicLibrary_LPC845.a(Pin.o)
                0x000048cc                Pin_Config
 .text.GetIoNum
                0x00004918       0x40 G:\My Drive\MisArchivos\UTN\Informatica II\C\Librerias\infotroniclibrary_lpc845\Debug_Stick_LPC845\libInfotronicLibrary_LPC845.a(Pin.o)
 .text.Keyboard_Init
                0x00004958       0xb0 G:\My Drive\MisArchivos\UTN\Informatica II\C\Librerias\infotroniclibrary_lpc845\Debug_Stick_LPC845\libInfotronicLibrary_LPC845.a(Keyboard.o)
                0x00004958                Keyboard_Init
 .text.Keyboard_GetKey
                0x00004a08       0x38 G:\My Drive\MisArchivos\UTN\Informatica II\C\Librerias\infotroniclibrary_lpc845\Debug_Stick_LPC845\libInfotronicLibrary_LPC845.a(Keyboard.o)
                0x00004a08                Keyboard_GetKey
 .text.Keyboard_Update
                0x00004a40       0x9c G:\My Drive\MisArchivos\UTN\Informatica II\C\Librerias\infotroniclibrary_lpc845\Debug_Stick_LPC845\libInfotronicLibrary_LPC845.a(Keyboard.o)
                0x00004a40                Keyboard_Update
 .text.KeyboardDriver_Update
                0x00004adc       0x30 G:\My Drive\MisArchivos\UTN\Informatica II\C\Librerias\infotroniclibrary_lpc845\Debug_Stick_LPC845\libInfotronicLibrary_LPC845.a(Keyboard.o)
 .text.KeyboardDriver_GetKeyboardState
                0x00004b0c       0x74 G:\My Drive\MisArchivos\UTN\Informatica II\C\Librerias\infotroniclibrary_lpc845\Debug_Stick_LPC845\libInfotronicLibrary_LPC845.a(Keyboard.o)
 .text.StandardKeyboardDriver_Init
                0x00004b80       0x3c G:\My Drive\MisArchivos\UTN\Informatica II\C\Librerias\infotroniclibrary_lpc845\Debug_Stick_LPC845\libInfotronicLibrary_LPC845.a(StandardKeyboardDriver.o)
                0x00004b80                StandardKeyboardDriver_Init
 .text.StandardKeyboardDriver_GetKeyboardState
                0x00004bbc       0x14 G:\My Drive\MisArchivos\UTN\Informatica II\C\Librerias\infotroniclibrary_lpc845\Debug_Stick_LPC845\libInfotronicLibrary_LPC845.a(StandardKeyboardDriver.o)
                0x00004bbc                StandardKeyboardDriver_GetKeyboardState
 .text.StandardKeyboardDriver_Update
                0x00004bd0       0xb4 G:\My Drive\MisArchivos\UTN\Informatica II\C\Librerias\infotroniclibrary_lpc845\Debug_Stick_LPC845\libInfotronicLibrary_LPC845.a(StandardKeyboardDriver.o)
                0x00004bd0                StandardKeyboardDriver_Update
 .text.MatrixKeyboardDriver_GetKeyboardState
                0x00004c84       0x14 G:\My Drive\MisArchivos\UTN\Informatica II\C\Librerias\infotroniclibrary_lpc845\Debug_Stick_LPC845\libInfotronicLibrary_LPC845.a(MatrixKeyboardDriver.o)
                0x00004c84                MatrixKeyboardDriver_GetKeyboardState
 .text.MatrixKeyboardDriver_Update
                0x00004c98       0x60 G:\My Drive\MisArchivos\UTN\Informatica II\C\Librerias\infotroniclibrary_lpc845\Debug_Stick_LPC845\libInfotronicLibrary_LPC845.a(MatrixKeyboardDriver.o)
                0x00004c98                MatrixKeyboardDriver_Update
 .text.__assertion_failed
                0x00004cf8       0x4c c:/nxp/mcuxpressoide_11.4.1_6260/ide/plugins/com.nxp.mcuxpresso.tools.win32_11.4.0.202103011116/tools/bin/../lib/gcc/arm-none-eabi/10.2.1/../../../../arm-none-eabi/lib/thumb/v6-m/nofp\libcr_semihost_nf.a(_cr_assert.o)
                0x00004cf8                __assertion_failed
 .text.__sys_appexit
                0x00004d44        0xc c:/nxp/mcuxpressoide_11.4.1_6260/ide/plugins/com.nxp.mcuxpresso.tools.win32_11.4.0.202103011116/tools/bin/../lib/gcc/arm-none-eabi/10.2.1/../../../../arm-none-eabi/lib/thumb/v6-m/nofp\libcr_semihost_nf.a(__sys_appexit.o)
                0x00004d44                __sys_appexit
                0x00004d44                __exit
 .text._deferredlazyseek
                0x00004d50       0x40 c:/nxp/mcuxpressoide_11.4.1_6260/ide/plugins/com.nxp.mcuxpresso.tools.win32_11.4.0.202103011116/tools/bin/../lib/gcc/arm-none-eabi/10.2.1/../../../../arm-none-eabi/lib/thumb/v6-m/nofp\libcr_c.a(_deferredlazyseek.o)
                0x00004d50                _deferredlazyseek
 .text.__flsbuf
                0x00004d90      0x150 c:/nxp/mcuxpressoide_11.4.1_6260/ide/plugins/com.nxp.mcuxpresso.tools.win32_11.4.0.202103011116/tools/bin/../lib/gcc/arm-none-eabi/10.2.1/../../../../arm-none-eabi/lib/thumb/v6-m/nofp\libcr_c.a(_deferredlazyseek.o)
                0x00004d90                __flsbuf
 .text._fflush  0x00004ee0       0x60 c:/nxp/mcuxpressoide_11.4.1_6260/ide/plugins/com.nxp.mcuxpresso.tools.win32_11.4.0.202103011116/tools/bin/../lib/gcc/arm-none-eabi/10.2.1/../../../../arm-none-eabi/lib/thumb/v6-m/nofp\libcr_c.a(_fflush.o)
                0x00004ee0                _fflush
 .text._Cwritebuf
                0x00004f40       0x68 c:/nxp/mcuxpressoide_11.4.1_6260/ide/plugins/com.nxp.mcuxpresso.tools.win32_11.4.0.202103011116/tools/bin/../lib/gcc/arm-none-eabi/10.2.1/../../../../arm-none-eabi/lib/thumb/v6-m/nofp\libcr_c.a(_writebuf.o)
                0x00004f40                _Cwritebuf
 .text.malloc   0x00004fa8       0xd0 c:/nxp/mcuxpressoide_11.4.1_6260/ide/plugins/com.nxp.mcuxpresso.tools.win32_11.4.0.202103011116/tools/bin/../lib/gcc/arm-none-eabi/10.2.1/../../../../arm-none-eabi/lib/thumb/v6-m/nofp\libcr_c.a(alloc.o)
                0x00004fa8                malloc
 .text._Csys_alloc
                0x00005078       0x20 c:/nxp/mcuxpressoide_11.4.1_6260/ide/plugins/com.nxp.mcuxpresso.tools.win32_11.4.0.202103011116/tools/bin/../lib/gcc/arm-none-eabi/10.2.1/../../../../arm-none-eabi/lib/thumb/v6-m/nofp\libcr_c.a(alloc.o)
                0x00005078                _Csys_alloc
 .text.ceil     0x00005098       0x9c c:/nxp/mcuxpressoide_11.4.1_6260/ide/plugins/com.nxp.mcuxpresso.tools.win32_11.4.0.202103011116/tools/bin/../lib/gcc/arm-none-eabi/10.2.1/../../../../arm-none-eabi/lib/thumb/v6-m/nofp\libcr_c.a(ceil.o)
                0x00005098                ceil
 .text.sprintf  0x00005134       0x6c c:/nxp/mcuxpressoide_11.4.1_6260/ide/plugins/com.nxp.mcuxpresso.tools.win32_11.4.0.202103011116/tools/bin/../lib/gcc/arm-none-eabi/10.2.1/../../../../arm-none-eabi/lib/thumb/v6-m/nofp\libcr_c.a(fpprintf.o)
                0x00005134                sprintf
 .text.fp_display
                0x000051a0      0x97c c:/nxp/mcuxpressoide_11.4.1_6260/ide/plugins/com.nxp.mcuxpresso.tools.win32_11.4.0.202103011116/tools/bin/../lib/gcc/arm-none-eabi/10.2.1/../../../../arm-none-eabi/lib/thumb/v6-m/nofp\libcr_c.a(fpprintf.o)
 .text.vsnprintf
                0x00005b1c       0x70 c:/nxp/mcuxpressoide_11.4.1_6260/ide/plugins/com.nxp.mcuxpresso.tools.win32_11.4.0.202103011116/tools/bin/../lib/gcc/arm-none-eabi/10.2.1/../../../../arm-none-eabi/lib/thumb/v6-m/nofp\libcr_c.a(fpprintf.o)
                0x00005b1c                vsnprintf
 .text.printf   0x00005b8c       0x50 c:/nxp/mcuxpressoide_11.4.1_6260/ide/plugins/com.nxp.mcuxpresso.tools.win32_11.4.0.202103011116/tools/bin/../lib/gcc/arm-none-eabi/10.2.1/../../../../arm-none-eabi/lib/thumb/v6-m/nofp\libcr_c.a(fpprintf.o)
                0x00005b8c                printf
 .text.fseek    0x00005bdc       0xf0 c:/nxp/mcuxpressoide_11.4.1_6260/ide/plugins/com.nxp.mcuxpresso.tools.win32_11.4.0.202103011116/tools/bin/../lib/gcc/arm-none-eabi/10.2.1/../../../../arm-none-eabi/lib/thumb/v6-m/nofp\libcr_c.a(fseek.o)
                0x00005bdc                fseek
 .text.ftell    0x00005ccc       0x48 c:/nxp/mcuxpressoide_11.4.1_6260/ide/plugins/com.nxp.mcuxpresso.tools.win32_11.4.0.202103011116/tools/bin/../lib/gcc/arm-none-eabi/10.2.1/../../../../arm-none-eabi/lib/thumb/v6-m/nofp\libcr_c.a(ftell.o)
                0x00005ccc                ftell
 .text._initio  0x00005d14       0x7c c:/nxp/mcuxpressoide_11.4.1_6260/ide/plugins/com.nxp.mcuxpresso.tools.win32_11.4.0.202103011116/tools/bin/../lib/gcc/arm-none-eabi/10.2.1/../../../../arm-none-eabi/lib/thumb/v6-m/nofp\libcr_c.a(initio.o)
                0x00005d14                _initio
 .text.__vfprintf
                0x00005d90      0xd40 c:/nxp/mcuxpressoide_11.4.1_6260/ide/plugins/com.nxp.mcuxpresso.tools.win32_11.4.0.202103011116/tools/bin/../lib/gcc/arm-none-eabi/10.2.1/../../../../arm-none-eabi/lib/thumb/v6-m/nofp\libcr_c.a(printf.o)
                0x00005d90                __vfprintf
 .text._fprintf
                0x00006ad0       0x2c c:/nxp/mcuxpressoide_11.4.1_6260/ide/plugins/com.nxp.mcuxpresso.tools.win32_11.4.0.202103011116/tools/bin/../lib/gcc/arm-none-eabi/10.2.1/../../../../arm-none-eabi/lib/thumb/v6-m/nofp\libcr_c.a(printf.o)
                0x00006ad0                _fprintf
 .text._sprintf
                0x00006afc       0x6c c:/nxp/mcuxpressoide_11.4.1_6260/ide/plugins/com.nxp.mcuxpresso.tools.win32_11.4.0.202103011116/tools/bin/../lib/gcc/arm-none-eabi/10.2.1/../../../../arm-none-eabi/lib/thumb/v6-m/nofp\libcr_c.a(printf.o)
                0x00006afc                _sprintf
 .text._vsnprintf
                0x00006b68       0x70 c:/nxp/mcuxpressoide_11.4.1_6260/ide/plugins/com.nxp.mcuxpresso.tools.win32_11.4.0.202103011116/tools/bin/../lib/gcc/arm-none-eabi/10.2.1/../../../../arm-none-eabi/lib/thumb/v6-m/nofp\libcr_c.a(printf.o)
                0x00006b68                _vsnprintf
 .text._printf  0x00006bd8       0x50 c:/nxp/mcuxpressoide_11.4.1_6260/ide/plugins/com.nxp.mcuxpresso.tools.win32_11.4.0.202103011116/tools/bin/../lib/gcc/arm-none-eabi/10.2.1/../../../../arm-none-eabi/lib/thumb/v6-m/nofp\libcr_c.a(printf.o)
                0x00006bd8                _printf
 .text.setvbuf  0x00006c28       0x4c c:/nxp/mcuxpressoide_11.4.1_6260/ide/plugins/com.nxp.mcuxpresso.tools.win32_11.4.0.202103011116/tools/bin/../lib/gcc/arm-none-eabi/10.2.1/../../../../arm-none-eabi/lib/thumb/v6-m/nofp\libcr_c.a(setvbuf.o)
                0x00006c28                setvbuf
 .text.strlen   0x00006c74       0x58 c:/nxp/mcuxpressoide_11.4.1_6260/ide/plugins/com.nxp.mcuxpresso.tools.win32_11.4.0.202103011116/tools/bin/../lib/gcc/arm-none-eabi/10.2.1/../../../../arm-none-eabi/lib/thumb/v6-m/nofp\libcr_c.a(strlen.o)
                0x00006c74                strlen
 .text.strncpy  0x00006ccc       0x58 c:/nxp/mcuxpressoide_11.4.1_6260/ide/plugins/com.nxp.mcuxpresso.tools.win32_11.4.0.202103011116/tools/bin/../lib/gcc/arm-none-eabi/10.2.1/../../../../arm-none-eabi/lib/thumb/v6-m/nofp\libcr_c.a(strncpy.o)
                0x00006ccc                strncpy
 .text._sbrk    0x00006d24       0x44 c:/nxp/mcuxpressoide_11.4.1_6260/ide/plugins/com.nxp.mcuxpresso.tools.win32_11.4.0.202103011116/tools/bin/../lib/gcc/arm-none-eabi/10.2.1/../../../../arm-none-eabi/lib/thumb/v6-m/nofp\libcr_c.a(_cr_sbrk.o)
                0x00006d24                _sbrk
 .text._fdopen  0x00006d68       0x74 c:/nxp/mcuxpressoide_11.4.1_6260/ide/plugins/com.nxp.mcuxpresso.tools.win32_11.4.0.202103011116/tools/bin/../lib/gcc/arm-none-eabi/10.2.1/../../../../arm-none-eabi/lib/thumb/v6-m/nofp\libcr_c.a(_fdopen.o)
                0x00006d68                _fdopen
 .text._frexpl  0x00006ddc       0x80 c:/nxp/mcuxpressoide_11.4.1_6260/ide/plugins/com.nxp.mcuxpresso.tools.win32_11.4.0.202103011116/tools/bin/../lib/gcc/arm-none-eabi/10.2.1/../../../../arm-none-eabi/lib/thumb/v6-m/nofp\libcr_c.a(_frexpl.o)
                0x00006ddc                _frexpl
 .text._ldexpl  0x00006e5c       0x58 c:/nxp/mcuxpressoide_11.4.1_6260/ide/plugins/com.nxp.mcuxpresso.tools.win32_11.4.0.202103011116/tools/bin/../lib/gcc/arm-none-eabi/10.2.1/../../../../arm-none-eabi/lib/thumb/v6-m/nofp\libcr_c.a(_ldexpl.o)
                0x00006e5c                _ldexpl
 .text.fclose   0x00006eb4       0x5c c:/nxp/mcuxpressoide_11.4.1_6260/ide/plugins/com.nxp.mcuxpresso.tools.win32_11.4.0.202103011116/tools/bin/../lib/gcc/arm-none-eabi/10.2.1/../../../../arm-none-eabi/lib/thumb/v6-m/nofp\libcr_c.a(fclose.o)
                0x00006eb4                fclose
 .text.fflush   0x00006f10       0x44 c:/nxp/mcuxpressoide_11.4.1_6260/ide/plugins/com.nxp.mcuxpresso.tools.win32_11.4.0.202103011116/tools/bin/../lib/gcc/arm-none-eabi/10.2.1/../../../../arm-none-eabi/lib/thumb/v6-m/nofp\libcr_c.a(fflush.o)
                0x00006f10                fflush
 .text.__check_heap_overflow
                0x00006f54       0x18 c:/nxp/mcuxpressoide_11.4.1_6260/ide/plugins/com.nxp.mcuxpresso.tools.win32_11.4.0.202103011116/tools/bin/../lib/gcc/arm-none-eabi/10.2.1/../../../../arm-none-eabi/lib/thumb/v6-m/nofp\libcr_c.a(_cr_check_heap.o)
                0x00006f54                __check_heap_overflow
 .text._do_fflush
                0x00006f6c       0x48 c:/nxp/mcuxpressoide_11.4.1_6260/ide/plugins/com.nxp.mcuxpresso.tools.win32_11.4.0.202103011116/tools/bin/../lib/gcc/arm-none-eabi/10.2.1/../../../../arm-none-eabi/lib/thumb/v6-m/nofp\libcr_c.a(_do_fflush.o)
                0x00006f6c                _do_fflush
 .text.__aeabi_dmul
                0x00006fb4      0x184 c:/nxp/mcuxpressoide_11.4.1_6260/ide/plugins/com.nxp.mcuxpresso.tools.win32_11.4.0.202103011116/tools/bin/../lib/gcc/arm-none-eabi/10.2.1/thumb/v6-m/nofp\libcr_eabihelpers.a(double.o)
                0x00006fb4                __aeabi_dmul
 .text.__aeabi_ddiv
                0x00007138      0x14c c:/nxp/mcuxpressoide_11.4.1_6260/ide/plugins/com.nxp.mcuxpresso.tools.win32_11.4.0.202103011116/tools/bin/../lib/gcc/arm-none-eabi/10.2.1/thumb/v6-m/nofp\libcr_eabihelpers.a(double.o)
                0x00007138                __aeabi_ddiv
 .text.__aeabi_dsub
                0x00007284      0x1c0 c:/nxp/mcuxpressoide_11.4.1_6260/ide/plugins/com.nxp.mcuxpresso.tools.win32_11.4.0.202103011116/tools/bin/../lib/gcc/arm-none-eabi/10.2.1/thumb/v6-m/nofp\libcr_eabihelpers.a(double.o)
                0x00007284                __aeabi_dsub
 .text.__aeabi_dadd
                0x00007444      0x134 c:/nxp/mcuxpressoide_11.4.1_6260/ide/plugins/com.nxp.mcuxpresso.tools.win32_11.4.0.202103011116/tools/bin/../lib/gcc/arm-none-eabi/10.2.1/thumb/v6-m/nofp\libcr_eabihelpers.a(double.o)
                0x00007444                __aeabi_dadd
 .text.__aeabi_d2iz
                0x00007578       0x50 c:/nxp/mcuxpressoide_11.4.1_6260/ide/plugins/com.nxp.mcuxpresso.tools.win32_11.4.0.202103011116/tools/bin/../lib/gcc/arm-none-eabi/10.2.1/thumb/v6-m/nofp\libcr_eabihelpers.a(double.o)
                0x00007578                __aeabi_d2iz
 .text.__aeabi_dcmpeq
                0x000075c8       0x30 c:/nxp/mcuxpressoide_11.4.1_6260/ide/plugins/com.nxp.mcuxpresso.tools.win32_11.4.0.202103011116/tools/bin/../lib/gcc/arm-none-eabi/10.2.1/thumb/v6-m/nofp\libcr_eabihelpers.a(double.o)
                0x000075c8                __aeabi_dcmpeq
 .text.__aeabi_dcmplt
                0x000075f8       0x60 c:/nxp/mcuxpressoide_11.4.1_6260/ide/plugins/com.nxp.mcuxpresso.tools.win32_11.4.0.202103011116/tools/bin/../lib/gcc/arm-none-eabi/10.2.1/thumb/v6-m/nofp\libcr_eabihelpers.a(double.o)
                0x000075f8                __aeabi_dcmplt
 .text.__aeabi_dcmple
                0x00007658       0x5c c:/nxp/mcuxpressoide_11.4.1_6260/ide/plugins/com.nxp.mcuxpresso.tools.win32_11.4.0.202103011116/tools/bin/../lib/gcc/arm-none-eabi/10.2.1/thumb/v6-m/nofp\libcr_eabihelpers.a(double.o)
                0x00007658                __aeabi_dcmple
 .text.__aeabi_dcmpge
                0x000076b4       0x5c c:/nxp/mcuxpressoide_11.4.1_6260/ide/plugins/com.nxp.mcuxpresso.tools.win32_11.4.0.202103011116/tools/bin/../lib/gcc/arm-none-eabi/10.2.1/thumb/v6-m/nofp\libcr_eabihelpers.a(double.o)
                0x000076b4                __aeabi_dcmpge
 .text.xtime    0x00007710       0x40 ./funciones/Aes.o
 .text.Cipher   0x00007750       0x58 ./funciones/Aes.o
 .text.InvCipher
                0x000077a8       0x58 ./funciones/Aes.o
 .text.BlockCopy
                0x00007800       0x48 ./funciones/Aes.o
 .text.Flash_Init
                0x00007848       0x10 ./funciones/Flash.o
                0x00007848                Flash_Init
 .text.Flash_GetPageAddress
                0x00007858       0x24 ./funciones/Flash.o
                0x00007858                Flash_GetPageAddress
 .text.modmult  0x0000787c      0x1d2 ./funciones/Rsa.o
 .text.rsa_modExp
                0x00007a4e       0xe2 ./funciones/Rsa.o
                0x00007a4e                rsa_modExp
 .text.Storage_GetHashAddr
                0x00007b30       0x14 ./funciones/Storage.o
                0x00007b30                Storage_GetHashAddr
 .text.Storage_SetHash
                0x00007b44       0x1e ./funciones/Storage.o
                0x00007b44                Storage_SetHash
 .text.AlertPending
                0x00007b62       0x22 ./funciones/Utilities.o
                0x00007b62                AlertPending
 .text.AlertIdleState
                0x00007b84       0x22 ./funciones/Utilities.o
                0x00007b84                AlertIdleState
 .text.CLOCK_GetFRGInputClkFreq
                0x00007ba6       0x3e ./drivers/fsl_clock.o
 .text.GPIO_PinInit
                0x00007be4       0xc0 ./drivers/fsl_gpio.o
                0x00007be4                GPIO_PinInit
 .text.IAP_PrepareSectorForWrite
                0x00007ca4       0x5c ./drivers/fsl_iap.o
                0x00007ca4                IAP_PrepareSectorForWrite
 .text.IAP_CopyRamToFlash
                0x00007d00       0x7a ./drivers/fsl_iap.o
                0x00007d00                IAP_CopyRamToFlash
 .text.IAP_ErasePage
                0x00007d7a       0x72 ./drivers/fsl_iap.o
                0x00007d7a                IAP_ErasePage
 .text.RESET_PeripheralReset
                0x00007dec       0x20 ./drivers/fsl_reset.o
                0x00007dec                RESET_PeripheralReset
 .text.EnableIRQ
                0x00007e0c       0x36 ./drivers/fsl_usart.o
 .text.USART_GetStatusFlags
                0x00007e42       0x14 ./drivers/fsl_usart.o
 .text.USART_EnableInterrupts
                0x00007e56       0x1c ./drivers/fsl_usart.o
 .text.USART_DisableInterrupts
                0x00007e72       0x1c ./drivers/fsl_usart.o
 .text.USART_EnableTx
                0x00007e8e       0x46 ./drivers/fsl_usart.o
 .text.USART_EnableRx
                0x00007ed4       0x44 ./drivers/fsl_usart.o
 .text.SystemInitHook
                0x00007f18        0xa ./device/system_LPC845.o
                0x00007f18                SystemInitHook
 .text.BOARD_InitDebugConsole
                0x00007f22        0xc ./board/board.o
                0x00007f22                BOARD_InitDebugConsole
 .text.BOARD_InitBootClocks
                0x00007f2e        0xe ./board/clock_config.o
                0x00007f2e                BOARD_InitBootClocks
 .text.IOCON_PinMuxSet
                0x00007f3c       0x26 ./board/pin_mux.o
 .text.BOARD_InitBootPins
                0x00007f62        0xe ./board/pin_mux.o
                0x00007f62                BOARD_InitBootPins
 .text.GPIO_PinWrite
                0x00007f70       0x2c G:\My Drive\MisArchivos\UTN\Informatica II\C\Librerias\infotroniclibrary_lpc845\Debug_Stick_LPC845\libInfotronicLibrary_LPC845.a(Gpio.o)
 .text.GPIO_PinRead
                0x00007f9c       0x24 G:\My Drive\MisArchivos\UTN\Informatica II\C\Librerias\infotroniclibrary_lpc845\Debug_Stick_LPC845\libInfotronicLibrary_LPC845.a(Gpio.o)
 .text.Gpio_Init
                0x00007fc0       0x7a G:\My Drive\MisArchivos\UTN\Informatica II\C\Librerias\infotroniclibrary_lpc845\Debug_Stick_LPC845\libInfotronicLibrary_LPC845.a(Gpio.o)
                0x00007fc0                Gpio_Init
 .text.Gpio_TurnOn
                0x0000803a       0x42 G:\My Drive\MisArchivos\UTN\Informatica II\C\Librerias\infotroniclibrary_lpc845\Debug_Stick_LPC845\libInfotronicLibrary_LPC845.a(Gpio.o)
                0x0000803a                Gpio_TurnOn
 .text.Gpio_TurnOff
                0x0000807c       0x42 G:\My Drive\MisArchivos\UTN\Informatica II\C\Librerias\infotroniclibrary_lpc845\Debug_Stick_LPC845\libInfotronicLibrary_LPC845.a(Gpio.o)
                0x0000807c                Gpio_TurnOff
 .text.Gpio_GetPinState
                0x000080be       0x4c G:\My Drive\MisArchivos\UTN\Informatica II\C\Librerias\infotroniclibrary_lpc845\Debug_Stick_LPC845\libInfotronicLibrary_LPC845.a(Gpio.o)
                0x000080be                Gpio_GetPinState
 .text.IOCON_PinMuxSet
                0x0000810a       0x26 G:\My Drive\MisArchivos\UTN\Informatica II\C\Librerias\infotroniclibrary_lpc845\Debug_Stick_LPC845\libInfotronicLibrary_LPC845.a(Pin.o)
 .text.Debug_CheckFailed
                0x00008130        0xc G:\My Drive\MisArchivos\UTN\Informatica II\C\Librerias\infotroniclibrary_lpc845\Debug_Stick_LPC845\libInfotronicLibrary_LPC845.a(Debug.o)
                0x00008130                Debug_CheckFailed
 .text.StandardKeyboardDriver_GetMaxKeys
                0x0000813c        0xc G:\My Drive\MisArchivos\UTN\Informatica II\C\Librerias\infotroniclibrary_lpc845\Debug_Stick_LPC845\libInfotronicLibrary_LPC845.a(StandardKeyboardDriver.o)
                0x0000813c                StandardKeyboardDriver_GetMaxKeys
 .text.MatrixKeyboardDriver_Init
                0x00008148       0x1a G:\My Drive\MisArchivos\UTN\Informatica II\C\Librerias\infotroniclibrary_lpc845\Debug_Stick_LPC845\libInfotronicLibrary_LPC845.a(MatrixKeyboardDriver.o)
                0x00008148                MatrixKeyboardDriver_Init
 .text.MatrixKeyboardDriver_GetMaxKeys
                0x00008162        0xc G:\My Drive\MisArchivos\UTN\Informatica II\C\Librerias\infotroniclibrary_lpc845\Debug_Stick_LPC845\libInfotronicLibrary_LPC845.a(MatrixKeyboardDriver.o)
                0x00008162                MatrixKeyboardDriver_GetMaxKeys
 .text.__main   0x0000816e        0xc c:/nxp/mcuxpressoide_11.4.1_6260/ide/plugins/com.nxp.mcuxpresso.tools.win32_11.4.0.202103011116/tools/bin/../lib/gcc/arm-none-eabi/10.2.1/../../../../arm-none-eabi/lib/thumb/v6-m/nofp\libcr_semihost_nf.a(_cr__main.o)
                0x0000816e                __CR_SEMIHOST
                0x0000816e                __main
 .text.memcpy   0x0000817a        0x8 c:/nxp/mcuxpressoide_11.4.1_6260/ide/plugins/com.nxp.mcuxpresso.tools.win32_11.4.0.202103011116/tools/bin/../lib/gcc/arm-none-eabi/10.2.1/../../../../arm-none-eabi/lib/thumb/v6-m/nofp\libcr_c.a(memcpy.o)
                0x0000817a                memcpy
 .text.memset   0x00008182        0x8 c:/nxp/mcuxpressoide_11.4.1_6260/ide/plugins/com.nxp.mcuxpresso.tools.win32_11.4.0.202103011116/tools/bin/../lib/gcc/arm-none-eabi/10.2.1/../../../../arm-none-eabi/lib/thumb/v6-m/nofp\libcr_c.a(memset.o)
                0x00008182                memset
 .text.free     0x0000818a       0x2c c:/nxp/mcuxpressoide_11.4.1_6260/ide/plugins/com.nxp.mcuxpresso.tools.win32_11.4.0.202103011116/tools/bin/../lib/gcc/arm-none-eabi/10.2.1/../../../../arm-none-eabi/lib/thumb/v6-m/nofp\libcr_c.a(alloc.o)
                0x0000818a                free
 .text.fp_round
                0x000081b6       0x4a c:/nxp/mcuxpressoide_11.4.1_6260/ide/plugins/com.nxp.mcuxpresso.tools.win32_11.4.0.202103011116/tools/bin/../lib/gcc/arm-none-eabi/10.2.1/../../../../arm-none-eabi/lib/thumb/v6-m/nofp\libcr_c.a(fpprintf.o)
 .text.pr_dec.constprop.0
                0x00008200       0x30 c:/nxp/mcuxpressoide_11.4.1_6260/ide/plugins/com.nxp.mcuxpresso.tools.win32_11.4.0.202103011116/tools/bin/../lib/gcc/arm-none-eabi/10.2.1/../../../../arm-none-eabi/lib/thumb/v6-m/nofp\libcr_c.a(fpprintf.o)
 .text.fputs    0x00008230       0x2e c:/nxp/mcuxpressoide_11.4.1_6260/ide/plugins/com.nxp.mcuxpresso.tools.win32_11.4.0.202103011116/tools/bin/../lib/gcc/arm-none-eabi/10.2.1/../../../../arm-none-eabi/lib/thumb/v6-m/nofp\libcr_c.a(fputs.o)
                0x00008230                fputs
 .text.memcmp   0x0000825e       0x38 c:/nxp/mcuxpressoide_11.4.1_6260/ide/plugins/com.nxp.mcuxpresso.tools.win32_11.4.0.202103011116/tools/bin/../lib/gcc/arm-none-eabi/10.2.1/../../../../arm-none-eabi/lib/thumb/v6-m/nofp\libcr_c.a(memcmp.o)
                0x0000825e                memcmp
 .text.no_fp_display
                0x00008296        0x4 c:/nxp/mcuxpressoide_11.4.1_6260/ide/plugins/com.nxp.mcuxpresso.tools.win32_11.4.0.202103011116/tools/bin/../lib/gcc/arm-none-eabi/10.2.1/../../../../arm-none-eabi/lib/thumb/v6-m/nofp\libcr_c.a(printf.o)
 .text.remove   0x0000829a       0x12 c:/nxp/mcuxpressoide_11.4.1_6260/ide/plugins/com.nxp.mcuxpresso.tools.win32_11.4.0.202103011116/tools/bin/../lib/gcc/arm-none-eabi/10.2.1/../../../../arm-none-eabi/lib/thumb/v6-m/nofp\libcr_c.a(remove.o)
                0x0000829a                remove
 .text.__aeabi_division_idivmod
                0x000082ac       0x78 c:/nxp/mcuxpressoide_11.4.1_6260/ide/plugins/com.nxp.mcuxpresso.tools.win32_11.4.0.202103011116/tools/bin/../lib/gcc/arm-none-eabi/10.2.1/thumb/v6-m/nofp\libcr_eabihelpers.a(division_32.o)
                0x000082ac                __aeabi_idivmod
                0x000082ac                __aeabi_idiv
                0x000082b2                __aeabi_uidivmod
                0x000082b2                __aeabi_uidiv
 .text.__aeabi_division_uldivmod
                0x00008324       0x5a c:/nxp/mcuxpressoide_11.4.1_6260/ide/plugins/com.nxp.mcuxpresso.tools.win32_11.4.0.202103011116/tools/bin/../lib/gcc/arm-none-eabi/10.2.1/thumb/v6-m/nofp\libcr_eabihelpers.a(division_64.o)
                0x00008324                __aeabi_uldivmod
 .text.__aeabi_division_ldivmod
                0x0000837e       0x32 c:/nxp/mcuxpressoide_11.4.1_6260/ide/plugins/com.nxp.mcuxpresso.tools.win32_11.4.0.202103011116/tools/bin/../lib/gcc/arm-none-eabi/10.2.1/thumb/v6-m/nofp\libcr_eabihelpers.a(division_64.o)
                0x0000837e                __aeabi_ldivmod
 .text.__aeabi_division_idiv0
                0x000083b0        0x2 c:/nxp/mcuxpressoide_11.4.1_6260/ide/plugins/com.nxp.mcuxpresso.tools.win32_11.4.0.202103011116/tools/bin/../lib/gcc/arm-none-eabi/10.2.1/thumb/v6-m/nofp\libcr_eabihelpers.a(division_idiv0.o)
                0x000083b0                __aeabi_idiv0
 .text.__bhs_ui2d
                0x000083b2       0x5e c:/nxp/mcuxpressoide_11.4.1_6260/ide/plugins/com.nxp.mcuxpresso.tools.win32_11.4.0.202103011116/tools/bin/../lib/gcc/arm-none-eabi/10.2.1/thumb/v6-m/nofp\libcr_eabihelpers.a(double.o)
                0x000083b2                __bhs_ui2d
 .text.__aeabi_i2d
                0x00008410       0x18 c:/nxp/mcuxpressoide_11.4.1_6260/ide/plugins/com.nxp.mcuxpresso.tools.win32_11.4.0.202103011116/tools/bin/../lib/gcc/arm-none-eabi/10.2.1/thumb/v6-m/nofp\libcr_eabihelpers.a(double.o)
                0x00008410                __aeabi_i2d
 .text.__aeabi_ui2d
                0x00008428        0xc c:/nxp/mcuxpressoide_11.4.1_6260/ide/plugins/com.nxp.mcuxpresso.tools.win32_11.4.0.202103011116/tools/bin/../lib/gcc/arm-none-eabi/10.2.1/thumb/v6-m/nofp\libcr_eabihelpers.a(double.o)
                0x00008428                __aeabi_ui2d
 .text.__aeabi_llong_lmul
                0x00008434       0x2e c:/nxp/mcuxpressoide_11.4.1_6260/ide/plugins/com.nxp.mcuxpresso.tools.win32_11.4.0.202103011116/tools/bin/../lib/gcc/arm-none-eabi/10.2.1/thumb/v6-m/nofp\libcr_eabihelpers.a(llong.o)
                0x00008434                __aeabi_lmul
 .text.__aeabi_memcpy
                0x00008462       0x2c c:/nxp/mcuxpressoide_11.4.1_6260/ide/plugins/com.nxp.mcuxpresso.tools.win32_11.4.0.202103011116/tools/bin/../lib/gcc/arm-none-eabi/10.2.1/thumb/v6-m/nofp\libcr_eabihelpers.a(memcpy.o)
                0x00008462                __aeabi_memcpy4
                0x00008462                __aeabi_memcpy8
                0x00008462                __aeabi_memcpy
 .text.__aeabi_memset_lowlevel
                0x0000848e       0x2a c:/nxp/mcuxpressoide_11.4.1_6260/ide/plugins/com.nxp.mcuxpresso.tools.win32_11.4.0.202103011116/tools/bin/../lib/gcc/arm-none-eabi/10.2.1/thumb/v6-m/nofp\libcr_eabihelpers.a(memcpy.o)
                0x0000848e                __aeabi_lowlevel_memset
 .text.__gnu_thumb1_case_shi
                0x000084b8       0x10 c:/nxp/mcuxpressoide_11.4.1_6260/ide/plugins/com.nxp.mcuxpresso.tools.win32_11.4.0.202103011116/tools/bin/../lib/gcc/arm-none-eabi/10.2.1/thumb/v6-m/nofp\libcr_eabihelpers.a(thumb1_switch_helpers.o)
                0x000084b8                __gnu_thumb1_case_shi
 .text.__sys_close
                0x000084c8        0xc c:/nxp/mcuxpressoide_11.4.1_6260/ide/plugins/com.nxp.mcuxpresso.tools.win32_11.4.0.202103011116/tools/bin/../lib/gcc/arm-none-eabi/10.2.1/../../../../arm-none-eabi/lib/thumb/v6-m/nofp\libcr_semihost_nf.a(__sys_close.o)
                0x000084c8                __sys_close
 .text.__sys_flen
                0x000084d4        0xc c:/nxp/mcuxpressoide_11.4.1_6260/ide/plugins/com.nxp.mcuxpresso.tools.win32_11.4.0.202103011116/tools/bin/../lib/gcc/arm-none-eabi/10.2.1/../../../../arm-none-eabi/lib/thumb/v6-m/nofp\libcr_semihost_nf.a(__sys_flen.o)
                0x000084d4                __sys_flen
 .text.__sys_istty
                0x000084e0        0xc c:/nxp/mcuxpressoide_11.4.1_6260/ide/plugins/com.nxp.mcuxpresso.tools.win32_11.4.0.202103011116/tools/bin/../lib/gcc/arm-none-eabi/10.2.1/../../../../arm-none-eabi/lib/thumb/v6-m/nofp\libcr_semihost_nf.a(__sys_istty.o)
                0x000084e0                __sys_istty
 .text.__sys_remove
                0x000084ec        0xc c:/nxp/mcuxpressoide_11.4.1_6260/ide/plugins/com.nxp.mcuxpresso.tools.win32_11.4.0.202103011116/tools/bin/../lib/gcc/arm-none-eabi/10.2.1/../../../../arm-none-eabi/lib/thumb/v6-m/nofp\libcr_semihost_nf.a(__sys_remove.o)
                0x000084ec                __sys_remove
 .text.__sys_seek
                0x000084f8        0xc c:/nxp/mcuxpressoide_11.4.1_6260/ide/plugins/com.nxp.mcuxpresso.tools.win32_11.4.0.202103011116/tools/bin/../lib/gcc/arm-none-eabi/10.2.1/../../../../arm-none-eabi/lib/thumb/v6-m/nofp\libcr_semihost_nf.a(__sys_seek.o)
                0x000084f8                __sys_seek
 .text.__sys_tmpnam
                0x00008504        0xc c:/nxp/mcuxpressoide_11.4.1_6260/ide/plugins/com.nxp.mcuxpresso.tools.win32_11.4.0.202103011116/tools/bin/../lib/gcc/arm-none-eabi/10.2.1/../../../../arm-none-eabi/lib/thumb/v6-m/nofp\libcr_semihost_nf.a(__sys_tmpnam.o)
                0x00008504                __sys_tmpnam
 .text.__sys_write
                0x00008510        0xc c:/nxp/mcuxpressoide_11.4.1_6260/ide/plugins/com.nxp.mcuxpresso.tools.win32_11.4.0.202103011116/tools/bin/../lib/gcc/arm-none-eabi/10.2.1/../../../../arm-none-eabi/lib/thumb/v6-m/nofp\libcr_semihost_nf.a(__sys_write.o)
                0x00008510                __sys_write
 *(SORT_BY_ALIGNMENT(.rodata) SORT_BY_ALIGNMENT(.rodata.*) SORT_BY_ALIGNMENT(.constdata) SORT_BY_ALIGNMENT(.constdata.*))
 .rodata.sbox   0x0000851c      0x100 ./funciones/Aes.o
 .rodata.rsbox  0x0000861c      0x100 ./funciones/Aes.o
 .rodata.Rcon   0x0000871c       0xff ./funciones/Aes.o
 *fill*         0x0000881b        0x1 ff
 .rodata.Flash_WritePage.str1.4
                0x0000881c       0x30 ./funciones/Flash.o
 .rodata.MainMe_Update.str1.4
                0x0000884c       0x10 ./funciones/MainMe.o
 .rodata.MainMe_Update
                0x0000885c       0x28 ./funciones/MainMe.o
 .rodata.C_GetPk.str1.4
                0x00008884       0x28 ./funciones/MainMe.o
 .rodata.C_SendPk.str1.4
                0x000088ac       0x2c ./funciones/MainMe.o
                                 0x30 (size before relaxing)
 .rodata.C_PostSessionKey.str1.4
                0x000088d8       0x4b ./funciones/MainMe.o
 *fill*         0x00008923        0x1 ff
 .rodata        0x00008924       0x20 ./funciones/MainMe.o
 .rodata.C_PostPing.str1.4
                0x00008944       0x38 ./funciones/MainMe.o
 .rodata.C_Auth.str1.4
                0x0000897c       0x6e ./funciones/MainMe.o
 *fill*         0x000089ea        0x2 ff
 .rodata.C_AuthPostNewHash.str1.4
                0x000089ec       0x5e ./funciones/MainMe.o
 *fill*         0x00008a4a        0x2 ff
 .rodata.C_CreateSignature.str1.4
                0x00008a4c       0x20 ./funciones/MainMe.o
 .rodata.C_LoadKey.str1.4
                0x00008a6c       0x4c ./funciones/MainMe.o
 .rodata.C_DeleteKey.str1.4
                0x00008ab8       0x17 ./funciones/MainMe.o
 *fill*         0x00008acf        0x1 ff
 .rodata.C_LoadContact.str1.4
                0x00008ad0       0x2a ./funciones/MainMe.o
 *fill*         0x00008afa        0x2 ff
 .rodata.C_DeleteContact.str1.4
                0x00008afc       0x10 ./funciones/MainMe.o
 .rodata.C_NewKey.str1.4
                0x00008b0c       0x17 ./funciones/MainMe.o
 *fill*         0x00008b23        0x1 ff
 .rodata.C_NewContact.str1.4
                0x00008b24       0x11 ./funciones/MainMe.o
 *fill*         0x00008b35        0x3 ff
 .rodata.rsa_encrypt.str1.4
                0x00008b38       0x20 ./funciones/Rsa.o
 .rodata.rsa_decrypt.str1.4
                0x00008b58       0x50 ./funciones/Rsa.o
 .rodata.Storage_SetPswd.str1.4
                0x00008ba8       0x6f ./funciones/Storage.o
 *fill*         0x00008c17        0x1 ff
 .rodata.Storage_SetCont.str1.4
                0x00008c18       0x32 ./funciones/Storage.o
 *fill*         0x00008c4a        0x2 ff
 .rodata.TramaMe_Update.str1.4
                0x00008c4c       0x5b ./funciones/TramaMe.o
 *fill*         0x00008ca7        0x1 ff
 .rodata.TramaMe_GetDataAvailable.str1.4
                0x00008ca8       0x32 ./funciones/TramaMe.o
 *fill*         0x00008cda        0x2 ff
 .rodata.TramaMe_SendEncryptedData.str1.4
                0x00008cdc        0x6 ./funciones/TramaMe.o
 *fill*         0x00008ce2        0x2 ff
 .rodata.EndReception.str1.4
                0x00008ce4       0x16 ./funciones/TramaMe.o
 *fill*         0x00008cfa        0x2 ff
 .rodata.CLOCK_UpdateClkSrc.str1.4
                0x00008cfc       0x18 ./drivers/fsl_clock.o
 .rodata.CLOCK_GetFreq
                0x00008d14       0x24 ./drivers/fsl_clock.o
 .rodata.s_gpioClockName
                0x00008d38        0x4 ./drivers/fsl_gpio.o
 .rodata.GPIO_EnablePortClock.str1.4
                0x00008d3c       0x34 ./drivers/fsl_gpio.o
 .rodata.RESET_SetPeripheralReset.str1.4
                0x00008d70       0x20 ./drivers/fsl_reset.o
 .rodata.RESET_ClearPeripheralReset.str1.4
                0x00008d90       0x20 ./drivers/fsl_reset.o
 .rodata.SWM_SetMovablePinSelect.str1.4
                0x00008db0       0x4e ./drivers/fsl_swm.o
 *fill*         0x00008dfe        0x2 ff
 .rodata.s_usartIRQ
                0x00008e00        0x5 ./drivers/fsl_usart.o
 *fill*         0x00008e05        0x3 ff
 .rodata.s_usartBaseAddrs
                0x00008e08       0x14 ./drivers/fsl_usart.o
 .rodata.s_usartClock
                0x00008e1c        0xa ./drivers/fsl_usart.o
 *fill*         0x00008e26        0x2 ff
 .rodata.s_usartRest
                0x00008e28       0x14 ./drivers/fsl_usart.o
 .rodata.USART_GetInstance.str1.4
                0x00008e3c       0x3c ./drivers/fsl_usart.o
 .rodata.USART_TransferGetRxRingBufferLength.str1.4
                0x00008e78       0x21 ./drivers/fsl_usart.o
 *fill*         0x00008e99        0x3 ff
 .rodata.USART_TransferIsRxRingBufferFull.str1.4
                0x00008e9c       0x22 ./drivers/fsl_usart.o
 *fill*         0x00008ebe        0x2 ff
 .rodata.USART_TransferStartRingBuffer.str1.4
                0x00008ec0       0x6a ./drivers/fsl_usart.o
 *fill*         0x00008f2a        0x2 ff
 .rodata.USART_Init.str1.4
                0x00008f2c       0x50 ./drivers/fsl_usart.o
 .rodata.USART_GetDefaultConfig.str1.4
                0x00008f7c       0x22 ./drivers/fsl_usart.o
 *fill*         0x00008f9e        0x2 ff
 .rodata.USART_SetBaudRate.str1.4
                0x00008fa0       0x90 ./drivers/fsl_usart.o
 .rodata.USART_TransferCreateHandle.str1.4
                0x00009030       0x39 ./drivers/fsl_usart.o
 *fill*         0x00009069        0x3 ff
 .rodata.USART_TransferSendNonBlocking.str1.4
                0x0000906c       0x93 ./drivers/fsl_usart.o
 *fill*         0x000090ff        0x1 ff
 .rodata.USART_TransferReceiveNonBlocking.str1.4
                0x00009100       0x93 ./drivers/fsl_usart.o
 *fill*         0x00009193        0x1 ff
 .rodata.USART_TransferHandleIRQ.str1.4
                0x00009194       0x36 ./drivers/fsl_usart.o
 *fill*         0x000091ca        0x2 ff
 .rodata.CLOCK_SetCoreSysClkDiv.str1.4
                0x000091cc       0x4f ./board/clock_config.o
 *fill*         0x0000921b        0x1 ff
 .rodata.SerialPort_Init
                0x0000921c       0x14 G:\My Drive\MisArchivos\UTN\Informatica II\C\Librerias\infotroniclibrary_lpc845\Debug_Stick_LPC845\libInfotronicLibrary_LPC845.a(SerialPort.o)
 .rodata.Rgb    0x00009230       0x30 G:\My Drive\MisArchivos\UTN\Informatica II\C\Librerias\infotroniclibrary_lpc845\Debug_Stick_LPC845\libInfotronicLibrary_LPC845.a(Rgb.o)
 .rodata        0x00009260       0x22 G:\My Drive\MisArchivos\UTN\Informatica II\C\Librerias\infotroniclibrary_lpc845\Debug_Stick_LPC845\libInfotronicLibrary_LPC845.a(Gpio.o)
 *fill*         0x00009282        0x2 ff
 .rodata        0x00009284       0x40 G:\My Drive\MisArchivos\UTN\Informatica II\C\Librerias\infotroniclibrary_lpc845\Debug_Stick_LPC845\libInfotronicLibrary_LPC845.a(Pin.o)
 .rodata.Keyboard
                0x000092c4       0x20 G:\My Drive\MisArchivos\UTN\Informatica II\C\Librerias\infotroniclibrary_lpc845\Debug_Stick_LPC845\libInfotronicLibrary_LPC845.a(StandardKeyboardDriver.o)
 .rodata.__num_Ciob_streams
                0x000092e4        0x4 c:/nxp/mcuxpressoide_11.4.1_6260/ide/plugins/com.nxp.mcuxpresso.tools.win32_11.4.0.202103011116/tools/bin/../lib/gcc/arm-none-eabi/10.2.1/../../../../arm-none-eabi/lib/thumb/v6-m/nofp\libcr_semihost_nf.a(__ciob.o)
                0x000092e4                __num_Ciob_streams
 .rodata.__assertion_failed.str1.1
                0x000092e8       0x15 c:/nxp/mcuxpressoide_11.4.1_6260/ide/plugins/com.nxp.mcuxpresso.tools.win32_11.4.0.202103011116/tools/bin/../lib/gcc/arm-none-eabi/10.2.1/../../../../arm-none-eabi/lib/thumb/v6-m/nofp\libcr_semihost_nf.a(_cr_assert.o)
 .rodata._Csys_alloc.str1.1
                0x000092fd       0x18 c:/nxp/mcuxpressoide_11.4.1_6260/ide/plugins/com.nxp.mcuxpresso.tools.win32_11.4.0.202103011116/tools/bin/../lib/gcc/arm-none-eabi/10.2.1/../../../../arm-none-eabi/lib/thumb/v6-m/nofp\libcr_c.a(alloc.o)
 .rodata.fp_display.str1.1
                0x00009315       0x32 c:/nxp/mcuxpressoide_11.4.1_6260/ide/plugins/com.nxp.mcuxpresso.tools.win32_11.4.0.202103011116/tools/bin/../lib/gcc/arm-none-eabi/10.2.1/../../../../arm-none-eabi/lib/thumb/v6-m/nofp\libcr_c.a(fpprintf.o)
                                 0x35 (size before relaxing)
 .rodata._initio.str1.1
                0x00009347        0x4 c:/nxp/mcuxpressoide_11.4.1_6260/ide/plugins/com.nxp.mcuxpresso.tools.win32_11.4.0.202103011116/tools/bin/../lib/gcc/arm-none-eabi/10.2.1/../../../../arm-none-eabi/lib/thumb/v6-m/nofp\libcr_c.a(initio.o)
 .rodata.__vfprintf.str1.1
                0x0000934b       0x31 c:/nxp/mcuxpressoide_11.4.1_6260/ide/plugins/com.nxp.mcuxpresso.tools.win32_11.4.0.202103011116/tools/bin/../lib/gcc/arm-none-eabi/10.2.1/../../../../arm-none-eabi/lib/thumb/v6-m/nofp\libcr_c.a(printf.o)
                                 0x38 (size before relaxing)
                0x0000937c                . = ALIGN (0x4)

.glue_7         0x0000937c        0x0
 .glue_7        0x0000937c        0x0 linker stubs

.glue_7t        0x0000937c        0x0
 .glue_7t       0x0000937c        0x0 linker stubs

.vfp11_veneer   0x0000937c        0x0
 .vfp11_veneer  0x0000937c        0x0 linker stubs

.v4_bx          0x0000937c        0x0
 .v4_bx         0x0000937c        0x0 linker stubs

.iplt           0x0000937c        0x0
 .iplt          0x0000937c        0x0 ./startup/startup_lpc845.o

.rel.dyn        0x0000937c        0x0
 .rel.iplt      0x0000937c        0x0 ./startup/startup_lpc845.o

.ARM.extab
 *(SORT_BY_ALIGNMENT(.ARM.extab*) SORT_BY_ALIGNMENT(.gnu.linkonce.armextab.*))

.ARM.exidx      0x0000937c        0x0
                0x0000937c                __exidx_start = .
 *(SORT_BY_ALIGNMENT(.ARM.exidx*) SORT_BY_ALIGNMENT(.gnu.linkonce.armexidx.*))
                0x0000937c                __exidx_end = .
                0x0000937c                _etext = .

.mtb_buffer_RAM2
 *(SORT_BY_ALIGNMENT(.mtb.$RAM2*))
 *(SORT_BY_ALIGNMENT(.mtb.$IAP_SRAM*))

.data_RAM2      0x10003fe0        0x0 load address 0x0000937c
 FILL mask 0xff
                [!provide]                PROVIDE (__start_data_RAM2 = .)
                [!provide]                PROVIDE (__start_data_IAP_SRAM = .)
 *(SORT_BY_ALIGNMENT(.ramfunc.$RAM2))
 *(SORT_BY_ALIGNMENT(.ramfunc.$IAP_SRAM))
 *(SORT_BY_ALIGNMENT(.data.$RAM2))
 *(SORT_BY_ALIGNMENT(.data.$IAP_SRAM))
 *(SORT_BY_ALIGNMENT(.data.$RAM2.*))
 *(SORT_BY_ALIGNMENT(.data.$IAP_SRAM.*))
                0x10003fe0                . = ALIGN (0x4)
                [!provide]                PROVIDE (__end_data_RAM2 = .)
                [!provide]                PROVIDE (__end_data_IAP_SRAM = .)

.mtb_buffer_default
                0x10000000       0x80
 *(SORT_BY_ALIGNMENT(.mtb*))
 .mtb.$RAM1     0x10000000       0x80 ./source/mtb.o
                0x10000000                __mtb_buffer__

.uninit_RESERVED
                0x10000080        0x0
                0x10000080                _start_uninit_RESERVED = .
 *(SORT_BY_ALIGNMENT(.bss.$RESERVED*))
                0x10000080                . = ALIGN (0x4)
                0x10000080                _end_uninit_RESERVED = .

.data           0x10000080       0x58 load address 0x0000937c
 FILL mask 0xff
                0x10000080                _data = .
                [!provide]                PROVIDE (__start_data_RAM = .)
                [!provide]                PROVIDE (__start_data_SRAM = .)
 *(SORT_BY_ALIGNMENT(vtable))
 *(SORT_BY_ALIGNMENT(.ramfunc*))
 *(SORT_BY_ALIGNMENT(CodeQuickAccess))
 *(SORT_BY_ALIGNMENT(DataQuickAccess))
 *(SORT_BY_ALIGNMENT(RamFunction))
 *(SORT_BY_ALIGNMENT(.data*))
 .data.pub_key  0x10000080       0x10 ./funciones/CryptoUtilities.o
 .data.priv_key
                0x10000090       0x10 ./funciones/CryptoUtilities.o
 .data.pub      0x100000a0        0x4 ./funciones/CryptoUtilities.o
 .data.priv     0x100000a4        0x4 ./funciones/CryptoUtilities.o
 .data.i2hex    0x100000a8       0x10 ./funciones/Storage.o
 .data.SystemCoreClock
                0x100000b8        0x4 ./device/system_LPC845.o
                0x100000b8                SystemCoreClock
 .data.g_usartBasePtrs
                0x100000bc       0x14 G:\My Drive\MisArchivos\UTN\Informatica II\C\Librerias\infotroniclibrary_lpc845\Debug_Stick_LPC845\libInfotronicLibrary_LPC845.a(SerialPort.o)
 .data.State    0x100000d0        0x1 ./funciones/MainMe.o
 .data.command  0x100000d1        0x1 ./funciones/MainMe.o
 .data.KeyboardBuffer
                0x100000d2        0x1 G:\My Drive\MisArchivos\UTN\Informatica II\C\Librerias\infotroniclibrary_lpc845\Debug_Stick_LPC845\libInfotronicLibrary_LPC845.a(Keyboard.o)
 .data.debounce.5264
                0x100000d3        0x1 G:\My Drive\MisArchivos\UTN\Informatica II\C\Librerias\infotroniclibrary_lpc845\Debug_Stick_LPC845\libInfotronicLibrary_LPC845.a(StandardKeyboardDriver.o)
 .data.debounce.5266
                0x100000d4        0x1 G:\My Drive\MisArchivos\UTN\Informatica II\C\Librerias\infotroniclibrary_lpc845\Debug_Stick_LPC845\libInfotronicLibrary_LPC845.a(MatrixKeyboardDriver.o)
                0x100000d8                . = ALIGN (0x4)
 *fill*         0x100000d5        0x3 ff
                0x100000d8                _edata = .
                [!provide]                PROVIDE (__end_data_RAM = .)
                [!provide]                PROVIDE (__end_data_SRAM = .)

.igot.plt       0x100000d8        0x0 load address 0x000093d4
 .igot.plt      0x100000d8        0x0 ./startup/startup_lpc845.o

.bss_RAM2       0x10003fe0        0x0
                [!provide]                PROVIDE (__start_bss_RAM2 = .)
                [!provide]                PROVIDE (__start_bss_IAP_SRAM = .)
 *(SORT_BY_ALIGNMENT(.bss.$RAM2))
 *(SORT_BY_ALIGNMENT(.bss.$IAP_SRAM))
 *(SORT_BY_ALIGNMENT(.bss.$RAM2.*))
 *(SORT_BY_ALIGNMENT(.bss.$IAP_SRAM.*))
                0x10003fe0                . = ALIGN ((. != 0x0)?0x4:0x1)
                [!provide]                PROVIDE (__end_bss_RAM2 = .)
                [!provide]                PROVIDE (__end_bss_IAP_SRAM = .)

.bss            0x100000d8      0x8f0
                0x100000d8                _bss = .
                [!provide]                PROVIDE (__start_bss_RAM = .)
                [!provide]                PROVIDE (__start_bss_SRAM = .)
 *(SORT_BY_ALIGNMENT(.bss*))
 .bss.state     0x100000d8        0x4 ./funciones/Aes.o
 .bss.RoundKey  0x100000dc       0xb0 ./funciones/Aes.o
 .bss.Key       0x1000018c        0x4 ./funciones/Aes.o
 .bss.sessionKey
                0x10000190       0x10 ./funciones/CryptoUtilities.o
 .bss.s_PageBuf
                0x100001a0       0x40 ./funciones/Flash.o
 .bss.tmp       0x100001e0       0x32 ./funciones/MainMe.o
 *fill*         0x10000212        0x2 
 .bss.DataSize  0x10000214        0x4 ./funciones/MainMe.o
 .bss.DataAvailable
                0x10000218        0x4 ./funciones/MainMe.o
 .bss.storage_p
                0x1000021c        0x4 ./funciones/Storage.o
 .bss.storage   0x10000220       0x20 ./funciones/Storage.o
 .bss.Buffer    0x10000240       0xfa ./funciones/TramaMe.o
 *fill*         0x1000033a        0x2 
 .bss.DataAvailable
                0x1000033c       0xfa ./funciones/TramaMe.o
 *fill*         0x10000436        0x2 
 .bss.DataAvailableSize
                0x10000438        0x4 ./funciones/TramaMe.o
 .bss.tmp.1     0x1000043c      0x1f4 ./funciones/TramaMe.o
 .bss.tmp.0     0x10000630        0x2 ./funciones/TramaMe.o
 *fill*         0x10000632        0x2 
 .bss.g_Ext_Clk_Freq
                0x10000634        0x4 ./drivers/fsl_clock.o
                0x10000634                g_Ext_Clk_Freq
 .bss.g_Wdt_Osc_Freq
                0x10000638        0x4 ./drivers/fsl_clock.o
                0x10000638                g_Wdt_Osc_Freq
 .bss.s_usartHandle
                0x1000063c       0x14 ./drivers/fsl_usart.o
 .bss.s_usartIsr
                0x10000650        0x4 ./drivers/fsl_usart.o
 .bss.timers    0x10000654      0x1e0 G:\My Drive\MisArchivos\UTN\Informatica II\C\Librerias\infotroniclibrary_lpc845\Debug_Stick_LPC845\libInfotronicLibrary_LPC845.a(TimerSysTick.o)
 .bss.ticks     0x10000834        0x4 G:\My Drive\MisArchivos\UTN\Informatica II\C\Librerias\infotroniclibrary_lpc845\Debug_Stick_LPC845\libInfotronicLibrary_LPC845.a(TimerSysTick.o)
 .bss.g_uartHandle
                0x10000838       0x30 G:\My Drive\MisArchivos\UTN\Informatica II\C\Librerias\infotroniclibrary_lpc845\Debug_Stick_LPC845\libInfotronicLibrary_LPC845.a(SerialPort.o)
 .bss.g_usartTransfer
                0x10000868       0x78 G:\My Drive\MisArchivos\UTN\Informatica II\C\Librerias\infotroniclibrary_lpc845\Debug_Stick_LPC845\libInfotronicLibrary_LPC845.a(SerialPort.o)
 .bss.kbLastState.3847
                0x100008e0        0x4 G:\My Drive\MisArchivos\UTN\Informatica II\C\Librerias\infotroniclibrary_lpc845\Debug_Stick_LPC845\libInfotronicLibrary_LPC845.a(Keyboard.o)
 .bss.KeyboardState
                0x100008e4        0x4 G:\My Drive\MisArchivos\UTN\Informatica II\C\Librerias\infotroniclibrary_lpc845\Debug_Stick_LPC845\libInfotronicLibrary_LPC845.a(StandardKeyboardDriver.o)
 .bss.kbLastState.5263
                0x100008e8        0x4 G:\My Drive\MisArchivos\UTN\Informatica II\C\Librerias\infotroniclibrary_lpc845\Debug_Stick_LPC845\libInfotronicLibrary_LPC845.a(StandardKeyboardDriver.o)
 .bss.KeyboardState
                0x100008ec        0x4 G:\My Drive\MisArchivos\UTN\Informatica II\C\Librerias\infotroniclibrary_lpc845\Debug_Stick_LPC845\libInfotronicLibrary_LPC845.a(MatrixKeyboardDriver.o)
 .bss.kbLastState.5265
                0x100008f0        0x4 G:\My Drive\MisArchivos\UTN\Informatica II\C\Librerias\infotroniclibrary_lpc845\Debug_Stick_LPC845\libInfotronicLibrary_LPC845.a(MatrixKeyboardDriver.o)
 .bss.__Ciob    0x100008f4       0xb4 c:/nxp/mcuxpressoide_11.4.1_6260/ide/plugins/com.nxp.mcuxpresso.tools.win32_11.4.0.202103011116/tools/bin/../lib/gcc/arm-none-eabi/10.2.1/../../../../arm-none-eabi/lib/thumb/v6-m/nofp\libcr_semihost_nf.a(__ciob.o)
                0x100008f4                __Ciob
 .bss.__end_of_heap
                0x100009a8        0x4 c:/nxp/mcuxpressoide_11.4.1_6260/ide/plugins/com.nxp.mcuxpresso.tools.win32_11.4.0.202103011116/tools/bin/../lib/gcc/arm-none-eabi/10.2.1/../../../../arm-none-eabi/lib/thumb/v6-m/nofp\libcr_c.a(__init_alloc.o)
                0x100009a8                __end_of_heap
 .bss.__heaps   0x100009ac        0x4 c:/nxp/mcuxpressoide_11.4.1_6260/ide/plugins/com.nxp.mcuxpresso.tools.win32_11.4.0.202103011116/tools/bin/../lib/gcc/arm-none-eabi/10.2.1/../../../../arm-none-eabi/lib/thumb/v6-m/nofp\libcr_c.a(__init_alloc.o)
                0x100009ac                __heaps
 .bss.errno     0x100009b0        0x4 c:/nxp/mcuxpressoide_11.4.1_6260/ide/plugins/com.nxp.mcuxpresso.tools.win32_11.4.0.202103011116/tools/bin/../lib/gcc/arm-none-eabi/10.2.1/../../../../arm-none-eabi/lib/thumb/v6-m/nofp\libcr_c.a(errno.o)
                0x100009b0                errno
 .bss.PoppedPswd
                0x100009b4        0x2 ./funciones/Storage.o
 .bss.PoppedCont
                0x100009b6        0x2 ./funciones/Storage.o
 .bss.sessionKeyInitialized
                0x100009b8        0x1 ./funciones/CryptoUtilities.o
 .bss.isAdmin   0x100009b9        0x1 ./funciones/MainMe.o
 .bss.PswdQ     0x100009ba        0x1 ./funciones/Storage.o
 .bss.ContQ     0x100009bb        0x1 ./funciones/Storage.o
 .bss.State     0x100009bc        0x1 ./funciones/TramaMe.o
 .bss.BufferPos
                0x100009bd        0x1 ./funciones/TramaMe.o
 .bss.NewCommandAvailable
                0x100009be        0x1 ./funciones/TramaMe.o
 .bss.NewDataAvailable
                0x100009bf        0x1 ./funciones/TramaMe.o
 .bss.CommandAvailable
                0x100009c0        0x1 ./funciones/TramaMe.o
 .bss.IsByteAvailable.3
                0x100009c1        0x1 ./funciones/TramaMe.o
 .bss.ByteAvailable.2
                0x100009c2        0x1 ./funciones/TramaMe.o
 .bss.KeyboardMaxKeys
                0x100009c3        0x1 G:\My Drive\MisArchivos\UTN\Informatica II\C\Librerias\infotroniclibrary_lpc845\Debug_Stick_LPC845\libInfotronicLibrary_LPC845.a(Keyboard.o)
 .bss.DriverSelected
                0x100009c4        0x1 G:\My Drive\MisArchivos\UTN\Informatica II\C\Librerias\infotroniclibrary_lpc845\Debug_Stick_LPC845\libInfotronicLibrary_LPC845.a(Keyboard.o)
 *(SORT_BY_ALIGNMENT(COMMON))
                0x100009c8                . = ALIGN (0x4)
 *fill*         0x100009c5        0x3 
                0x100009c8                _ebss = .
                [!provide]                PROVIDE (__end_bss_RAM = .)
                [!provide]                PROVIDE (__end_bss_SRAM = .)
                [!provide]                PROVIDE (end = .)

.noinit_RAM2    0x10003fe0        0x0
                [!provide]                PROVIDE (__start_noinit_RAM2 = .)
                [!provide]                PROVIDE (__start_noinit_IAP_SRAM = .)
 *(SORT_BY_ALIGNMENT(.noinit.$RAM2))
 *(SORT_BY_ALIGNMENT(.noinit.$IAP_SRAM))
 *(SORT_BY_ALIGNMENT(.noinit.$RAM2.*))
 *(SORT_BY_ALIGNMENT(.noinit.$IAP_SRAM.*))
                0x10003fe0                . = ALIGN (0x4)
                [!provide]                PROVIDE (__end_noinit_RAM2 = .)
                [!provide]                PROVIDE (__end_noinit_IAP_SRAM = .)

.noinit         0x100009c8        0x0
                0x100009c8                _noinit = .
                [!provide]                PROVIDE (__start_noinit_RAM = .)
                [!provide]                PROVIDE (__start_noinit_SRAM = .)
 *(SORT_BY_ALIGNMENT(.noinit*))
                0x100009c8                . = ALIGN (0x4)
                0x100009c8                _end_noinit = .
                [!provide]                PROVIDE (__end_noinit_RAM = .)
                [!provide]                PROVIDE (__end_noinit_SRAM = .)
                0x000003f8                _HeapSize = 0x3f8

.heap           0x100009c8      0x3f8
                0x100009c8                _pvHeapStart = .
                0x10000dc0                . = (. + _HeapSize)
 *fill*         0x100009c8      0x3f8 
                0x10000dc0                . = ALIGN (0x4)
                0x10000dc0                _pvHeapLimit = .
                0x000003f8                _StackSize = 0x3f8

.heap2stackfill
                0x10000dc0      0x3f8
                0x100011b8                . = (. + _StackSize)
 *fill*         0x10000dc0      0x3f8 

.stack          0x10003be8        0x0
                0x10003be8                _vStackBase = .
                0x10003be8                . = ALIGN (0x4)
                0x10003fe0                _vStackTop = (. + _StackSize)
                0xefffba87                PROVIDE (__valid_user_code_checksum = (0x0 - (((_vStackTop + (ResetISR + 0x1)) + (DEFINED (NMI_Handler)?NMI_Handler:M0_NMI_Handler + 0x1)) + (DEFINED (HardFault_Handler)?HardFault_Handler:M0_HardFault_Handler + 0x1))))
                0x00000000                _image_start = LOADADDR (.text)
                0x000093d4                _image_end = (LOADADDR (.data) + SIZEOF (.data))
                0x000093d4                _image_size = (_image_end - _image_start)
OUTPUT(LPC845_EID.axf elf32-littlearm)
LOAD linker stubs

.debug_info     0x00000000     0xfce1
 .debug_info    0x00000000      0x4a6 ./startup/startup_lpc845.o
 .debug_info    0x000004a6      0x13b ./source/main.o
 .debug_info    0x000005e1       0x53 ./source/mtb.o
 .debug_info    0x00000634       0x3c ./source/semihost_hardfault.o
 .debug_info    0x00000670      0x508 ./funciones/Aes.o
 .debug_info    0x00000b78      0x55a ./funciones/CryptoUtilities.o
 .debug_info    0x000010d2      0xac1 ./funciones/Flash.o
 .debug_info    0x00001b93      0x4b0 ./funciones/MainMe.o
 .debug_info    0x00002043      0x513 ./funciones/Rsa.o
 .debug_info    0x00002556      0xc7d ./funciones/Storage.o
 .debug_info    0x000031d3      0x39d ./funciones/TramaMe.o
 .debug_info    0x00003570      0x166 ./funciones/Utilities.o
 .debug_info    0x000036d6     0x1194 ./drivers/fsl_clock.o
 .debug_info    0x0000486a      0xd76 ./drivers/fsl_gpio.o
 .debug_info    0x000055e0      0xaf0 ./drivers/fsl_iap.o
 .debug_info    0x000060d0      0x724 ./drivers/fsl_reset.o
 .debug_info    0x000067f4      0x71c ./drivers/fsl_swm.o
 .debug_info    0x00006f10     0x1b64 ./drivers/fsl_usart.o
 .debug_info    0x00008a74      0x6b7 ./device/system_LPC845.o
 .debug_info    0x0000912b      0x89e ./board/board.o
 .debug_info    0x000099c9      0xa2f ./board/clock_config.o
 .debug_info    0x0000a3f8      0xbbb ./board/pin_mux.o
 .debug_info    0x0000afb3      0xe2c G:\My Drive\MisArchivos\UTN\Informatica II\C\Librerias\infotroniclibrary_lpc845\Debug_Stick_LPC845\libInfotronicLibrary_LPC845.a(TimerSysTick.o)
 .debug_info    0x0000bddf     0x11ef G:\My Drive\MisArchivos\UTN\Informatica II\C\Librerias\infotroniclibrary_lpc845\Debug_Stick_LPC845\libInfotronicLibrary_LPC845.a(SerialPort.o)
 .debug_info    0x0000cfce      0x8ff G:\My Drive\MisArchivos\UTN\Informatica II\C\Librerias\infotroniclibrary_lpc845\Debug_Stick_LPC845\libInfotronicLibrary_LPC845.a(Rgb.o)
 .debug_info    0x0000d8cd      0x66b G:\My Drive\MisArchivos\UTN\Informatica II\C\Librerias\infotroniclibrary_lpc845\Debug_Stick_LPC845\libInfotronicLibrary_LPC845.a(Gpio.o)
 .debug_info    0x0000df38      0x7c5 G:\My Drive\MisArchivos\UTN\Informatica II\C\Librerias\infotroniclibrary_lpc845\Debug_Stick_LPC845\libInfotronicLibrary_LPC845.a(Pin.o)
 .debug_info    0x0000e6fd      0x234 G:\My Drive\MisArchivos\UTN\Informatica II\C\Librerias\infotroniclibrary_lpc845\Debug_Stick_LPC845\libInfotronicLibrary_LPC845.a(Keyboard.o)
 .debug_info    0x0000e931       0xf3 G:\My Drive\MisArchivos\UTN\Informatica II\C\Librerias\infotroniclibrary_lpc845\Debug_Stick_LPC845\libInfotronicLibrary_LPC845.a(Debug.o)
 .debug_info    0x0000ea24      0x95e G:\My Drive\MisArchivos\UTN\Informatica II\C\Librerias\infotroniclibrary_lpc845\Debug_Stick_LPC845\libInfotronicLibrary_LPC845.a(StandardKeyboardDriver.o)
 .debug_info    0x0000f382      0x95f G:\My Drive\MisArchivos\UTN\Informatica II\C\Librerias\infotroniclibrary_lpc845\Debug_Stick_LPC845\libInfotronicLibrary_LPC845.a(MatrixKeyboardDriver.o)

.debug_abbrev   0x00000000     0x2fef
 .debug_abbrev  0x00000000      0x1ba ./startup/startup_lpc845.o
 .debug_abbrev  0x000001ba       0x65 ./source/main.o
 .debug_abbrev  0x0000021f       0x46 ./source/mtb.o
 .debug_abbrev  0x00000265       0x31 ./source/semihost_hardfault.o
 .debug_abbrev  0x00000296      0x1bc ./funciones/Aes.o
 .debug_abbrev  0x00000452      0x17e ./funciones/CryptoUtilities.o
 .debug_abbrev  0x000005d0      0x193 ./funciones/Flash.o
 .debug_abbrev  0x00000763      0x154 ./funciones/MainMe.o
 .debug_abbrev  0x000008b7      0x170 ./funciones/Rsa.o
 .debug_abbrev  0x00000a27      0x239 ./funciones/Storage.o
 .debug_abbrev  0x00000c60      0x137 ./funciones/TramaMe.o
 .debug_abbrev  0x00000d97       0x63 ./funciones/Utilities.o
 .debug_abbrev  0x00000dfa      0x2cd ./drivers/fsl_clock.o
 .debug_abbrev  0x000010c7      0x1c3 ./drivers/fsl_gpio.o
 .debug_abbrev  0x0000128a      0x210 ./drivers/fsl_iap.o
 .debug_abbrev  0x0000149a      0x15c ./drivers/fsl_reset.o
 .debug_abbrev  0x000015f6      0x16e ./drivers/fsl_swm.o
 .debug_abbrev  0x00001764      0x316 ./drivers/fsl_usart.o
 .debug_abbrev  0x00001a7a      0x143 ./device/system_LPC845.o
 .debug_abbrev  0x00001bbd      0x125 ./board/board.o
 .debug_abbrev  0x00001ce2      0x1fd ./board/clock_config.o
 .debug_abbrev  0x00001edf      0x1d1 ./board/pin_mux.o
 .debug_abbrev  0x000020b0      0x29e G:\My Drive\MisArchivos\UTN\Informatica II\C\Librerias\infotroniclibrary_lpc845\Debug_Stick_LPC845\libInfotronicLibrary_LPC845.a(TimerSysTick.o)
 .debug_abbrev  0x0000234e      0x1bd G:\My Drive\MisArchivos\UTN\Informatica II\C\Librerias\infotroniclibrary_lpc845\Debug_Stick_LPC845\libInfotronicLibrary_LPC845.a(SerialPort.o)
 .debug_abbrev  0x0000250b      0x19f G:\My Drive\MisArchivos\UTN\Informatica II\C\Librerias\infotroniclibrary_lpc845\Debug_Stick_LPC845\libInfotronicLibrary_LPC845.a(Rgb.o)
 .debug_abbrev  0x000026aa      0x215 G:\My Drive\MisArchivos\UTN\Informatica II\C\Librerias\infotroniclibrary_lpc845\Debug_Stick_LPC845\libInfotronicLibrary_LPC845.a(Gpio.o)
 .debug_abbrev  0x000028bf      0x1c9 G:\My Drive\MisArchivos\UTN\Informatica II\C\Librerias\infotroniclibrary_lpc845\Debug_Stick_LPC845\libInfotronicLibrary_LPC845.a(Pin.o)
 .debug_abbrev  0x00002a88      0x143 G:\My Drive\MisArchivos\UTN\Informatica II\C\Librerias\infotroniclibrary_lpc845\Debug_Stick_LPC845\libInfotronicLibrary_LPC845.a(Keyboard.o)
 .debug_abbrev  0x00002bcb       0xa3 G:\My Drive\MisArchivos\UTN\Informatica II\C\Librerias\infotroniclibrary_lpc845\Debug_Stick_LPC845\libInfotronicLibrary_LPC845.a(Debug.o)
 .debug_abbrev  0x00002c6e      0x1b0 G:\My Drive\MisArchivos\UTN\Informatica II\C\Librerias\infotroniclibrary_lpc845\Debug_Stick_LPC845\libInfotronicLibrary_LPC845.a(StandardKeyboardDriver.o)
 .debug_abbrev  0x00002e1e      0x1d1 G:\My Drive\MisArchivos\UTN\Informatica II\C\Librerias\infotroniclibrary_lpc845\Debug_Stick_LPC845\libInfotronicLibrary_LPC845.a(MatrixKeyboardDriver.o)

.debug_aranges  0x00000000      0xb70
 .debug_aranges
                0x00000000      0x160 ./startup/startup_lpc845.o
 .debug_aranges
                0x00000160       0x20 ./source/main.o
 .debug_aranges
                0x00000180       0x18 ./source/mtb.o
 .debug_aranges
                0x00000198       0x20 ./source/semihost_hardfault.o
 .debug_aranges
                0x000001b8       0x98 ./funciones/Aes.o
 .debug_aranges
                0x00000250       0x68 ./funciones/CryptoUtilities.o
 .debug_aranges
                0x000002b8       0x38 ./funciones/Flash.o
 .debug_aranges
                0x000002f0       0x98 ./funciones/MainMe.o
 .debug_aranges
                0x00000388       0x48 ./funciones/Rsa.o
 .debug_aranges
                0x000003d0       0x80 ./funciones/Storage.o
 .debug_aranges
                0x00000450       0x58 ./funciones/TramaMe.o
 .debug_aranges
                0x000004a8       0x38 ./funciones/Utilities.o
 .debug_aranges
                0x000004e0      0x100 ./drivers/fsl_clock.o
 .debug_aranges
                0x000005e0       0x38 ./drivers/fsl_gpio.o
 .debug_aranges
                0x00000618       0x98 ./drivers/fsl_iap.o
 .debug_aranges
                0x000006b0       0x30 ./drivers/fsl_reset.o
 .debug_aranges
                0x000006e0       0x28 ./drivers/fsl_swm.o
 .debug_aranges
                0x00000708      0x128 ./drivers/fsl_usart.o
 .debug_aranges
                0x00000830       0x30 ./device/system_LPC845.o
 .debug_aranges
                0x00000860       0x20 ./board/board.o
 .debug_aranges
                0x00000880       0x60 ./board/clock_config.o
 .debug_aranges
                0x000008e0       0x40 ./board/pin_mux.o
 .debug_aranges
                0x00000920       0x60 G:\My Drive\MisArchivos\UTN\Informatica II\C\Librerias\infotroniclibrary_lpc845\Debug_Stick_LPC845\libInfotronicLibrary_LPC845.a(TimerSysTick.o)
 .debug_aranges
                0x00000980       0x40 G:\My Drive\MisArchivos\UTN\Informatica II\C\Librerias\infotroniclibrary_lpc845\Debug_Stick_LPC845\libInfotronicLibrary_LPC845.a(SerialPort.o)
 .debug_aranges
                0x000009c0       0x28 G:\My Drive\MisArchivos\UTN\Informatica II\C\Librerias\infotroniclibrary_lpc845\Debug_Stick_LPC845\libInfotronicLibrary_LPC845.a(Rgb.o)
 .debug_aranges
                0x000009e8       0x70 G:\My Drive\MisArchivos\UTN\Informatica II\C\Librerias\infotroniclibrary_lpc845\Debug_Stick_LPC845\libInfotronicLibrary_LPC845.a(Gpio.o)
 .debug_aranges
                0x00000a58       0x40 G:\My Drive\MisArchivos\UTN\Informatica II\C\Librerias\infotroniclibrary_lpc845\Debug_Stick_LPC845\libInfotronicLibrary_LPC845.a(Pin.o)
 .debug_aranges
                0x00000a98       0x48 G:\My Drive\MisArchivos\UTN\Informatica II\C\Librerias\infotroniclibrary_lpc845\Debug_Stick_LPC845\libInfotronicLibrary_LPC845.a(Keyboard.o)
 .debug_aranges
                0x00000ae0       0x20 G:\My Drive\MisArchivos\UTN\Informatica II\C\Librerias\infotroniclibrary_lpc845\Debug_Stick_LPC845\libInfotronicLibrary_LPC845.a(Debug.o)
 .debug_aranges
                0x00000b00       0x38 G:\My Drive\MisArchivos\UTN\Informatica II\C\Librerias\infotroniclibrary_lpc845\Debug_Stick_LPC845\libInfotronicLibrary_LPC845.a(StandardKeyboardDriver.o)
 .debug_aranges
                0x00000b38       0x38 G:\My Drive\MisArchivos\UTN\Informatica II\C\Librerias\infotroniclibrary_lpc845\Debug_Stick_LPC845\libInfotronicLibrary_LPC845.a(MatrixKeyboardDriver.o)

.debug_ranges   0x00000000      0x9a8
 .debug_ranges  0x00000000      0x150 ./startup/startup_lpc845.o
 .debug_ranges  0x00000150       0x10 ./source/main.o
 .debug_ranges  0x00000160       0x10 ./source/semihost_hardfault.o
 .debug_ranges  0x00000170       0x88 ./funciones/Aes.o
 .debug_ranges  0x000001f8       0x58 ./funciones/CryptoUtilities.o
 .debug_ranges  0x00000250       0x28 ./funciones/Flash.o
 .debug_ranges  0x00000278       0xb8 ./funciones/MainMe.o
 .debug_ranges  0x00000330       0x38 ./funciones/Rsa.o
 .debug_ranges  0x00000368       0x70 ./funciones/Storage.o
 .debug_ranges  0x000003d8       0x48 ./funciones/TramaMe.o
 .debug_ranges  0x00000420       0x28 ./funciones/Utilities.o
 .debug_ranges  0x00000448       0xf0 ./drivers/fsl_clock.o
 .debug_ranges  0x00000538       0x28 ./drivers/fsl_gpio.o
 .debug_ranges  0x00000560       0x88 ./drivers/fsl_iap.o
 .debug_ranges  0x000005e8       0x20 ./drivers/fsl_reset.o
 .debug_ranges  0x00000608       0x18 ./drivers/fsl_swm.o
 .debug_ranges  0x00000620      0x118 ./drivers/fsl_usart.o
 .debug_ranges  0x00000738       0x20 ./device/system_LPC845.o
 .debug_ranges  0x00000758       0x10 ./board/board.o
 .debug_ranges  0x00000768       0x50 ./board/clock_config.o
 .debug_ranges  0x000007b8       0x30 ./board/pin_mux.o
 .debug_ranges  0x000007e8       0x50 G:\My Drive\MisArchivos\UTN\Informatica II\C\Librerias\infotroniclibrary_lpc845\Debug_Stick_LPC845\libInfotronicLibrary_LPC845.a(TimerSysTick.o)
 .debug_ranges  0x00000838       0x30 G:\My Drive\MisArchivos\UTN\Informatica II\C\Librerias\infotroniclibrary_lpc845\Debug_Stick_LPC845\libInfotronicLibrary_LPC845.a(SerialPort.o)
 .debug_ranges  0x00000868       0x18 G:\My Drive\MisArchivos\UTN\Informatica II\C\Librerias\infotroniclibrary_lpc845\Debug_Stick_LPC845\libInfotronicLibrary_LPC845.a(Rgb.o)
 .debug_ranges  0x00000880       0x60 G:\My Drive\MisArchivos\UTN\Informatica II\C\Librerias\infotroniclibrary_lpc845\Debug_Stick_LPC845\libInfotronicLibrary_LPC845.a(Gpio.o)
 .debug_ranges  0x000008e0       0x30 G:\My Drive\MisArchivos\UTN\Informatica II\C\Librerias\infotroniclibrary_lpc845\Debug_Stick_LPC845\libInfotronicLibrary_LPC845.a(Pin.o)
 .debug_ranges  0x00000910       0x38 G:\My Drive\MisArchivos\UTN\Informatica II\C\Librerias\infotroniclibrary_lpc845\Debug_Stick_LPC845\libInfotronicLibrary_LPC845.a(Keyboard.o)
 .debug_ranges  0x00000948       0x10 G:\My Drive\MisArchivos\UTN\Informatica II\C\Librerias\infotroniclibrary_lpc845\Debug_Stick_LPC845\libInfotronicLibrary_LPC845.a(Debug.o)
 .debug_ranges  0x00000958       0x28 G:\My Drive\MisArchivos\UTN\Informatica II\C\Librerias\infotroniclibrary_lpc845\Debug_Stick_LPC845\libInfotronicLibrary_LPC845.a(StandardKeyboardDriver.o)
 .debug_ranges  0x00000980       0x28 G:\My Drive\MisArchivos\UTN\Informatica II\C\Librerias\infotroniclibrary_lpc845\Debug_Stick_LPC845\libInfotronicLibrary_LPC845.a(MatrixKeyboardDriver.o)

.debug_macro    0x00000000    0x1165e
 .debug_macro   0x00000000       0x32 ./startup/startup_lpc845.o
 .debug_macro   0x00000032      0xa7e ./startup/startup_lpc845.o
 .debug_macro   0x00000ab0       0x34 ./startup/startup_lpc845.o
 .debug_macro   0x00000ae4      0x223 ./source/main.o
 .debug_macro   0x00000d07       0x10 ./source/main.o
 .debug_macro   0x00000d17      0x12e ./source/main.o
 .debug_macro   0x00000e45       0xd8 ./source/main.o
 .debug_macro   0x00000f1d       0x22 ./source/main.o
 .debug_macro   0x00000f3f      0x5b3 ./source/main.o
 .debug_macro   0x000014f2       0xd6 ./source/main.o
 .debug_macro   0x000015c8       0x16 ./source/main.o
 .debug_macro   0x000015de       0x1c ./source/main.o
 .debug_macro   0x000015fa       0x1c ./source/main.o
 .debug_macro   0x00001616      0x400 ./source/main.o
 .debug_macro   0x00001a16       0x16 ./source/main.o
 .debug_macro   0x00001a2c       0x6a ./source/main.o
 .debug_macro   0x00001a96       0x40 ./source/main.o
 .debug_macro   0x00001ad6       0x16 ./source/main.o
 .debug_macro   0x00001aec       0x22 ./source/main.o
 .debug_macro   0x00001b0e       0x10 ./source/main.o
 .debug_macro   0x00001b1e       0x3f ./source/main.o
 .debug_macro   0x00001b5d       0x1c ./source/main.o
 .debug_macro   0x00001b79       0x22 ./source/main.o
 .debug_macro   0x00001b9b       0xd1 ./source/main.o
 .debug_macro   0x00001c6c      0x3ad ./source/main.o
 .debug_macro   0x00002019       0x22 ./source/main.o
 .debug_macro   0x0000203b     0x58a3 ./source/main.o
 .debug_macro   0x000078de      0x208 ./source/main.o
 .debug_macro   0x00007ae6       0x7a ./source/main.o
 .debug_macro   0x00007b60       0x8f ./source/main.o
 .debug_macro   0x00007bef      0x125 ./source/main.o
 .debug_macro   0x00007d14       0x81 ./source/main.o
 .debug_macro   0x00007d95       0x10 ./source/main.o
 .debug_macro   0x00007da5       0x2e ./source/main.o
 .debug_macro   0x00007dd3       0x10 ./source/main.o
 .debug_macro   0x00007de3       0xf4 ./source/main.o
 .debug_macro   0x00007ed7       0x52 ./source/main.o