C:\Users\matuz\git\eid-infoii\LPC845_EID\drivers/fsl_clock.h:580:20:CLOCK_Select	16	static
C:\Users\matuz\git\eid-infoii\LPC845_EID\drivers/fsl_clock.h:612:20:CLOCK_SetCoreSysClkDiv	16	static
C:\Users\matuz\git\eid-infoii\LPC845_EID\drivers/fsl_clock.h:836:20:CLOCK_SetFroOscFreq	16	static
C:\Users\matuz\git\eid-infoii\LPC845_EID\drivers/fsl_power.h:153:20:POWER_DisablePD	16	static
../board/clock_config.c:45:6:BOARD_InitBootClocks	8	static
../board/clock_config.c:80:6:BOARD_BootClockFRO18M	8	static
../board/clock_config.c:125:6:BOARD_BootClockFRO24M	8	static
../board/clock_config.c:168:6:BOARD_BootClockFRO30M	8	static
../board/clock_config.c:214:6:BOARD_BootClockPll24M	16	static
