../funciones/MainMe.c:92:6:MainMe_Update	8	static
../funciones/MainMe.c:152:13:ResetState	8	static
../funciones/MainMe.c:162:13:C_GetPk	8	static
../funciones/MainMe.c:170:13:C_SendPk	40	static
../funciones/MainMe.c:186:13:C_PostSessionKey	32	static
../funciones/MainMe.c:207:13:C_PostPing	40	static
../funciones/MainMe.c:227:13:C_Auth	16	static
../funciones/MainMe.c:250:13:C_AuthPostNewHash	24	static
../funciones/MainMe.c:271:13:C_CreateSignature	32	static
../funciones/MainMe.c:291:13:C_LoadKey	48	static
../funciones/MainMe.c:313:13:C_DeleteKey	8	static
../funciones/MainMe.c:325:13:C_LoadContact	48	static
../funciones/MainMe.c:347:13:C_DeleteContact	8	static
../funciones/MainMe.c:359:13:C_NewKey	16	static
../funciones/MainMe.c:368:13:C_NewContact	16	static
../funciones/MainMe.c:377:13:C_EndSession	8	static
